[0.577s] Invoking command in '/home/chrisrvt/projects/Implementation_of_Intelligent_Robotics/mobile_land_robots/src/coppelia_sim_ros2': PYTHONPATH=/home/chrisrvt/projects/Implementation_of_Intelligent_Robotics/mobile_land_robots/build/coppelia_sim_ros2/prefix_override:/usr/lib/python3/dist-packages/colcon_core/task/python/colcon_distutils_commands:/home/chrisrvt/projects/Implementation_of_Intelligent_Robotics/mobile_land_robots/install/coppelia_sim_ros2/lib/python3.10/site-packages:${PYTHONPATH} /usr/bin/python3 -W ignore:setup.py install is deprecated -W ignore:easy_install command is deprecated setup.py egg_info --egg-base ../../build/coppelia_sim_ros2 build --build-base /home/chrisrvt/projects/Implementation_of_Intelligent_Robotics/mobile_land_robots/build/coppelia_sim_ros2/build install --record /home/chrisrvt/projects/Implementation_of_Intelligent_Robotics/mobile_land_robots/build/coppelia_sim_ros2/install.log --single-version-externally-managed install_data
[0.744s] running egg_info
[0.753s] writing ../../build/coppelia_sim_ros2/coppelia_sim_ros2.egg-info/PKG-INFO
[0.754s] writing dependency_links to ../../build/coppelia_sim_ros2/coppelia_sim_ros2.egg-info/dependency_links.txt
[0.754s] writing requirements to ../../build/coppelia_sim_ros2/coppelia_sim_ros2.egg-info/requires.txt
[0.754s] writing top-level names to ../../build/coppelia_sim_ros2/coppelia_sim_ros2.egg-info/top_level.txt
[0.774s] reading manifest file '../../build/coppelia_sim_ros2/coppelia_sim_ros2.egg-info/SOURCES.txt'
[0.775s] writing manifest file '../../build/coppelia_sim_ros2/coppelia_sim_ros2.egg-info/SOURCES.txt'
[0.775s] running build
[0.775s] running build_py
[0.775s] copying coppelia_sim_ros2/__init__.py -> /home/chrisrvt/projects/Implementation_of_Intelligent_Robotics/mobile_land_robots/build/coppelia_sim_ros2/build/lib/coppelia_sim_ros2
[0.775s] running install
[0.779s] running install_lib
[0.789s] running install_data
[0.789s] copying resource/coppelia_sim_ros2 -> /home/chrisrvt/projects/Implementation_of_Intelligent_Robotics/mobile_land_robots/install/coppelia_sim_ros2/share/ament_index/resource_index/packages
[0.789s] copying package.xml -> /home/chrisrvt/projects/Implementation_of_Intelligent_Robotics/mobile_land_robots/install/coppelia_sim_ros2/share/coppelia_sim_ros2
[0.789s] running install_egg_info
[0.800s] removing '/home/chrisrvt/projects/Implementation_of_Intelligent_Robotics/mobile_land_robots/install/coppelia_sim_ros2/lib/python3.10/site-packages/coppelia_sim_ros2-0.0.0-py3.10.egg-info' (and everything under it)
[0.800s] Copying ../../build/coppelia_sim_ros2/coppelia_sim_ros2.egg-info to /home/chrisrvt/projects/Implementation_of_Intelligent_Robotics/mobile_land_robots/install/coppelia_sim_ros2/lib/python3.10/site-packages/coppelia_sim_ros2-0.0.0-py3.10.egg-info
[0.801s] running install_scripts
[0.891s] writing list of installed files to '/home/chrisrvt/projects/Implementation_of_Intelligent_Robotics/mobile_land_robots/build/coppelia_sim_ros2/install.log'
