running egg_info
creating ../../build/coppelia_sim_ros2/coppelia_sim_ros2.egg-info
writing ../../build/coppelia_sim_ros2/coppelia_sim_ros2.egg-info/PKG-INFO
writing dependency_links to ../../build/coppelia_sim_ros2/coppelia_sim_ros2.egg-info/dependency_links.txt
writing requirements to ../../build/coppelia_sim_ros2/coppelia_sim_ros2.egg-info/requires.txt
writing top-level names to ../../build/coppelia_sim_ros2/coppelia_sim_ros2.egg-info/top_level.txt
writing manifest file '../../build/coppelia_sim_ros2/coppelia_sim_ros2.egg-info/SOURCES.txt'
reading manifest file '../../build/coppelia_sim_ros2/coppelia_sim_ros2.egg-info/SOURCES.txt'
writing manifest file '../../build/coppelia_sim_ros2/coppelia_sim_ros2.egg-info/SOURCES.txt'
running build
running build_py
creating /home/chrisrvt/projects/Implementation_of_Intelligent_Robotics/mobile_land_robots/build/coppelia_sim_ros2/build
creating /home/chrisrvt/projects/Implementation_of_Intelligent_Robotics/mobile_land_robots/build/coppelia_sim_ros2/build/lib
creating /home/chrisrvt/projects/Implementation_of_Intelligent_Robotics/mobile_land_robots/build/coppelia_sim_ros2/build/lib/coppelia_sim_ros2
copying coppelia_sim_ros2/__init__.py -> /home/chrisrvt/projects/Implementation_of_Intelligent_Robotics/mobile_land_robots/build/coppelia_sim_ros2/build/lib/coppelia_sim_ros2
running install
running install_lib
creating /home/chrisrvt/projects/Implementation_of_Intelligent_Robotics/mobile_land_robots/install/coppelia_sim_ros2/lib/python3.10/site-packages/coppelia_sim_ros2
copying /home/chrisrvt/projects/Implementation_of_Intelligent_Robotics/mobile_land_robots/build/coppelia_sim_ros2/build/lib/coppelia_sim_ros2/__init__.py -> /home/chrisrvt/projects/Implementation_of_Intelligent_Robotics/mobile_land_robots/install/coppelia_sim_ros2/lib/python3.10/site-packages/coppelia_sim_ros2
byte-compiling /home/chrisrvt/projects/Implementation_of_Intelligent_Robotics/mobile_land_robots/install/coppelia_sim_ros2/lib/python3.10/site-packages/coppelia_sim_ros2/__init__.py to __init__.cpython-310.pyc
running install_data
creating /home/chrisrvt/projects/Implementation_of_Intelligent_Robotics/mobile_land_robots/install/coppelia_sim_ros2/share/ament_index
creating /home/chrisrvt/projects/Implementation_of_Intelligent_Robotics/mobile_land_robots/install/coppelia_sim_ros2/share/ament_index/resource_index
creating /home/chrisrvt/projects/Implementation_of_Intelligent_Robotics/mobile_land_robots/install/coppelia_sim_ros2/share/ament_index/resource_index/packages
copying resource/coppelia_sim_ros2 -> /home/chrisrvt/projects/Implementation_of_Intelligent_Robotics/mobile_land_robots/install/coppelia_sim_ros2/share/ament_index/resource_index/packages
copying package.xml -> /home/chrisrvt/projects/Implementation_of_Intelligent_Robotics/mobile_land_robots/install/coppelia_sim_ros2/share/coppelia_sim_ros2
running install_egg_info
Copying ../../build/coppelia_sim_ros2/coppelia_sim_ros2.egg-info to /home/chrisrvt/projects/Implementation_of_Intelligent_Robotics/mobile_land_robots/install/coppelia_sim_ros2/lib/python3.10/site-packages/coppelia_sim_ros2-0.0.0-py3.10.egg-info
running install_scripts
writing list of installed files to '/home/chrisrvt/projects/Implementation_of_Intelligent_Robotics/mobile_land_robots/build/coppelia_sim_ros2/install.log'
