[0.150s] Invoking command in '/home/chrisrvt/projects/Implementation_of_Intelligent_Robotics/mobile_land_robots/build/ros2_bubble_rob': CMAKE_PREFIX_PATH=${CMAKE_PREFIX_PATH}:/home/chrisrvt/projects/Implementation_of_Intelligent_Robotics/mobile_land_robots/install/coppelia_sim_ros2:/home/chrisrvt/projects/Implementation_of_Intelligent_Robotics/challenge/install/puzzlebot_control:/home/chrisrvt/projects/Implementation_of_Intelligent_Robotics/challenge/install/motor_control:/home/chrisrvt/projects/Implementation_of_Intelligent_Robotics/challenge/install/differential_drive:/opt/ros/humble PS1=(intelligent_robotics__venv) \[\e]0;\u@\h: \w\a\]${debian_chroot:+($debian_chroot)}\[\033[01;32m\]\u@\h\[\033[00m\]:\[\033[01;34m\]\w\[\033[00m\]\$ VIRTUAL_ENV_PROMPT=(intelligent_robotics__venv) /opt/st/stm32cubeclt_1.18.0/CMake/bin/cmake --build /home/chrisrvt/projects/Implementation_of_Intelligent_Robotics/mobile_land_robots/build/ros2_bubble_rob -- -j20 -l20
[0.174s] -- Found ament_cmake: 1.3.11 (/opt/ros/humble/share/ament_cmake/cmake)
[0.298s] -- Override CMake install command with custom implementation using symlinks instead of copying resources
[0.307s] -- Found rclcpp: 16.0.12 (/opt/ros/humble/share/rclcpp/cmake)
[0.337s] -- Found rosidl_generator_c: 3.1.6 (/opt/ros/humble/share/rosidl_generator_c/cmake)
[0.339s] -- Found rosidl_adapter: 3.1.6 (/opt/ros/humble/share/rosidl_adapter/cmake)
[0.346s] -- Found rosidl_generator_cpp: 3.1.6 (/opt/ros/humble/share/rosidl_generator_cpp/cmake)
[0.356s] -- Using all available rosidl_typesupport_c: rosidl_typesupport_fastrtps_c;rosidl_typesupport_introspection_c
[0.369s] -- Using all available rosidl_typesupport_cpp: rosidl_typesupport_fastrtps_cpp;rosidl_typesupport_introspection_cpp
[0.403s] -- Found rmw_implementation_cmake: 6.1.2 (/opt/ros/humble/share/rmw_implementation_cmake/cmake)
[0.405s] -- Found rmw_fastrtps_cpp: 6.2.7 (/opt/ros/humble/share/rmw_fastrtps_cpp/cmake)
[0.507s] -- Using RMW implementation 'rmw_fastrtps_cpp' as default
[0.564s] -- Found ament_lint_auto: 0.12.12 (/opt/ros/humble/share/ament_lint_auto/cmake)
[0.633s] -- Added test 'copyright' to check source files copyright and LICENSE
[0.634s] -- Added test 'cppcheck' to perform static code analysis on C / C++ code
[0.634s] -- Configured cppcheck include dirs: $<BUILD_INTERFACE:/home/chrisrvt/projects/Implementation_of_Intelligent_Robotics/mobile_land_robots/src/ros2_bubble_rob/include>
[0.634s] -- Configured cppcheck exclude dirs and/or files: 
[0.634s] -- Added test 'cpplint' to check C / C++ code against the Google style
[0.634s] -- Configured cpplint exclude dirs and/or files: 
[0.635s] -- Added test 'lint_cmake' to check CMake code style
[0.635s] -- Added test 'uncrustify' to check C / C++ code style
[0.635s] -- Configured uncrustify additional arguments: 
[0.636s] -- Added test 'xmllint' to check XML markup files
[0.636s] -- Configuring done (0.5s)
[0.643s] -- Generating done (0.0s)
[0.645s] -- Build files have been written to: /home/chrisrvt/projects/Implementation_of_Intelligent_Robotics/mobile_land_robots/build/ros2_bubble_rob
[0.671s] [ 50%] [32mBuilding CXX object CMakeFiles/ros2BubbleRob.dir/src/ros2BubbleRob.cpp.o[0m
[10.008s] [100%] [32m[1mLinking CXX executable ros2BubbleRob[0m
[10.123s] [100%] Built target ros2BubbleRob
[10.127s] Invoked command in '/home/chrisrvt/projects/Implementation_of_Intelligent_Robotics/mobile_land_robots/build/ros2_bubble_rob' returned '0': CMAKE_PREFIX_PATH=${CMAKE_PREFIX_PATH}:/home/chrisrvt/projects/Implementation_of_Intelligent_Robotics/mobile_land_robots/install/coppelia_sim_ros2:/home/chrisrvt/projects/Implementation_of_Intelligent_Robotics/challenge/install/puzzlebot_control:/home/chrisrvt/projects/Implementation_of_Intelligent_Robotics/challenge/install/motor_control:/home/chrisrvt/projects/Implementation_of_Intelligent_Robotics/challenge/install/differential_drive:/opt/ros/humble PS1=(intelligent_robotics__venv) \[\e]0;\u@\h: \w\a\]${debian_chroot:+($debian_chroot)}\[\033[01;32m\]\u@\h\[\033[00m\]:\[\033[01;34m\]\w\[\033[00m\]\$ VIRTUAL_ENV_PROMPT=(intelligent_robotics__venv) /opt/st/stm32cubeclt_1.18.0/CMake/bin/cmake --build /home/chrisrvt/projects/Implementation_of_Intelligent_Robotics/mobile_land_robots/build/ros2_bubble_rob -- -j20 -l20
[10.128s] Invoking command in '/home/chrisrvt/projects/Implementation_of_Intelligent_Robotics/mobile_land_robots/build/ros2_bubble_rob': CMAKE_PREFIX_PATH=${CMAKE_PREFIX_PATH}:/home/chrisrvt/projects/Implementation_of_Intelligent_Robotics/mobile_land_robots/install/coppelia_sim_ros2:/home/chrisrvt/projects/Implementation_of_Intelligent_Robotics/challenge/install/puzzlebot_control:/home/chrisrvt/projects/Implementation_of_Intelligent_Robotics/challenge/install/motor_control:/home/chrisrvt/projects/Implementation_of_Intelligent_Robotics/challenge/install/differential_drive:/opt/ros/humble PS1=(intelligent_robotics__venv) \[\e]0;\u@\h: \w\a\]${debian_chroot:+($debian_chroot)}\[\033[01;32m\]\u@\h\[\033[00m\]:\[\033[01;34m\]\w\[\033[00m\]\$ VIRTUAL_ENV_PROMPT=(intelligent_robotics__venv) /opt/st/stm32cubeclt_1.18.0/CMake/bin/cmake --install /home/chrisrvt/projects/Implementation_of_Intelligent_Robotics/mobile_land_robots/build/ros2_bubble_rob
[10.130s] -- Install configuration: "release"
[10.131s] -- Execute custom install script
[10.131s] -- Up-to-date symlink: /home/chrisrvt/projects/Implementation_of_Intelligent_Robotics/mobile_land_robots/install/ros2_bubble_rob/share/ament_index/resource_index/package_run_dependencies/ros2_bubble_rob
[10.131s] -- Up-to-date symlink: /home/chrisrvt/projects/Implementation_of_Intelligent_Robotics/mobile_land_robots/install/ros2_bubble_rob/share/ament_index/resource_index/parent_prefix_path/ros2_bubble_rob
[10.131s] -- Up-to-date symlink: /home/chrisrvt/projects/Implementation_of_Intelligent_Robotics/mobile_land_robots/install/ros2_bubble_rob/share/ros2_bubble_rob/environment/ament_prefix_path.sh
[10.132s] -- Up-to-date symlink: /home/chrisrvt/projects/Implementation_of_Intelligent_Robotics/mobile_land_robots/install/ros2_bubble_rob/share/ros2_bubble_rob/environment/ament_prefix_path.dsv
[10.132s] -- Up-to-date symlink: /home/chrisrvt/projects/Implementation_of_Intelligent_Robotics/mobile_land_robots/install/ros2_bubble_rob/share/ros2_bubble_rob/environment/path.sh
[10.132s] -- Up-to-date symlink: /home/chrisrvt/projects/Implementation_of_Intelligent_Robotics/mobile_land_robots/install/ros2_bubble_rob/share/ros2_bubble_rob/environment/path.dsv
[10.132s] -- Up-to-date symlink: /home/chrisrvt/projects/Implementation_of_Intelligent_Robotics/mobile_land_robots/install/ros2_bubble_rob/share/ros2_bubble_rob/local_setup.bash
[10.132s] -- Up-to-date symlink: /home/chrisrvt/projects/Implementation_of_Intelligent_Robotics/mobile_land_robots/install/ros2_bubble_rob/share/ros2_bubble_rob/local_setup.sh
[10.133s] -- Up-to-date symlink: /home/chrisrvt/projects/Implementation_of_Intelligent_Robotics/mobile_land_robots/install/ros2_bubble_rob/share/ros2_bubble_rob/local_setup.zsh
[10.133s] -- Up-to-date symlink: /home/chrisrvt/projects/Implementation_of_Intelligent_Robotics/mobile_land_robots/install/ros2_bubble_rob/share/ros2_bubble_rob/local_setup.dsv
[10.133s] -- Symlinking: /home/chrisrvt/projects/Implementation_of_Intelligent_Robotics/mobile_land_robots/install/ros2_bubble_rob/share/ros2_bubble_rob/package.dsv
[10.136s] -- Up-to-date symlink: /home/chrisrvt/projects/Implementation_of_Intelligent_Robotics/mobile_land_robots/install/ros2_bubble_rob/share/ament_index/resource_index/packages/ros2_bubble_rob
[10.136s] -- Up-to-date symlink: /home/chrisrvt/projects/Implementation_of_Intelligent_Robotics/mobile_land_robots/install/ros2_bubble_rob/share/ros2_bubble_rob/cmake/ros2_bubble_robConfig.cmake
[10.136s] -- Up-to-date symlink: /home/chrisrvt/projects/Implementation_of_Intelligent_Robotics/mobile_land_robots/install/ros2_bubble_rob/share/ros2_bubble_rob/cmake/ros2_bubble_robConfig-version.cmake
[10.137s] -- Up-to-date symlink: /home/chrisrvt/projects/Implementation_of_Intelligent_Robotics/mobile_land_robots/install/ros2_bubble_rob/share/ros2_bubble_rob/package.xml
[10.137s] -- Installing: /home/chrisrvt/projects/Implementation_of_Intelligent_Robotics/mobile_land_robots/install/ros2_bubble_rob/lib/ros2_bubble_rob/ros2BubbleRob
[10.139s] -- Set non-toolchain portion of runtime path of "/home/chrisrvt/projects/Implementation_of_Intelligent_Robotics/mobile_land_robots/install/ros2_bubble_rob/lib/ros2_bubble_rob/ros2BubbleRob" to ""
[10.140s] Invoked command in '/home/chrisrvt/projects/Implementation_of_Intelligent_Robotics/mobile_land_robots/build/ros2_bubble_rob' returned '0': CMAKE_PREFIX_PATH=${CMAKE_PREFIX_PATH}:/home/chrisrvt/projects/Implementation_of_Intelligent_Robotics/mobile_land_robots/install/coppelia_sim_ros2:/home/chrisrvt/projects/Implementation_of_Intelligent_Robotics/challenge/install/puzzlebot_control:/home/chrisrvt/projects/Implementation_of_Intelligent_Robotics/challenge/install/motor_control:/home/chrisrvt/projects/Implementation_of_Intelligent_Robotics/challenge/install/differential_drive:/opt/ros/humble PS1=(intelligent_robotics__venv) \[\e]0;\u@\h: \w\a\]${debian_chroot:+($debian_chroot)}\[\033[01;32m\]\u@\h\[\033[00m\]:\[\033[01;34m\]\w\[\033[00m\]\$ VIRTUAL_ENV_PROMPT=(intelligent_robotics__venv) /opt/st/stm32cubeclt_1.18.0/CMake/bin/cmake --install /home/chrisrvt/projects/Implementation_of_Intelligent_Robotics/mobile_land_robots/build/ros2_bubble_rob
