[0.144s] Invoking command in '/home/chrisrvt/projects/Implementation_of_Intelligent_Robotics/mobile_land_robots/build/sim_ros2_interface': CMAKE_PREFIX_PATH=${CMAKE_PREFIX_PATH}:/home/chrisrvt/projects/Implementation_of_Intelligent_Robotics/challenge/install/puzzlebot_control:/home/chrisrvt/projects/Implementation_of_Intelligent_Robotics/challenge/install/motor_control:/home/chrisrvt/projects/Implementation_of_Intelligent_Robotics/challenge/install/differential_drive:/opt/ros/humble /opt/st/stm32cubeclt_1.18.0/CMake/bin/cmake /home/chrisrvt/projects/Implementation_of_Intelligent_Robotics/mobile_land_robots/src/simROS2 -DCMAKE_INSTALL_PREFIX=/home/chrisrvt/projects/Implementation_of_Intelligent_Robotics/mobile_land_robots/install/sim_ros2_interface
[0.149s] -- Found ament_cmake: 1.3.11 (/opt/ros/humble/share/ament_cmake/cmake)
[0.296s] -- Found ament_cmake_ros: 0.10.0 (/opt/ros/humble/share/ament_cmake_ros/cmake)
[0.298s] -- Found diagnostic_msgs: 4.8.0 (/opt/ros/humble/share/diagnostic_msgs/cmake)
[0.318s] -- Found rosidl_generator_c: 3.1.6 (/opt/ros/humble/share/rosidl_generator_c/cmake)
[0.320s] -- Found rosidl_adapter: 3.1.6 (/opt/ros/humble/share/rosidl_adapter/cmake)
[0.325s] -- Found rosidl_generator_cpp: 3.1.6 (/opt/ros/humble/share/rosidl_generator_cpp/cmake)
[0.334s] -- Using all available rosidl_typesupport_c: rosidl_typesupport_fastrtps_c;rosidl_typesupport_introspection_c
[0.344s] -- Using all available rosidl_typesupport_cpp: rosidl_typesupport_fastrtps_cpp;rosidl_typesupport_introspection_cpp
[0.378s] -- Found geometry_msgs: 4.8.0 (/opt/ros/humble/share/geometry_msgs/cmake)
[0.390s] -- Found lifecycle_msgs: 1.2.1 (/opt/ros/humble/share/lifecycle_msgs/cmake)
[0.397s] -- Found map_msgs: 2.1.0 (/opt/ros/humble/share/map_msgs/cmake)
[0.451s] -- Found pendulum_msgs: 0.20.5 (/opt/ros/humble/share/pendulum_msgs/cmake)
[0.461s] -- Found rosgraph_msgs: 1.2.1 (/opt/ros/humble/share/rosgraph_msgs/cmake)
[0.471s] -- Found shape_msgs: 4.8.0 (/opt/ros/humble/share/shape_msgs/cmake)
[0.484s] -- Found stereo_msgs: 4.8.0 (/opt/ros/humble/share/stereo_msgs/cmake)
[0.499s] -- Found tf2_geometry_msgs: 0.25.12 (/opt/ros/humble/share/tf2_geometry_msgs/cmake)
[0.502s] -- Found eigen3_cmake_module: 0.1.1 (/opt/ros/humble/share/eigen3_cmake_module/cmake)
[0.503s] -- Ensuring Eigen3 include directory is part of orocos-kdl CMake target
[0.549s] -- Found rmw_implementation_cmake: 6.1.2 (/opt/ros/humble/share/rmw_implementation_cmake/cmake)
[0.550s] -- Found rmw_fastrtps_cpp: 6.2.7 (/opt/ros/humble/share/rmw_fastrtps_cpp/cmake)
[0.637s] -- Using RMW implementation 'rmw_fastrtps_cpp' as default
[0.720s] -- Found trajectory_msgs: 4.8.0 (/opt/ros/humble/share/trajectory_msgs/cmake)
[0.736s] -- Found visualization_msgs: 4.8.0 (/opt/ros/humble/share/visualization_msgs/cmake)
[0.755s] -- Found std_srvs: 4.8.0 (/opt/ros/humble/share/std_srvs/cmake)
[0.763s] -- Found example_interfaces: 0.9.3 (/opt/ros/humble/share/example_interfaces/cmake)
[0.776s] -- Found image_transport: 3.1.11 (/opt/ros/humble/share/image_transport/cmake)
[0.790s] -- CoppeliaSim: COPPELIASIM_INCLUDE_DIR: /home/chrisrvt/CoppeliaSim_Edu_V4_9_0_rev6_Ubuntu22_04/programming/include
[0.790s] -- CoppeliaSim: COPPELIASIM_ROOT_DIR: /home/chrisrvt/CoppeliaSim_Edu_V4_9_0_rev6_Ubuntu22_04
[0.791s] -- Checking CoppeliaSim header version...
[1.018s] -- CoppeliaSim headers version 4.9.0 rev6
[1.019s] -- CoppeliaSim: COPPELIASIM_RESOURCES_DIR: /home/chrisrvt/CoppeliaSim_Edu_V4_9_0_rev6_Ubuntu22_04
[1.019s] -- CoppeliaSim: COPPELIASIM_PLUGINS_DIR: /home/chrisrvt/CoppeliaSim_Edu_V4_9_0_rev6_Ubuntu22_04
[1.019s] -- CoppeliaSim: COPPELIASIM_EXECUTABLES_DIR: /home/chrisrvt/CoppeliaSim_Edu_V4_9_0_rev6_Ubuntu22_04
[1.019s] -- CoppeliaSim: COPPELIASIM_LIBRARIES_DIR: /home/chrisrvt/CoppeliaSim_Edu_V4_9_0_rev6_Ubuntu22_04
[1.019s] -- CoppeliaSim: COPPELIASIM_ADDONS_DIR: /home/chrisrvt/CoppeliaSim_Edu_V4_9_0_rev6_Ubuntu22_04/addOns
[1.019s] -- CoppeliaSim: COPPELIASIM_MANUAL_DIR: /home/chrisrvt/CoppeliaSim_Edu_V4_9_0_rev6_Ubuntu22_04/manual
[1.019s] -- CoppeliaSim: COPPELIASIM_MODELS_DIR: /home/chrisrvt/CoppeliaSim_Edu_V4_9_0_rev6_Ubuntu22_04/models
[1.019s] -- CoppeliaSim: COPPELIASIM_SCENES_DIR: /home/chrisrvt/CoppeliaSim_Edu_V4_9_0_rev6_Ubuntu22_04/scenes
[1.019s] -- CoppeliaSim: COPPELIASIM_LUA_DIR: /home/chrisrvt/CoppeliaSim_Edu_V4_9_0_rev6_Ubuntu22_04/lua
[1.019s] -- CoppeliaSim: COPPELIASIM_PYTHON_DIR: /home/chrisrvt/CoppeliaSim_Edu_V4_9_0_rev6_Ubuntu22_04/python
[1.019s] -- CoppeliaSim: COPPELIASIM_EXECUTABLE: /home/chrisrvt/CoppeliaSim_Edu_V4_9_0_rev6_Ubuntu22_04/coppeliaSim
[1.036s] -- Found Boost: /usr/lib/x86_64-linux-gnu/cmake/Boost-1.74.0/BoostConfig.cmake (found version "1.74.0") found components: regex 
[1.046s] -- Found Git: /usr/bin/git (found version "2.34.1") 
[1.176s] -- Found Boost: /usr/lib/x86_64-linux-gnu/cmake/Boost-1.74.0/BoostConfig.cmake (found version "1.74.0")  
[1.177s] -- Adding simStubsGen command...
[1.288s] -- Reading plugin metadata...
[1.326s] warning: missing python package "xmlschema"; input file callbacks.xml will not be validated.
[1.350s] warning: missing python package "xmlschema"; input file callbacks.xml will not be validated.
[1.359s] -- Plugin: simROS2
[1.430s] -- Configuring done (1.3s)
[1.449s] -- Generating done (0.0s)
[1.453s] -- Build files have been written to: /home/chrisrvt/projects/Implementation_of_Intelligent_Robotics/mobile_land_robots/build/sim_ros2_interface
[1.461s] Invoked command in '/home/chrisrvt/projects/Implementation_of_Intelligent_Robotics/mobile_land_robots/build/sim_ros2_interface' returned '0': CMAKE_PREFIX_PATH=${CMAKE_PREFIX_PATH}:/home/chrisrvt/projects/Implementation_of_Intelligent_Robotics/challenge/install/puzzlebot_control:/home/chrisrvt/projects/Implementation_of_Intelligent_Robotics/challenge/install/motor_control:/home/chrisrvt/projects/Implementation_of_Intelligent_Robotics/challenge/install/differential_drive:/opt/ros/humble /opt/st/stm32cubeclt_1.18.0/CMake/bin/cmake /home/chrisrvt/projects/Implementation_of_Intelligent_Robotics/mobile_land_robots/src/simROS2 -DCMAKE_INSTALL_PREFIX=/home/chrisrvt/projects/Implementation_of_Intelligent_Robotics/mobile_land_robots/install/sim_ros2_interface
[1.461s] Invoking command in '/home/chrisrvt/projects/Implementation_of_Intelligent_Robotics/mobile_land_robots/build/sim_ros2_interface': CMAKE_PREFIX_PATH=${CMAKE_PREFIX_PATH}:/home/chrisrvt/projects/Implementation_of_Intelligent_Robotics/challenge/install/puzzlebot_control:/home/chrisrvt/projects/Implementation_of_Intelligent_Robotics/challenge/install/motor_control:/home/chrisrvt/projects/Implementation_of_Intelligent_Robotics/challenge/install/differential_drive:/opt/ros/humble /opt/st/stm32cubeclt_1.18.0/CMake/bin/cmake --build /home/chrisrvt/projects/Implementation_of_Intelligent_Robotics/mobile_land_robots/build/sim_ros2_interface -- -j20 -l20
[1.488s] [  2%] [34m[1mGenerating generated/actcli_cancelLastGoal.cpp[0m
[1.489s] [  5%] [34m[1mGenerating generated/actcli_del.cpp[0m
[1.489s] [  7%] [34m[1mGenerating generated/actcli_sendGoal.cpp[0m
[1.489s] [ 10%] [34m[1mGenerating generated/actcli_new.cpp[0m
[1.490s] [ 12%] [34m[1mGenerating generated/actsrv_action_canceled.cpp[0m
[1.490s] [ 15%] [34m[1mGenerating generated/actsrv_action_abort.cpp[0m
[1.490s] [ 17%] [34m[1mGenerating generated/actsrv_action_execute.cpp[0m
[1.491s] [ 20%] [34m[1mGenerating generated/actsrv_action_is_canceling.cpp[0m
[1.491s] [ 22%] [34m[1mGenerating generated/actsrv_action_is_active.cpp[0m
[1.493s] [ 25%] [34m[1mGenerating generated/actsrv_action_is_executing.cpp[0m
[1.494s] [ 27%] [34m[1mGenerating generated/actsrv_action_publish_feedback.cpp[0m
[1.495s] [ 30%] [34m[1mGenerating generated/actsrv_action_succeed.cpp[0m
[1.496s] [ 35%] [34m[1mGenerating generated/actsrv_del.cpp[0m
[1.496s] [ 35%] [34m[1mGenerating generated/actsrv_new.cpp[0m
[1.497s] [ 37%] [34m[1mGenerating generated/callbacks.cpp[0m
[1.498s] [ 40%] [34m[1mGenerating generated/callbacks.h[0m
[1.498s] [ 42%] [34m[1mGenerating generated/cli_call.cpp[0m
[1.498s] [ 45%] [34m[1mGenerating generated/cli_del.cpp[0m
[1.498s] [ 47%] [34m[1mGenerating generated/cli_new.cpp[0m
[1.506s] [ 50%] [34m[1mGenerating generated/cli_wait.cpp[0m
[1.886s] [ 60%] [34m[1mGenerating generated/if_list.cpp[0m
[1.887s] [ 60%] [34m[1mGenerating generated/pub_del.cpp[0m
[1.887s] [ 60%] [34m[1mGenerating generated/if_new.cpp[0m
[1.887s] [ 60%] [34m[1mGenerating generated/if_const.cpp[0m
[1.887s] [ 62%] [34m[1mGenerating generated/pub_new.cpp[0m
[1.891s] [ 65%] [34m[1mGenerating generated/pub_publish.cpp[0m
[1.897s] [ 67%] [34m[1mGenerating generated/srv_del.cpp[0m
[1.899s] [ 70%] [34m[1mGenerating generated/srv_new.cpp[0m
[1.900s] [ 72%] [34m[1mGenerating generated/sub_del.cpp[0m
[1.900s] [ 75%] [34m[1mGenerating generated/sub_new.cpp[0m
[2.178s] [ 75%] Built target generate_ros_code
[2.181s] [ 77%] [34m[1mGenerating generated/stubs.cpp, generated/stubs.h, generated/plugin.h, generated/stubsPlusPlus.cpp, generated/index.json, generated/reference.html, generated/typecheck.lua[0m
[2.205s] /home/chrisrvt/CoppeliaSim_Edu_V4_9_0_rev6_Ubuntu22_04/programming/include/simStubsGen/generate.py --verbose --xml-file /home/chrisrvt/projects/Implementation_of_Intelligent_Robotics/mobile_land_robots/src/simROS2/meta/callbacks.xml --gen-all /home/chrisrvt/projects/Implementation_of_Intelligent_Robotics/mobile_land_robots/build/sim_ros2_interface/generated --lua-file /home/chrisrvt/projects/Implementation_of_Intelligent_Robotics/mobile_land_robots/src/simROS2/lua/simROS2.lua
[2.206s] warning: missing python package "xmlschema"; input file callbacks.xml will not be validated.
[2.208s] /usr/bin/python3 /home/chrisrvt/CoppeliaSim_Edu_V4_9_0_rev6_Ubuntu22_04/programming/include/simStubsGen/generate_lua_xml.py /home/chrisrvt/projects/Implementation_of_Intelligent_Robotics/mobile_land_robots/src/simROS2/meta/callbacks.xml /home/chrisrvt/projects/Implementation_of_Intelligent_Robotics/mobile_land_robots/src/simROS2/lua/simROS2.lua /home/chrisrvt/projects/Implementation_of_Intelligent_Robotics/mobile_land_robots/build/sim_ros2_interface/generated/lua.xml
[2.233s] warning: missing python package "xmlschema"; input file callbacks.xml will not be validated.
[2.238s] /usr/bin/python3 /home/chrisrvt/CoppeliaSim_Edu_V4_9_0_rev6_Ubuntu22_04/programming/include/simStubsGen/merge_xml.py /home/chrisrvt/projects/Implementation_of_Intelligent_Robotics/mobile_land_robots/src/simROS2/meta/callbacks.xml /home/chrisrvt/projects/Implementation_of_Intelligent_Robotics/mobile_land_robots/build/sim_ros2_interface/generated/lua.xml /home/chrisrvt/projects/Implementation_of_Intelligent_Robotics/mobile_land_robots/build/sim_ros2_interface/generated/reference.xml
[2.263s] xsltproc -o /home/chrisrvt/projects/Implementation_of_Intelligent_Robotics/mobile_land_robots/build/sim_ros2_interface/generated/reference.html /home/chrisrvt/CoppeliaSim_Edu_V4_9_0_rev6_Ubuntu22_04/programming/include/simStubsGen/xsl/reference.xsl /home/chrisrvt/projects/Implementation_of_Intelligent_Robotics/mobile_land_robots/build/sim_ros2_interface/generated/reference.xml
[2.286s] /usr/bin/python3 /home/chrisrvt/CoppeliaSim_Edu_V4_9_0_rev6_Ubuntu22_04/programming/include/simStubsGen/generate_lua_typechecker.py /home/chrisrvt/projects/Implementation_of_Intelligent_Robotics/mobile_land_robots/src/simROS2/meta/callbacks.xml /home/chrisrvt/projects/Implementation_of_Intelligent_Robotics/mobile_land_robots/src/simROS2/lua/simROS2.lua /home/chrisrvt/projects/Implementation_of_Intelligent_Robotics/mobile_land_robots/build/sim_ros2_interface/generated/lua.xml /home/chrisrvt/projects/Implementation_of_Intelligent_Robotics/mobile_land_robots/build/sim_ros2_interface/generated/typecheck.lua
[2.316s] warning: missing python package "xmlschema"; input file callbacks.xml will not be validated.
[2.319s] warning: missing python package "xmlschema"; input file lua.xml will not be validated.
[2.322s] /usr/bin/python3 /home/chrisrvt/CoppeliaSim_Edu_V4_9_0_rev6_Ubuntu22_04/programming/include/simStubsGen/generate_api_index.py /home/chrisrvt/projects/Implementation_of_Intelligent_Robotics/mobile_land_robots/build/sim_ros2_interface/generated/reference.xml /home/chrisrvt/projects/Implementation_of_Intelligent_Robotics/mobile_land_robots/build/sim_ros2_interface/generated/index.json
[2.347s] warning: missing python package "xmlschema"; input file reference.xml will not be validated.
[2.352s] /usr/bin/python3 /home/chrisrvt/CoppeliaSim_Edu_V4_9_0_rev6_Ubuntu22_04/programming/include/simStubsGen/generate_ce.py /home/chrisrvt/projects/Implementation_of_Intelligent_Robotics/mobile_land_robots/build/sim_ros2_interface/generated/reference.xml /home/chrisrvt/projects/Implementation_of_Intelligent_Robotics/mobile_land_robots/build/sim_ros2_interface/generated/ce.lua
[2.375s] warning: missing python package "xmlschema"; input file reference.xml will not be validated.
[2.380s] /usr/bin/python3 /home/chrisrvt/CoppeliaSim_Edu_V4_9_0_rev6_Ubuntu22_04/programming/include/simStubsGen/external/pycpp/pycpp.py -p xml_file=/home/chrisrvt/projects/Implementation_of_Intelligent_Robotics/mobile_land_robots/src/simROS2/meta/callbacks.xml -P /home/chrisrvt/CoppeliaSim_Edu_V4_9_0_rev6_Ubuntu22_04/programming/include/simStubsGen -i /home/chrisrvt/CoppeliaSim_Edu_V4_9_0_rev6_Ubuntu22_04/programming/include/simStubsGen/cpp/stubs.cpp -o /home/chrisrvt/projects/Implementation_of_Intelligent_Robotics/mobile_land_robots/build/sim_ros2_interface/generated/stubs.cpp
[2.417s] warning: missing python package "xmlschema"; input file callbacks.xml will not be validated.
[2.425s] /usr/bin/python3 /home/chrisrvt/CoppeliaSim_Edu_V4_9_0_rev6_Ubuntu22_04/programming/include/simStubsGen/external/pycpp/pycpp.py -p xml_file=/home/chrisrvt/projects/Implementation_of_Intelligent_Robotics/mobile_land_robots/src/simROS2/meta/callbacks.xml -P /home/chrisrvt/CoppeliaSim_Edu_V4_9_0_rev6_Ubuntu22_04/programming/include/simStubsGen -i /home/chrisrvt/CoppeliaSim_Edu_V4_9_0_rev6_Ubuntu22_04/programming/include/simStubsGen/cpp/stubs.h -o /home/chrisrvt/projects/Implementation_of_Intelligent_Robotics/mobile_land_robots/build/sim_ros2_interface/generated/stubs.h
[2.447s] warning: missing python package "xmlschema"; input file callbacks.xml will not be validated.
[2.453s] /usr/bin/python3 /home/chrisrvt/CoppeliaSim_Edu_V4_9_0_rev6_Ubuntu22_04/programming/include/simStubsGen/external/pycpp/pycpp.py -p xml_file=/home/chrisrvt/projects/Implementation_of_Intelligent_Robotics/mobile_land_robots/src/simROS2/meta/callbacks.xml -P /home/chrisrvt/CoppeliaSim_Edu_V4_9_0_rev6_Ubuntu22_04/programming/include/simStubsGen -i /home/chrisrvt/CoppeliaSim_Edu_V4_9_0_rev6_Ubuntu22_04/programming/include/simStubsGen/cpp/plugin.h -o /home/chrisrvt/projects/Implementation_of_Intelligent_Robotics/mobile_land_robots/build/sim_ros2_interface/generated/plugin.h
[2.476s] warning: missing python package "xmlschema"; input file callbacks.xml will not be validated.
[2.481s] /usr/bin/python3 /home/chrisrvt/CoppeliaSim_Edu_V4_9_0_rev6_Ubuntu22_04/programming/include/simStubsGen/external/pycpp/pycpp.py -p xml_file=/home/chrisrvt/projects/Implementation_of_Intelligent_Robotics/mobile_land_robots/src/simROS2/meta/callbacks.xml -P /home/chrisrvt/CoppeliaSim_Edu_V4_9_0_rev6_Ubuntu22_04/programming/include/simStubsGen -i /home/chrisrvt/CoppeliaSim_Edu_V4_9_0_rev6_Ubuntu22_04/programming/include/simStubsGen/cpp/stubsPlusPlus.cpp -o /home/chrisrvt/projects/Implementation_of_Intelligent_Robotics/mobile_land_robots/build/sim_ros2_interface/generated/stubsPlusPlus.cpp
[2.504s] warning: missing python package "xmlschema"; input file callbacks.xml will not be validated.
[2.523s] [ 82%] [32mBuilding CXX object CMakeFiles/simROS2.dir/generated/stubs.cpp.o[0m
[2.524s] [ 85%] [32mBuilding CXX object CMakeFiles/simROS2.dir/home/chrisrvt/CoppeliaSim_Edu_V4_9_0_rev6_Ubuntu22_04/programming/include/simPlusPlus/Lib.cpp.o[0m
[2.524s] [ 85%] [32mBuilding CXX object CMakeFiles/simROS2.dir/home/chrisrvt/CoppeliaSim_Edu_V4_9_0_rev6_Ubuntu22_04/programming/include/simLib/simLib.cpp.o[0m
[2.524s] [ 87%] [32mBuilding CXX object CMakeFiles/simROS2.dir/src/sim_ros2_interface.cpp.o[0m
[2.524s] [ 90%] [32mBuilding CXX object CMakeFiles/simROS2.dir/home/chrisrvt/CoppeliaSim_Edu_V4_9_0_rev6_Ubuntu22_04/programming/include/simPlusPlus/Plugin.cpp.o[0m
[2.524s] [ 92%] [32mBuilding CXX object CMakeFiles/simROS2.dir/src/ros_msg_builtin_io.cpp.o[0m
[2.525s] [ 95%] [32mBuilding CXX object CMakeFiles/simROS2.dir/generated/callbacks.cpp.o[0m
[78.465s] [ 97%] [32m[1mLinking CXX shared library libsimROS2.so[0m
[85.659s] [100%] Built target simROS2
[85.664s] Invoked command in '/home/chrisrvt/projects/Implementation_of_Intelligent_Robotics/mobile_land_robots/build/sim_ros2_interface' returned '0': CMAKE_PREFIX_PATH=${CMAKE_PREFIX_PATH}:/home/chrisrvt/projects/Implementation_of_Intelligent_Robotics/challenge/install/puzzlebot_control:/home/chrisrvt/projects/Implementation_of_Intelligent_Robotics/challenge/install/motor_control:/home/chrisrvt/projects/Implementation_of_Intelligent_Robotics/challenge/install/differential_drive:/opt/ros/humble /opt/st/stm32cubeclt_1.18.0/CMake/bin/cmake --build /home/chrisrvt/projects/Implementation_of_Intelligent_Robotics/mobile_land_robots/build/sim_ros2_interface -- -j20 -l20
[85.671s] Invoking command in '/home/chrisrvt/projects/Implementation_of_Intelligent_Robotics/mobile_land_robots/build/sim_ros2_interface': CMAKE_PREFIX_PATH=${CMAKE_PREFIX_PATH}:/home/chrisrvt/projects/Implementation_of_Intelligent_Robotics/challenge/install/puzzlebot_control:/home/chrisrvt/projects/Implementation_of_Intelligent_Robotics/challenge/install/motor_control:/home/chrisrvt/projects/Implementation_of_Intelligent_Robotics/challenge/install/differential_drive:/opt/ros/humble /opt/st/stm32cubeclt_1.18.0/CMake/bin/cmake --install /home/chrisrvt/projects/Implementation_of_Intelligent_Robotics/mobile_land_robots/build/sim_ros2_interface
[85.673s] -- Install configuration: ""
[85.673s] -- Installing: /home/chrisrvt/CoppeliaSim_Edu_V4_9_0_rev6_Ubuntu22_04/lua/simROS2-typecheck.lua
[85.673s] -- Installing: /home/chrisrvt/CoppeliaSim_Edu_V4_9_0_rev6_Ubuntu22_04/lua/simROS2.lua
[85.673s] -- Installing: /home/chrisrvt/CoppeliaSim_Edu_V4_9_0_rev6_Ubuntu22_04/manual/en/simROS2.htm
[85.674s] -- Installing: /home/chrisrvt/CoppeliaSim_Edu_V4_9_0_rev6_Ubuntu22_04/manual/index/simROS2.json
[85.674s] -- Installing: /home/chrisrvt/CoppeliaSim_Edu_V4_9_0_rev6_Ubuntu22_04/lua/simROS2-ce.lua
[85.678s] -- Installing: /home/chrisrvt/CoppeliaSim_Edu_V4_9_0_rev6_Ubuntu22_04/libsimROS2.so
[85.731s] -- Set non-toolchain portion of runtime path of "/home/chrisrvt/CoppeliaSim_Edu_V4_9_0_rev6_Ubuntu22_04/libsimROS2.so" to ""
[85.731s] -- Installing: /home/chrisrvt/projects/Implementation_of_Intelligent_Robotics/mobile_land_robots/install/sim_ros2_interface/share/ament_index/resource_index/package_run_dependencies/sim_ros2_interface
[85.732s] -- Installing: /home/chrisrvt/projects/Implementation_of_Intelligent_Robotics/mobile_land_robots/install/sim_ros2_interface/share/ament_index/resource_index/parent_prefix_path/sim_ros2_interface
[85.732s] -- Installing: /home/chrisrvt/projects/Implementation_of_Intelligent_Robotics/mobile_land_robots/install/sim_ros2_interface/share/sim_ros2_interface/environment/ament_prefix_path.sh
[85.732s] -- Installing: /home/chrisrvt/projects/Implementation_of_Intelligent_Robotics/mobile_land_robots/install/sim_ros2_interface/share/sim_ros2_interface/environment/ament_prefix_path.dsv
[85.732s] -- Installing: /home/chrisrvt/projects/Implementation_of_Intelligent_Robotics/mobile_land_robots/install/sim_ros2_interface/share/sim_ros2_interface/environment/path.sh
[85.732s] -- Installing: /home/chrisrvt/projects/Implementation_of_Intelligent_Robotics/mobile_land_robots/install/sim_ros2_interface/share/sim_ros2_interface/environment/path.dsv
[85.732s] -- Installing: /home/chrisrvt/projects/Implementation_of_Intelligent_Robotics/mobile_land_robots/install/sim_ros2_interface/share/sim_ros2_interface/local_setup.bash
[85.732s] -- Installing: /home/chrisrvt/projects/Implementation_of_Intelligent_Robotics/mobile_land_robots/install/sim_ros2_interface/share/sim_ros2_interface/local_setup.sh
[85.732s] -- Installing: /home/chrisrvt/projects/Implementation_of_Intelligent_Robotics/mobile_land_robots/install/sim_ros2_interface/share/sim_ros2_interface/local_setup.zsh
[85.733s] -- Installing: /home/chrisrvt/projects/Implementation_of_Intelligent_Robotics/mobile_land_robots/install/sim_ros2_interface/share/sim_ros2_interface/local_setup.dsv
[85.733s] -- Installing: /home/chrisrvt/projects/Implementation_of_Intelligent_Robotics/mobile_land_robots/install/sim_ros2_interface/share/sim_ros2_interface/package.dsv
[85.733s] -- Installing: /home/chrisrvt/projects/Implementation_of_Intelligent_Robotics/mobile_land_robots/install/sim_ros2_interface/share/ament_index/resource_index/packages/sim_ros2_interface
[85.733s] -- Installing: /home/chrisrvt/projects/Implementation_of_Intelligent_Robotics/mobile_land_robots/install/sim_ros2_interface/share/sim_ros2_interface/cmake/sim_ros2_interfaceConfig.cmake
[85.733s] -- Installing: /home/chrisrvt/projects/Implementation_of_Intelligent_Robotics/mobile_land_robots/install/sim_ros2_interface/share/sim_ros2_interface/cmake/sim_ros2_interfaceConfig-version.cmake
[85.733s] -- Installing: /home/chrisrvt/projects/Implementation_of_Intelligent_Robotics/mobile_land_robots/install/sim_ros2_interface/share/sim_ros2_interface/package.xml
[85.735s] Invoked command in '/home/chrisrvt/projects/Implementation_of_Intelligent_Robotics/mobile_land_robots/build/sim_ros2_interface' returned '0': CMAKE_PREFIX_PATH=${CMAKE_PREFIX_PATH}:/home/chrisrvt/projects/Implementation_of_Intelligent_Robotics/challenge/install/puzzlebot_control:/home/chrisrvt/projects/Implementation_of_Intelligent_Robotics/challenge/install/motor_control:/home/chrisrvt/projects/Implementation_of_Intelligent_Robotics/challenge/install/differential_drive:/opt/ros/humble /opt/st/stm32cubeclt_1.18.0/CMake/bin/cmake --install /home/chrisrvt/projects/Implementation_of_Intelligent_Robotics/mobile_land_robots/build/sim_ros2_interface
