running egg_info
writing ../../build/coppelia_sim_ros2/coppelia_sim_ros2.egg-info/PKG-INFO
writing dependency_links to ../../build/coppelia_sim_ros2/coppelia_sim_ros2.egg-info/dependency_links.txt
writing requirements to ../../build/coppelia_sim_ros2/coppelia_sim_ros2.egg-info/requires.txt
writing top-level names to ../../build/coppelia_sim_ros2/coppelia_sim_ros2.egg-info/top_level.txt
reading manifest file '../../build/coppelia_sim_ros2/coppelia_sim_ros2.egg-info/SOURCES.txt'
writing manifest file '../../build/coppelia_sim_ros2/coppelia_sim_ros2.egg-info/SOURCES.txt'
running build
running build_py
copying coppelia_sim_ros2/image_display.py -> /home/chrisrvt/projects/Implementation_of_Intelligent_Robotics/mobile_land_robots/build/coppelia_sim_ros2/build/lib/coppelia_sim_ros2
copying coppelia_sim_ros2/__init__.py -> /home/chrisrvt/projects/Implementation_of_Intelligent_Robotics/mobile_land_robots/build/coppelia_sim_ros2/build/lib/coppelia_sim_ros2
running install
running install_lib
running install_data
copying resource/coppelia_sim_ros2 -> /home/chrisrvt/projects/Implementation_of_Intelligent_Robotics/mobile_land_robots/install/coppelia_sim_ros2/share/ament_index/resource_index/packages
copying package.xml -> /home/chrisrvt/projects/Implementation_of_Intelligent_Robotics/mobile_land_robots/install/coppelia_sim_ros2/share/coppelia_sim_ros2
running install_egg_info
removing '/home/chrisrvt/projects/Implementation_of_Intelligent_Robotics/mobile_land_robots/install/coppelia_sim_ros2/lib/python3.10/site-packages/coppelia_sim_ros2-0.0.0-py3.10.egg-info' (and everything under it)
Copying ../../build/coppelia_sim_ros2/coppelia_sim_ros2.egg-info to /home/chrisrvt/projects/Implementation_of_Intelligent_Robotics/mobile_land_robots/install/coppelia_sim_ros2/lib/python3.10/site-packages/coppelia_sim_ros2-0.0.0-py3.10.egg-info
running install_scripts
writing list of installed files to '/home/chrisrvt/projects/Implementation_of_Intelligent_Robotics/mobile_land_robots/build/coppelia_sim_ros2/install.log'
