[0.566s] Invoking command in '/home/chrisrvt/projects/Implementation_of_Intelligent_Robotics/mobile_land_robots/src/coppelia_sim_ros2': PYTHONPATH=/home/chrisrvt/projects/Implementation_of_Intelligent_Robotics/mobile_land_robots/build/coppelia_sim_ros2/prefix_override:/usr/lib/python3/dist-packages/colcon_core/task/python/colcon_distutils_commands:/home/chrisrvt/projects/Implementation_of_Intelligent_Robotics/mobile_land_robots/install/coppelia_sim_ros2/lib/python3.10/site-packages:${PYTHONPATH} /usr/bin/python3 -W ignore:setup.py install is deprecated -W ignore:easy_install command is deprecated setup.py egg_info --egg-base ../../build/coppelia_sim_ros2 build --build-base /home/chrisrvt/projects/Implementation_of_Intelligent_Robotics/mobile_land_robots/build/coppelia_sim_ros2/build install --record /home/chrisrvt/projects/Implementation_of_Intelligent_Robotics/mobile_land_robots/build/coppelia_sim_ros2/install.log --single-version-externally-managed install_data
[0.722s] running egg_info
[0.732s] writing ../../build/coppelia_sim_ros2/coppelia_sim_ros2.egg-info/PKG-INFO
[0.732s] writing dependency_links to ../../build/coppelia_sim_ros2/coppelia_sim_ros2.egg-info/dependency_links.txt
[0.732s] writing requirements to ../../build/coppelia_sim_ros2/coppelia_sim_ros2.egg-info/requires.txt
[0.732s] writing top-level names to ../../build/coppelia_sim_ros2/coppelia_sim_ros2.egg-info/top_level.txt
[0.751s] reading manifest file '../../build/coppelia_sim_ros2/coppelia_sim_ros2.egg-info/SOURCES.txt'
[0.752s] writing manifest file '../../build/coppelia_sim_ros2/coppelia_sim_ros2.egg-info/SOURCES.txt'
[0.752s] running build
[0.752s] running build_py
[0.752s] copying coppelia_sim_ros2/__init__.py -> /home/chrisrvt/projects/Implementation_of_Intelligent_Robotics/mobile_land_robots/build/coppelia_sim_ros2/build/lib/coppelia_sim_ros2
[0.752s] running install
[0.756s] running install_lib
[0.765s] running install_data
[0.765s] copying resource/coppelia_sim_ros2 -> /home/chrisrvt/projects/Implementation_of_Intelligent_Robotics/mobile_land_robots/install/coppelia_sim_ros2/share/ament_index/resource_index/packages
[0.766s] copying package.xml -> /home/chrisrvt/projects/Implementation_of_Intelligent_Robotics/mobile_land_robots/install/coppelia_sim_ros2/share/coppelia_sim_ros2
[0.766s] running install_egg_info
[0.776s] removing '/home/chrisrvt/projects/Implementation_of_Intelligent_Robotics/mobile_land_robots/install/coppelia_sim_ros2/lib/python3.10/site-packages/coppelia_sim_ros2-0.0.0-py3.10.egg-info' (and everything under it)
[0.776s] Copying ../../build/coppelia_sim_ros2/coppelia_sim_ros2.egg-info to /home/chrisrvt/projects/Implementation_of_Intelligent_Robotics/mobile_land_robots/install/coppelia_sim_ros2/lib/python3.10/site-packages/coppelia_sim_ros2-0.0.0-py3.10.egg-info
[0.776s] running install_scripts
[0.864s] writing list of installed files to '/home/chrisrvt/projects/Implementation_of_Intelligent_Robotics/mobile_land_robots/build/coppelia_sim_ros2/install.log'
[0.880s] Invoked command in '/home/chrisrvt/projects/Implementation_of_Intelligent_Robotics/mobile_land_robots/src/coppelia_sim_ros2' returned '0': PYTHONPATH=/home/chrisrvt/projects/Implementation_of_Intelligent_Robotics/mobile_land_robots/build/coppelia_sim_ros2/prefix_override:/usr/lib/python3/dist-packages/colcon_core/task/python/colcon_distutils_commands:/home/chrisrvt/projects/Implementation_of_Intelligent_Robotics/mobile_land_robots/install/coppelia_sim_ros2/lib/python3.10/site-packages:${PYTHONPATH} /usr/bin/python3 -W ignore:setup.py install is deprecated -W ignore:easy_install command is deprecated setup.py egg_info --egg-base ../../build/coppelia_sim_ros2 build --build-base /home/chrisrvt/projects/Implementation_of_Intelligent_Robotics/mobile_land_robots/build/coppelia_sim_ros2/build install --record /home/chrisrvt/projects/Implementation_of_Intelligent_Robotics/mobile_land_robots/build/coppelia_sim_ros2/install.log --single-version-externally-managed install_data
