[0.100s] DEBUG:colcon:Command line arguments: ['/usr/bin/colcon', 'build', '--symlink-install', '--cmake-args', '-DCMAKE_BUILD_TYPE=release']
[0.100s] DEBUG:colcon:Parsed command line arguments: Namespace(log_base=None, log_level=None, verb_name='build', build_base='build', install_base='install', merge_install=False, symlink_install=True, test_result_base=None, continue_on_error=False, executor='parallel', parallel_workers=20, event_handlers=None, ignore_user_meta=False, metas=['./colcon.meta'], base_paths=['.'], packages_ignore=None, packages_ignore_regex=None, paths=None, packages_up_to=None, packages_up_to_regex=None, packages_above=None, packages_above_and_dependencies=None, packages_above_depth=None, packages_select_by_dep=None, packages_skip_by_dep=None, packages_skip_up_to=None, packages_select_build_failed=False, packages_skip_build_finished=False, packages_select_test_failures=False, packages_skip_test_passed=False, packages_select=None, packages_skip=None, packages_select_regex=None, packages_skip_regex=None, packages_start=None, packages_end=None, allow_overriding=[], cmake_args=['-DCMAKE_BUILD_TYPE=release'], cmake_target=None, cmake_target_skip_unavailable=False, cmake_clean_cache=False, cmake_clean_first=False, cmake_force_configure=False, ament_cmake_args=None, catkin_cmake_args=None, catkin_skip_building_tests=False, mixin_files=None, mixin=None, verb_parser=<colcon_mixin.mixin.mixin_argument.MixinArgumentDecorator object at 0x6a69647dae0>, verb_extension=<colcon_core.verb.build.BuildVerb object at 0x6a6964034c0>, main=<bound method BuildVerb.main of <colcon_core.verb.build.BuildVerb object at 0x6a6964034c0>>, mixin_verb=('build',))
[0.133s] Level 1:colcon.colcon_core.package_discovery:discover_packages(colcon_meta) check parameters
[0.133s] Level 1:colcon.colcon_core.package_discovery:discover_packages(recursive) check parameters
[0.133s] Level 1:colcon.colcon_core.package_discovery:discover_packages(ignore) check parameters
[0.133s] Level 1:colcon.colcon_core.package_discovery:discover_packages(path) check parameters
[0.133s] Level 1:colcon.colcon_core.package_discovery:discover_packages(colcon_meta) discover
[0.133s] Level 1:colcon.colcon_core.package_discovery:discover_packages(recursive) discover
[0.133s] INFO:colcon.colcon_core.package_discovery:Crawling recursively for packages in '/home/chrisrvt/projects/Implementation_of_Intelligent_Robotics/mobile_land_robots'
[0.133s] Level 1:colcon.colcon_core.package_identification:_identify(.) by extensions ['ignore', 'ignore_ament_install']
[0.133s] Level 1:colcon.colcon_core.package_identification:_identify(.) by extension 'ignore'
[0.133s] Level 1:colcon.colcon_core.package_identification:_identify(.) by extension 'ignore_ament_install'
[0.133s] Level 1:colcon.colcon_core.package_identification:_identify(.) by extensions ['colcon_pkg']
[0.133s] Level 1:colcon.colcon_core.package_identification:_identify(.) by extension 'colcon_pkg'
[0.133s] Level 1:colcon.colcon_core.package_identification:_identify(.) by extensions ['colcon_meta']
[0.133s] Level 1:colcon.colcon_core.package_identification:_identify(.) by extension 'colcon_meta'
[0.133s] Level 1:colcon.colcon_core.package_identification:_identify(.) by extensions ['ros']
[0.133s] Level 1:colcon.colcon_core.package_identification:_identify(.) by extension 'ros'
[0.146s] Level 1:colcon.colcon_core.package_identification:_identify(.) by extensions ['cmake', 'python']
[0.146s] Level 1:colcon.colcon_core.package_identification:_identify(.) by extension 'cmake'
[0.146s] Level 1:colcon.colcon_core.package_identification:_identify(.) by extension 'python'
[0.146s] Level 1:colcon.colcon_core.package_identification:_identify(.) by extensions ['python_setup_py']
[0.146s] Level 1:colcon.colcon_core.package_identification:_identify(.) by extension 'python_setup_py'
[0.146s] Level 1:colcon.colcon_core.package_identification:_identify(build) by extensions ['ignore', 'ignore_ament_install']
[0.146s] Level 1:colcon.colcon_core.package_identification:_identify(build) by extension 'ignore'
[0.146s] Level 1:colcon.colcon_core.package_identification:_identify(build) ignored
[0.146s] Level 1:colcon.colcon_core.package_identification:_identify(install) by extensions ['ignore', 'ignore_ament_install']
[0.146s] Level 1:colcon.colcon_core.package_identification:_identify(install) by extension 'ignore'
[0.146s] Level 1:colcon.colcon_core.package_identification:_identify(install) ignored
[0.146s] Level 1:colcon.colcon_core.package_identification:_identify(log) by extensions ['ignore', 'ignore_ament_install']
[0.146s] Level 1:colcon.colcon_core.package_identification:_identify(log) by extension 'ignore'
[0.147s] Level 1:colcon.colcon_core.package_identification:_identify(log) ignored
[0.147s] Level 1:colcon.colcon_core.package_identification:_identify(src) by extensions ['ignore', 'ignore_ament_install']
[0.147s] Level 1:colcon.colcon_core.package_identification:_identify(src) by extension 'ignore'
[0.147s] Level 1:colcon.colcon_core.package_identification:_identify(src) by extension 'ignore_ament_install'
[0.147s] Level 1:colcon.colcon_core.package_identification:_identify(src) by extensions ['colcon_pkg']
[0.147s] Level 1:colcon.colcon_core.package_identification:_identify(src) by extension 'colcon_pkg'
[0.147s] Level 1:colcon.colcon_core.package_identification:_identify(src) by extensions ['colcon_meta']
[0.147s] Level 1:colcon.colcon_core.package_identification:_identify(src) by extension 'colcon_meta'
[0.147s] Level 1:colcon.colcon_core.package_identification:_identify(src) by extensions ['ros']
[0.147s] Level 1:colcon.colcon_core.package_identification:_identify(src) by extension 'ros'
[0.147s] Level 1:colcon.colcon_core.package_identification:_identify(src) by extensions ['cmake', 'python']
[0.147s] Level 1:colcon.colcon_core.package_identification:_identify(src) by extension 'cmake'
[0.147s] Level 1:colcon.colcon_core.package_identification:_identify(src) by extension 'python'
[0.147s] Level 1:colcon.colcon_core.package_identification:_identify(src) by extensions ['python_setup_py']
[0.147s] Level 1:colcon.colcon_core.package_identification:_identify(src) by extension 'python_setup_py'
[0.147s] Level 1:colcon.colcon_core.package_identification:_identify(src/coppelia_sim_ros2) by extensions ['ignore', 'ignore_ament_install']
[0.147s] Level 1:colcon.colcon_core.package_identification:_identify(src/coppelia_sim_ros2) by extension 'ignore'
[0.147s] Level 1:colcon.colcon_core.package_identification:_identify(src/coppelia_sim_ros2) by extension 'ignore_ament_install'
[0.147s] Level 1:colcon.colcon_core.package_identification:_identify(src/coppelia_sim_ros2) by extensions ['colcon_pkg']
[0.147s] Level 1:colcon.colcon_core.package_identification:_identify(src/coppelia_sim_ros2) by extension 'colcon_pkg'
[0.147s] Level 1:colcon.colcon_core.package_identification:_identify(src/coppelia_sim_ros2) by extensions ['colcon_meta']
[0.147s] Level 1:colcon.colcon_core.package_identification:_identify(src/coppelia_sim_ros2) by extension 'colcon_meta'
[0.147s] Level 1:colcon.colcon_core.package_identification:_identify(src/coppelia_sim_ros2) by extensions ['ros']
[0.147s] Level 1:colcon.colcon_core.package_identification:_identify(src/coppelia_sim_ros2) by extension 'ros'
[0.149s] DEBUG:colcon.colcon_core.package_identification:Package 'src/coppelia_sim_ros2' with type 'ros.ament_python' and name 'coppelia_sim_ros2'
[0.149s] Level 1:colcon.colcon_core.package_identification:_identify(src/ros2_bubble_rob) by extensions ['ignore', 'ignore_ament_install']
[0.149s] Level 1:colcon.colcon_core.package_identification:_identify(src/ros2_bubble_rob) by extension 'ignore'
[0.149s] Level 1:colcon.colcon_core.package_identification:_identify(src/ros2_bubble_rob) by extension 'ignore_ament_install'
[0.149s] Level 1:colcon.colcon_core.package_identification:_identify(src/ros2_bubble_rob) by extensions ['colcon_pkg']
[0.149s] Level 1:colcon.colcon_core.package_identification:_identify(src/ros2_bubble_rob) by extension 'colcon_pkg'
[0.149s] Level 1:colcon.colcon_core.package_identification:_identify(src/ros2_bubble_rob) by extensions ['colcon_meta']
[0.149s] Level 1:colcon.colcon_core.package_identification:_identify(src/ros2_bubble_rob) by extension 'colcon_meta'
[0.149s] Level 1:colcon.colcon_core.package_identification:_identify(src/ros2_bubble_rob) by extensions ['ros']
[0.149s] Level 1:colcon.colcon_core.package_identification:_identify(src/ros2_bubble_rob) by extension 'ros'
[0.150s] DEBUG:colcon.colcon_core.package_identification:Package 'src/ros2_bubble_rob' with type 'ros.ament_cmake' and name 'ros2_bubble_rob'
[0.150s] Level 1:colcon.colcon_core.package_identification:_identify(src/simROS2) by extensions ['ignore', 'ignore_ament_install']
[0.150s] Level 1:colcon.colcon_core.package_identification:_identify(src/simROS2) by extension 'ignore'
[0.150s] Level 1:colcon.colcon_core.package_identification:_identify(src/simROS2) by extension 'ignore_ament_install'
[0.150s] Level 1:colcon.colcon_core.package_identification:_identify(src/simROS2) by extensions ['colcon_pkg']
[0.150s] Level 1:colcon.colcon_core.package_identification:_identify(src/simROS2) by extension 'colcon_pkg'
[0.150s] Level 1:colcon.colcon_core.package_identification:_identify(src/simROS2) by extensions ['colcon_meta']
[0.150s] Level 1:colcon.colcon_core.package_identification:_identify(src/simROS2) by extension 'colcon_meta'
[0.150s] Level 1:colcon.colcon_core.package_identification:_identify(src/simROS2) by extensions ['ros']
[0.150s] Level 1:colcon.colcon_core.package_identification:_identify(src/simROS2) by extension 'ros'
[0.151s] DEBUG:colcon.colcon_core.package_identification:Package 'src/simROS2' with type 'ros.ament_cmake' and name 'sim_ros2_interface'
[0.151s] Level 1:colcon.colcon_core.package_discovery:discover_packages(recursive) using defaults
[0.151s] Level 1:colcon.colcon_core.package_discovery:discover_packages(ignore) discover
[0.151s] Level 1:colcon.colcon_core.package_discovery:discover_packages(ignore) using defaults
[0.152s] Level 1:colcon.colcon_core.package_discovery:discover_packages(path) discover
[0.152s] Level 1:colcon.colcon_core.package_discovery:discover_packages(path) using defaults
[0.167s] Level 1:colcon.colcon_core.package_discovery:discover_packages(prefix_path) check parameters
[0.167s] Level 1:colcon.colcon_core.package_discovery:discover_packages(prefix_path) discover
[0.168s] DEBUG:colcon.colcon_installed_package_information.package_discovery:Found 4 installed packages in /home/chrisrvt/projects/Implementation_of_Intelligent_Robotics/challenge/install
[0.170s] DEBUG:colcon.colcon_installed_package_information.package_discovery:Found 376 installed packages in /opt/ros/humble
[0.171s] Level 1:colcon.colcon_core.package_discovery:discover_packages(prefix_path) using defaults
[0.215s] Level 5:colcon.colcon_core.verb:set package 'coppelia_sim_ros2' build argument 'cmake_args' from command line to '['-DCMAKE_BUILD_TYPE=release']'
[0.216s] Level 5:colcon.colcon_core.verb:set package 'coppelia_sim_ros2' build argument 'cmake_target' from command line to 'None'
[0.216s] Level 5:colcon.colcon_core.verb:set package 'coppelia_sim_ros2' build argument 'cmake_target_skip_unavailable' from command line to 'False'
[0.216s] Level 5:colcon.colcon_core.verb:set package 'coppelia_sim_ros2' build argument 'cmake_clean_cache' from command line to 'False'
[0.216s] Level 5:colcon.colcon_core.verb:set package 'coppelia_sim_ros2' build argument 'cmake_clean_first' from command line to 'False'
[0.216s] Level 5:colcon.colcon_core.verb:set package 'coppelia_sim_ros2' build argument 'cmake_force_configure' from command line to 'False'
[0.216s] Level 5:colcon.colcon_core.verb:set package 'coppelia_sim_ros2' build argument 'ament_cmake_args' from command line to 'None'
[0.216s] Level 5:colcon.colcon_core.verb:set package 'coppelia_sim_ros2' build argument 'catkin_cmake_args' from command line to 'None'
[0.216s] Level 5:colcon.colcon_core.verb:set package 'coppelia_sim_ros2' build argument 'catkin_skip_building_tests' from command line to 'False'
[0.216s] DEBUG:colcon.colcon_core.verb:Building package 'coppelia_sim_ros2' with the following arguments: {'ament_cmake_args': None, 'build_base': '/home/chrisrvt/projects/Implementation_of_Intelligent_Robotics/mobile_land_robots/build/coppelia_sim_ros2', 'catkin_cmake_args': None, 'catkin_skip_building_tests': False, 'cmake_args': ['-DCMAKE_BUILD_TYPE=release'], 'cmake_clean_cache': False, 'cmake_clean_first': False, 'cmake_force_configure': False, 'cmake_target': None, 'cmake_target_skip_unavailable': False, 'install_base': '/home/chrisrvt/projects/Implementation_of_Intelligent_Robotics/mobile_land_robots/install/coppelia_sim_ros2', 'merge_install': False, 'path': '/home/chrisrvt/projects/Implementation_of_Intelligent_Robotics/mobile_land_robots/src/coppelia_sim_ros2', 'symlink_install': True, 'test_result_base': None}
[0.216s] Level 5:colcon.colcon_core.verb:set package 'ros2_bubble_rob' build argument 'cmake_args' from command line to '['-DCMAKE_BUILD_TYPE=release']'
[0.216s] Level 5:colcon.colcon_core.verb:set package 'ros2_bubble_rob' build argument 'cmake_target' from command line to 'None'
[0.216s] Level 5:colcon.colcon_core.verb:set package 'ros2_bubble_rob' build argument 'cmake_target_skip_unavailable' from command line to 'False'
[0.216s] Level 5:colcon.colcon_core.verb:set package 'ros2_bubble_rob' build argument 'cmake_clean_cache' from command line to 'False'
[0.216s] Level 5:colcon.colcon_core.verb:set package 'ros2_bubble_rob' build argument 'cmake_clean_first' from command line to 'False'
[0.216s] Level 5:colcon.colcon_core.verb:set package 'ros2_bubble_rob' build argument 'cmake_force_configure' from command line to 'False'
[0.216s] Level 5:colcon.colcon_core.verb:set package 'ros2_bubble_rob' build argument 'ament_cmake_args' from command line to 'None'
[0.216s] Level 5:colcon.colcon_core.verb:set package 'ros2_bubble_rob' build argument 'catkin_cmake_args' from command line to 'None'
[0.216s] Level 5:colcon.colcon_core.verb:set package 'ros2_bubble_rob' build argument 'catkin_skip_building_tests' from command line to 'False'
[0.216s] DEBUG:colcon.colcon_core.verb:Building package 'ros2_bubble_rob' with the following arguments: {'ament_cmake_args': None, 'build_base': '/home/chrisrvt/projects/Implementation_of_Intelligent_Robotics/mobile_land_robots/build/ros2_bubble_rob', 'catkin_cmake_args': None, 'catkin_skip_building_tests': False, 'cmake_args': ['-DCMAKE_BUILD_TYPE=release'], 'cmake_clean_cache': False, 'cmake_clean_first': False, 'cmake_force_configure': False, 'cmake_target': None, 'cmake_target_skip_unavailable': False, 'install_base': '/home/chrisrvt/projects/Implementation_of_Intelligent_Robotics/mobile_land_robots/install/ros2_bubble_rob', 'merge_install': False, 'path': '/home/chrisrvt/projects/Implementation_of_Intelligent_Robotics/mobile_land_robots/src/ros2_bubble_rob', 'symlink_install': True, 'test_result_base': None}
[0.216s] Level 5:colcon.colcon_core.verb:set package 'sim_ros2_interface' build argument 'cmake_args' from command line to '['-DCMAKE_BUILD_TYPE=release']'
[0.216s] Level 5:colcon.colcon_core.verb:set package 'sim_ros2_interface' build argument 'cmake_target' from command line to 'None'
[0.216s] Level 5:colcon.colcon_core.verb:set package 'sim_ros2_interface' build argument 'cmake_target_skip_unavailable' from command line to 'False'
[0.216s] Level 5:colcon.colcon_core.verb:set package 'sim_ros2_interface' build argument 'cmake_clean_cache' from command line to 'False'
[0.216s] Level 5:colcon.colcon_core.verb:set package 'sim_ros2_interface' build argument 'cmake_clean_first' from command line to 'False'
[0.216s] Level 5:colcon.colcon_core.verb:set package 'sim_ros2_interface' build argument 'cmake_force_configure' from command line to 'False'
[0.216s] Level 5:colcon.colcon_core.verb:set package 'sim_ros2_interface' build argument 'ament_cmake_args' from command line to 'None'
[0.216s] Level 5:colcon.colcon_core.verb:set package 'sim_ros2_interface' build argument 'catkin_cmake_args' from command line to 'None'
[0.216s] Level 5:colcon.colcon_core.verb:set package 'sim_ros2_interface' build argument 'catkin_skip_building_tests' from command line to 'False'
[0.216s] DEBUG:colcon.colcon_core.verb:Building package 'sim_ros2_interface' with the following arguments: {'ament_cmake_args': None, 'build_base': '/home/chrisrvt/projects/Implementation_of_Intelligent_Robotics/mobile_land_robots/build/sim_ros2_interface', 'catkin_cmake_args': None, 'catkin_skip_building_tests': False, 'cmake_args': ['-DCMAKE_BUILD_TYPE=release'], 'cmake_clean_cache': False, 'cmake_clean_first': False, 'cmake_force_configure': False, 'cmake_target': None, 'cmake_target_skip_unavailable': False, 'install_base': '/home/chrisrvt/projects/Implementation_of_Intelligent_Robotics/mobile_land_robots/install/sim_ros2_interface', 'merge_install': False, 'path': '/home/chrisrvt/projects/Implementation_of_Intelligent_Robotics/mobile_land_robots/src/simROS2', 'symlink_install': True, 'test_result_base': None}
[0.216s] INFO:colcon.colcon_core.executor:Executing jobs using 'parallel' executor
[0.217s] DEBUG:colcon.colcon_parallel_executor.executor.parallel:run_until_complete
[0.218s] INFO:colcon.colcon_ros.task.ament_python.build:Building ROS package in '/home/chrisrvt/projects/Implementation_of_Intelligent_Robotics/mobile_land_robots/src/coppelia_sim_ros2' with build type 'ament_python'
[0.218s] Level 1:colcon.colcon_core.shell:create_environment_hook('coppelia_sim_ros2', 'ament_prefix_path')
[0.219s] INFO:colcon.colcon_core.plugin_system:Skipping extension 'colcon_core.shell.bat': Not used on non-Windows systems
[0.220s] INFO:colcon.colcon_core.shell:Creating environment hook '/home/chrisrvt/projects/Implementation_of_Intelligent_Robotics/mobile_land_robots/install/coppelia_sim_ros2/share/coppelia_sim_ros2/hook/ament_prefix_path.ps1'
[0.220s] INFO:colcon.colcon_core.shell:Creating environment descriptor '/home/chrisrvt/projects/Implementation_of_Intelligent_Robotics/mobile_land_robots/install/coppelia_sim_ros2/share/coppelia_sim_ros2/hook/ament_prefix_path.dsv'
[0.220s] INFO:colcon.colcon_core.shell:Creating environment hook '/home/chrisrvt/projects/Implementation_of_Intelligent_Robotics/mobile_land_robots/install/coppelia_sim_ros2/share/coppelia_sim_ros2/hook/ament_prefix_path.sh'
[0.221s] INFO:colcon.colcon_core.shell:Skip shell extension 'powershell' for command environment: Not usable outside of PowerShell
[0.221s] DEBUG:colcon.colcon_core.shell:Skip shell extension 'dsv' for command environment
[0.223s] INFO:colcon.colcon_ros.task.ament_cmake.build:Building ROS package in '/home/chrisrvt/projects/Implementation_of_Intelligent_Robotics/mobile_land_robots/src/ros2_bubble_rob' with build type 'ament_cmake'
[0.223s] INFO:colcon.colcon_cmake.task.cmake.build:Building CMake package in '/home/chrisrvt/projects/Implementation_of_Intelligent_Robotics/mobile_land_robots/src/ros2_bubble_rob'
[0.223s] INFO:colcon.colcon_core.shell:Skip shell extension 'powershell' for command environment: Not usable outside of PowerShell
[0.223s] DEBUG:colcon.colcon_core.shell:Skip shell extension 'dsv' for command environment
[0.225s] INFO:colcon.colcon_ros.task.ament_cmake.build:Building ROS package in '/home/chrisrvt/projects/Implementation_of_Intelligent_Robotics/mobile_land_robots/src/simROS2' with build type 'ament_cmake'
[0.226s] INFO:colcon.colcon_cmake.task.cmake.build:Building CMake package in '/home/chrisrvt/projects/Implementation_of_Intelligent_Robotics/mobile_land_robots/src/simROS2'
[0.226s] INFO:colcon.colcon_core.shell:Skip shell extension 'powershell' for command environment: Not usable outside of PowerShell
[0.226s] DEBUG:colcon.colcon_core.shell:Skip shell extension 'dsv' for command environment
[0.379s] INFO:colcon.colcon_core.task.python.build:Building Python package in '/home/chrisrvt/projects/Implementation_of_Intelligent_Robotics/mobile_land_robots/src/coppelia_sim_ros2'
[0.379s] INFO:colcon.colcon_core.shell:Skip shell extension 'powershell' for command environment: Not usable outside of PowerShell
[0.379s] DEBUG:colcon.colcon_core.shell:Skip shell extension 'dsv' for command environment
[0.383s] DEBUG:colcon.colcon_core.event_handler.log_command:Invoking command in '/home/chrisrvt/projects/Implementation_of_Intelligent_Robotics/mobile_land_robots/build/ros2_bubble_rob': CMAKE_PREFIX_PATH=${CMAKE_PREFIX_PATH}:/home/chrisrvt/projects/Implementation_of_Intelligent_Robotics/challenge/install/puzzlebot_control:/home/chrisrvt/projects/Implementation_of_Intelligent_Robotics/challenge/install/motor_control:/home/chrisrvt/projects/Implementation_of_Intelligent_Robotics/challenge/install/differential_drive:/opt/ros/humble PS1=(intelligent_robotics__venv) \[\e]0;\u@\h: \w\a\]${debian_chroot:+($debian_chroot)}\[\033[01;32m\]\u@\h\[\033[00m\]:\[\033[01;34m\]\w\[\033[00m\]\$ VIRTUAL_ENV_PROMPT=(intelligent_robotics__venv) /opt/st/stm32cubeclt_1.18.0/CMake/bin/cmake /home/chrisrvt/projects/Implementation_of_Intelligent_Robotics/mobile_land_robots/src/ros2_bubble_rob -DCMAKE_BUILD_TYPE=release -DAMENT_CMAKE_SYMLINK_INSTALL=1 -DCMAKE_INSTALL_PREFIX=/home/chrisrvt/projects/Implementation_of_Intelligent_Robotics/mobile_land_robots/install/ros2_bubble_rob
[0.387s] DEBUG:colcon.colcon_core.event_handler.log_command:Invoking command in '/home/chrisrvt/projects/Implementation_of_Intelligent_Robotics/mobile_land_robots/build/sim_ros2_interface': CMAKE_PREFIX_PATH=${CMAKE_PREFIX_PATH}:/home/chrisrvt/projects/Implementation_of_Intelligent_Robotics/challenge/install/puzzlebot_control:/home/chrisrvt/projects/Implementation_of_Intelligent_Robotics/challenge/install/motor_control:/home/chrisrvt/projects/Implementation_of_Intelligent_Robotics/challenge/install/differential_drive:/opt/ros/humble PS1=(intelligent_robotics__venv) \[\e]0;\u@\h: \w\a\]${debian_chroot:+($debian_chroot)}\[\033[01;32m\]\u@\h\[\033[00m\]:\[\033[01;34m\]\w\[\033[00m\]\$ VIRTUAL_ENV_PROMPT=(intelligent_robotics__venv) /opt/st/stm32cubeclt_1.18.0/CMake/bin/cmake /home/chrisrvt/projects/Implementation_of_Intelligent_Robotics/mobile_land_robots/src/simROS2 -DCMAKE_BUILD_TYPE=release -DAMENT_CMAKE_SYMLINK_INSTALL=1 -DCMAKE_INSTALL_PREFIX=/home/chrisrvt/projects/Implementation_of_Intelligent_Robotics/mobile_land_robots/install/sim_ros2_interface
[0.881s] DEBUG:colcon.colcon_core.task.python.build:While undoing a previous installation files outside the Python library path are being ignored: /home/chrisrvt/projects/Implementation_of_Intelligent_Robotics/mobile_land_robots/install/coppelia_sim_ros2/share/ament_index/resource_index/packages/coppelia_sim_ros2
[0.881s] DEBUG:colcon.colcon_core.task.python.build:While undoing a previous installation files outside the Python library path are being ignored: /home/chrisrvt/projects/Implementation_of_Intelligent_Robotics/mobile_land_robots/install/coppelia_sim_ros2/share/coppelia_sim_ros2/package.xml
[0.884s] DEBUG:colcon.colcon_core.event_handler.log_command:Invoking command in '/home/chrisrvt/projects/Implementation_of_Intelligent_Robotics/mobile_land_robots/build/coppelia_sim_ros2': PS1=(intelligent_robotics__venv) \[\e]0;\u@\h: \w\a\]${debian_chroot:+($debian_chroot)}\[\033[01;32m\]\u@\h\[\033[00m\]:\[\033[01;34m\]\w\[\033[00m\]\$ PYTHONPATH=/home/chrisrvt/projects/Implementation_of_Intelligent_Robotics/mobile_land_robots/build/coppelia_sim_ros2/prefix_override:/usr/lib/python3/dist-packages/colcon_core/task/python/colcon_distutils_commands:/home/chrisrvt/projects/Implementation_of_Intelligent_Robotics/mobile_land_robots/install/coppelia_sim_ros2/lib/python3.10/site-packages:${PYTHONPATH} VIRTUAL_ENV_PROMPT=(intelligent_robotics__venv) /usr/bin/python3 -W ignore:setup.py install is deprecated -W ignore:easy_install command is deprecated setup.py develop --editable --build-directory /home/chrisrvt/projects/Implementation_of_Intelligent_Robotics/mobile_land_robots/build/coppelia_sim_ros2/build --no-deps symlink_data --force
[1.238s] DEBUG:colcon.colcon_core.event_handler.log_command:Invoked command in '/home/chrisrvt/projects/Implementation_of_Intelligent_Robotics/mobile_land_robots/build/ros2_bubble_rob' returned '0': CMAKE_PREFIX_PATH=${CMAKE_PREFIX_PATH}:/home/chrisrvt/projects/Implementation_of_Intelligent_Robotics/challenge/install/puzzlebot_control:/home/chrisrvt/projects/Implementation_of_Intelligent_Robotics/challenge/install/motor_control:/home/chrisrvt/projects/Implementation_of_Intelligent_Robotics/challenge/install/differential_drive:/opt/ros/humble PS1=(intelligent_robotics__venv) \[\e]0;\u@\h: \w\a\]${debian_chroot:+($debian_chroot)}\[\033[01;32m\]\u@\h\[\033[00m\]:\[\033[01;34m\]\w\[\033[00m\]\$ VIRTUAL_ENV_PROMPT=(intelligent_robotics__venv) /opt/st/stm32cubeclt_1.18.0/CMake/bin/cmake /home/chrisrvt/projects/Implementation_of_Intelligent_Robotics/mobile_land_robots/src/ros2_bubble_rob -DCMAKE_BUILD_TYPE=release -DAMENT_CMAKE_SYMLINK_INSTALL=1 -DCMAKE_INSTALL_PREFIX=/home/chrisrvt/projects/Implementation_of_Intelligent_Robotics/mobile_land_robots/install/ros2_bubble_rob
[1.240s] DEBUG:colcon.colcon_core.event_handler.log_command:Invoking command in '/home/chrisrvt/projects/Implementation_of_Intelligent_Robotics/mobile_land_robots/build/ros2_bubble_rob': CMAKE_PREFIX_PATH=${CMAKE_PREFIX_PATH}:/home/chrisrvt/projects/Implementation_of_Intelligent_Robotics/challenge/install/puzzlebot_control:/home/chrisrvt/projects/Implementation_of_Intelligent_Robotics/challenge/install/motor_control:/home/chrisrvt/projects/Implementation_of_Intelligent_Robotics/challenge/install/differential_drive:/opt/ros/humble PS1=(intelligent_robotics__venv) \[\e]0;\u@\h: \w\a\]${debian_chroot:+($debian_chroot)}\[\033[01;32m\]\u@\h\[\033[00m\]:\[\033[01;34m\]\w\[\033[00m\]\$ VIRTUAL_ENV_PROMPT=(intelligent_robotics__venv) /opt/st/stm32cubeclt_1.18.0/CMake/bin/cmake --build /home/chrisrvt/projects/Implementation_of_Intelligent_Robotics/mobile_land_robots/build/ros2_bubble_rob -- -j20 -l20
[1.324s] Level 1:colcon.colcon_core.shell:create_environment_hook('coppelia_sim_ros2', 'pythonpath_develop')
[1.325s] INFO:colcon.colcon_core.shell:Creating environment hook '/home/chrisrvt/projects/Implementation_of_Intelligent_Robotics/mobile_land_robots/build/coppelia_sim_ros2/share/coppelia_sim_ros2/hook/pythonpath_develop.ps1'
[1.326s] DEBUG:colcon.colcon_core.event_handler.log_command:Invoked command in '/home/chrisrvt/projects/Implementation_of_Intelligent_Robotics/mobile_land_robots/build/coppelia_sim_ros2' returned '0': PS1=(intelligent_robotics__venv) \[\e]0;\u@\h: \w\a\]${debian_chroot:+($debian_chroot)}\[\033[01;32m\]\u@\h\[\033[00m\]:\[\033[01;34m\]\w\[\033[00m\]\$ PYTHONPATH=/home/chrisrvt/projects/Implementation_of_Intelligent_Robotics/mobile_land_robots/build/coppelia_sim_ros2/prefix_override:/usr/lib/python3/dist-packages/colcon_core/task/python/colcon_distutils_commands:/home/chrisrvt/projects/Implementation_of_Intelligent_Robotics/mobile_land_robots/install/coppelia_sim_ros2/lib/python3.10/site-packages:${PYTHONPATH} VIRTUAL_ENV_PROMPT=(intelligent_robotics__venv) /usr/bin/python3 -W ignore:setup.py install is deprecated -W ignore:easy_install command is deprecated setup.py develop --editable --build-directory /home/chrisrvt/projects/Implementation_of_Intelligent_Robotics/mobile_land_robots/build/coppelia_sim_ros2/build --no-deps symlink_data --force
[1.326s] INFO:colcon.colcon_core.shell:Creating environment descriptor '/home/chrisrvt/projects/Implementation_of_Intelligent_Robotics/mobile_land_robots/build/coppelia_sim_ros2/share/coppelia_sim_ros2/hook/pythonpath_develop.dsv'
[1.326s] INFO:colcon.colcon_core.shell:Creating environment hook '/home/chrisrvt/projects/Implementation_of_Intelligent_Robotics/mobile_land_robots/build/coppelia_sim_ros2/share/coppelia_sim_ros2/hook/pythonpath_develop.sh'
[1.329s] Level 1:colcon.colcon_core.environment:checking '/home/chrisrvt/projects/Implementation_of_Intelligent_Robotics/mobile_land_robots/install/coppelia_sim_ros2' for CMake module files
[1.329s] Level 1:colcon.colcon_core.environment:checking '/home/chrisrvt/projects/Implementation_of_Intelligent_Robotics/mobile_land_robots/install/coppelia_sim_ros2' for CMake config files
[1.330s] Level 1:colcon.colcon_core.environment:checking '/home/chrisrvt/projects/Implementation_of_Intelligent_Robotics/mobile_land_robots/install/coppelia_sim_ros2/lib'
[1.330s] Level 1:colcon.colcon_core.environment:checking '/home/chrisrvt/projects/Implementation_of_Intelligent_Robotics/mobile_land_robots/install/coppelia_sim_ros2/bin'
[1.330s] Level 1:colcon.colcon_core.environment:checking '/home/chrisrvt/projects/Implementation_of_Intelligent_Robotics/mobile_land_robots/install/coppelia_sim_ros2/lib/pkgconfig/coppelia_sim_ros2.pc'
[1.330s] Level 1:colcon.colcon_core.environment:checking '/home/chrisrvt/projects/Implementation_of_Intelligent_Robotics/mobile_land_robots/install/coppelia_sim_ros2/lib/python3.10/site-packages'
[1.330s] Level 1:colcon.colcon_core.shell:create_environment_hook('coppelia_sim_ros2', 'pythonpath')
[1.330s] INFO:colcon.colcon_core.shell:Creating environment hook '/home/chrisrvt/projects/Implementation_of_Intelligent_Robotics/mobile_land_robots/install/coppelia_sim_ros2/share/coppelia_sim_ros2/hook/pythonpath.ps1'
[1.330s] INFO:colcon.colcon_core.shell:Creating environment descriptor '/home/chrisrvt/projects/Implementation_of_Intelligent_Robotics/mobile_land_robots/install/coppelia_sim_ros2/share/coppelia_sim_ros2/hook/pythonpath.dsv'
[1.331s] INFO:colcon.colcon_core.shell:Creating environment hook '/home/chrisrvt/projects/Implementation_of_Intelligent_Robotics/mobile_land_robots/install/coppelia_sim_ros2/share/coppelia_sim_ros2/hook/pythonpath.sh'
[1.331s] Level 1:colcon.colcon_core.environment:checking '/home/chrisrvt/projects/Implementation_of_Intelligent_Robotics/mobile_land_robots/install/coppelia_sim_ros2/bin'
[1.331s] Level 1:colcon.colcon_core.environment:create_environment_scripts_only(coppelia_sim_ros2)
[1.331s] INFO:colcon.colcon_core.shell:Creating package script '/home/chrisrvt/projects/Implementation_of_Intelligent_Robotics/mobile_land_robots/install/coppelia_sim_ros2/share/coppelia_sim_ros2/package.ps1'
[1.332s] INFO:colcon.colcon_core.shell:Creating package descriptor '/home/chrisrvt/projects/Implementation_of_Intelligent_Robotics/mobile_land_robots/install/coppelia_sim_ros2/share/coppelia_sim_ros2/package.dsv'
[1.332s] INFO:colcon.colcon_core.shell:Creating package script '/home/chrisrvt/projects/Implementation_of_Intelligent_Robotics/mobile_land_robots/install/coppelia_sim_ros2/share/coppelia_sim_ros2/package.sh'
[1.333s] INFO:colcon.colcon_core.shell:Creating package script '/home/chrisrvt/projects/Implementation_of_Intelligent_Robotics/mobile_land_robots/install/coppelia_sim_ros2/share/coppelia_sim_ros2/package.bash'
[1.333s] INFO:colcon.colcon_core.shell:Creating package script '/home/chrisrvt/projects/Implementation_of_Intelligent_Robotics/mobile_land_robots/install/coppelia_sim_ros2/share/coppelia_sim_ros2/package.zsh'
[1.333s] Level 1:colcon.colcon_core.environment:create_file_with_runtime_dependencies(/home/chrisrvt/projects/Implementation_of_Intelligent_Robotics/mobile_land_robots/install/coppelia_sim_ros2/share/colcon-core/packages/coppelia_sim_ros2)
[1.740s] DEBUG:colcon.colcon_core.event_handler.log_command:Invoked command in '/home/chrisrvt/projects/Implementation_of_Intelligent_Robotics/mobile_land_robots/build/sim_ros2_interface' returned '0': CMAKE_PREFIX_PATH=${CMAKE_PREFIX_PATH}:/home/chrisrvt/projects/Implementation_of_Intelligent_Robotics/challenge/install/puzzlebot_control:/home/chrisrvt/projects/Implementation_of_Intelligent_Robotics/challenge/install/motor_control:/home/chrisrvt/projects/Implementation_of_Intelligent_Robotics/challenge/install/differential_drive:/opt/ros/humble PS1=(intelligent_robotics__venv) \[\e]0;\u@\h: \w\a\]${debian_chroot:+($debian_chroot)}\[\033[01;32m\]\u@\h\[\033[00m\]:\[\033[01;34m\]\w\[\033[00m\]\$ VIRTUAL_ENV_PROMPT=(intelligent_robotics__venv) /opt/st/stm32cubeclt_1.18.0/CMake/bin/cmake /home/chrisrvt/projects/Implementation_of_Intelligent_Robotics/mobile_land_robots/src/simROS2 -DCMAKE_BUILD_TYPE=release -DAMENT_CMAKE_SYMLINK_INSTALL=1 -DCMAKE_INSTALL_PREFIX=/home/chrisrvt/projects/Implementation_of_Intelligent_Robotics/mobile_land_robots/install/sim_ros2_interface
[1.742s] DEBUG:colcon.colcon_core.event_handler.log_command:Invoking command in '/home/chrisrvt/projects/Implementation_of_Intelligent_Robotics/mobile_land_robots/build/sim_ros2_interface': CMAKE_PREFIX_PATH=${CMAKE_PREFIX_PATH}:/home/chrisrvt/projects/Implementation_of_Intelligent_Robotics/challenge/install/puzzlebot_control:/home/chrisrvt/projects/Implementation_of_Intelligent_Robotics/challenge/install/motor_control:/home/chrisrvt/projects/Implementation_of_Intelligent_Robotics/challenge/install/differential_drive:/opt/ros/humble PS1=(intelligent_robotics__venv) \[\e]0;\u@\h: \w\a\]${debian_chroot:+($debian_chroot)}\[\033[01;32m\]\u@\h\[\033[00m\]:\[\033[01;34m\]\w\[\033[00m\]\$ VIRTUAL_ENV_PROMPT=(intelligent_robotics__venv) /opt/st/stm32cubeclt_1.18.0/CMake/bin/cmake --build /home/chrisrvt/projects/Implementation_of_Intelligent_Robotics/mobile_land_robots/build/sim_ros2_interface -- -j20 -l20
[11.399s] DEBUG:colcon.colcon_core.event_handler.log_command:Invoked command in '/home/chrisrvt/projects/Implementation_of_Intelligent_Robotics/mobile_land_robots/build/ros2_bubble_rob' returned '0': CMAKE_PREFIX_PATH=${CMAKE_PREFIX_PATH}:/home/chrisrvt/projects/Implementation_of_Intelligent_Robotics/challenge/install/puzzlebot_control:/home/chrisrvt/projects/Implementation_of_Intelligent_Robotics/challenge/install/motor_control:/home/chrisrvt/projects/Implementation_of_Intelligent_Robotics/challenge/install/differential_drive:/opt/ros/humble PS1=(intelligent_robotics__venv) \[\e]0;\u@\h: \w\a\]${debian_chroot:+($debian_chroot)}\[\033[01;32m\]\u@\h\[\033[00m\]:\[\033[01;34m\]\w\[\033[00m\]\$ VIRTUAL_ENV_PROMPT=(intelligent_robotics__venv) /opt/st/stm32cubeclt_1.18.0/CMake/bin/cmake --build /home/chrisrvt/projects/Implementation_of_Intelligent_Robotics/mobile_land_robots/build/ros2_bubble_rob -- -j20 -l20
[11.403s] DEBUG:colcon.colcon_core.event_handler.log_command:Invoking command in '/home/chrisrvt/projects/Implementation_of_Intelligent_Robotics/mobile_land_robots/build/ros2_bubble_rob': CMAKE_PREFIX_PATH=${CMAKE_PREFIX_PATH}:/home/chrisrvt/projects/Implementation_of_Intelligent_Robotics/challenge/install/puzzlebot_control:/home/chrisrvt/projects/Implementation_of_Intelligent_Robotics/challenge/install/motor_control:/home/chrisrvt/projects/Implementation_of_Intelligent_Robotics/challenge/install/differential_drive:/opt/ros/humble PS1=(intelligent_robotics__venv) \[\e]0;\u@\h: \w\a\]${debian_chroot:+($debian_chroot)}\[\033[01;32m\]\u@\h\[\033[00m\]:\[\033[01;34m\]\w\[\033[00m\]\$ VIRTUAL_ENV_PROMPT=(intelligent_robotics__venv) /opt/st/stm32cubeclt_1.18.0/CMake/bin/cmake --install /home/chrisrvt/projects/Implementation_of_Intelligent_Robotics/mobile_land_robots/build/ros2_bubble_rob
[11.440s] Level 1:colcon.colcon_core.environment:create_environment_scripts_only(ros2_bubble_rob)
[11.441s] Level 1:colcon.colcon_core.environment:checking '/home/chrisrvt/projects/Implementation_of_Intelligent_Robotics/mobile_land_robots/install/ros2_bubble_rob' for CMake module files
[11.442s] DEBUG:colcon.colcon_core.event_handler.log_command:Invoked command in '/home/chrisrvt/projects/Implementation_of_Intelligent_Robotics/mobile_land_robots/build/ros2_bubble_rob' returned '0': CMAKE_PREFIX_PATH=${CMAKE_PREFIX_PATH}:/home/chrisrvt/projects/Implementation_of_Intelligent_Robotics/challenge/install/puzzlebot_control:/home/chrisrvt/projects/Implementation_of_Intelligent_Robotics/challenge/install/motor_control:/home/chrisrvt/projects/Implementation_of_Intelligent_Robotics/challenge/install/differential_drive:/opt/ros/humble PS1=(intelligent_robotics__venv) \[\e]0;\u@\h: \w\a\]${debian_chroot:+($debian_chroot)}\[\033[01;32m\]\u@\h\[\033[00m\]:\[\033[01;34m\]\w\[\033[00m\]\$ VIRTUAL_ENV_PROMPT=(intelligent_robotics__venv) /opt/st/stm32cubeclt_1.18.0/CMake/bin/cmake --install /home/chrisrvt/projects/Implementation_of_Intelligent_Robotics/mobile_land_robots/build/ros2_bubble_rob
[11.442s] Level 1:colcon.colcon_core.environment:checking '/home/chrisrvt/projects/Implementation_of_Intelligent_Robotics/mobile_land_robots/install/ros2_bubble_rob' for CMake config files
[11.442s] Level 1:colcon.colcon_core.shell:create_environment_hook('ros2_bubble_rob', 'cmake_prefix_path')
[11.443s] INFO:colcon.colcon_core.shell:Creating environment hook '/home/chrisrvt/projects/Implementation_of_Intelligent_Robotics/mobile_land_robots/install/ros2_bubble_rob/share/ros2_bubble_rob/hook/cmake_prefix_path.ps1'
[11.443s] INFO:colcon.colcon_core.shell:Creating environment descriptor '/home/chrisrvt/projects/Implementation_of_Intelligent_Robotics/mobile_land_robots/install/ros2_bubble_rob/share/ros2_bubble_rob/hook/cmake_prefix_path.dsv'
[11.444s] INFO:colcon.colcon_core.shell:Creating environment hook '/home/chrisrvt/projects/Implementation_of_Intelligent_Robotics/mobile_land_robots/install/ros2_bubble_rob/share/ros2_bubble_rob/hook/cmake_prefix_path.sh'
[11.444s] Level 1:colcon.colcon_core.environment:checking '/home/chrisrvt/projects/Implementation_of_Intelligent_Robotics/mobile_land_robots/install/ros2_bubble_rob/lib'
[11.445s] Level 1:colcon.colcon_core.environment:checking '/home/chrisrvt/projects/Implementation_of_Intelligent_Robotics/mobile_land_robots/install/ros2_bubble_rob/bin'
[11.445s] Level 1:colcon.colcon_core.environment:checking '/home/chrisrvt/projects/Implementation_of_Intelligent_Robotics/mobile_land_robots/install/ros2_bubble_rob/lib/pkgconfig/ros2_bubble_rob.pc'
[11.445s] Level 1:colcon.colcon_core.environment:checking '/home/chrisrvt/projects/Implementation_of_Intelligent_Robotics/mobile_land_robots/install/ros2_bubble_rob/lib/python3.10/site-packages'
[11.445s] Level 1:colcon.colcon_core.environment:checking '/home/chrisrvt/projects/Implementation_of_Intelligent_Robotics/mobile_land_robots/install/ros2_bubble_rob/bin'
[11.445s] INFO:colcon.colcon_core.shell:Creating package script '/home/chrisrvt/projects/Implementation_of_Intelligent_Robotics/mobile_land_robots/install/ros2_bubble_rob/share/ros2_bubble_rob/package.ps1'
[11.446s] INFO:colcon.colcon_core.shell:Creating package descriptor '/home/chrisrvt/projects/Implementation_of_Intelligent_Robotics/mobile_land_robots/install/ros2_bubble_rob/share/ros2_bubble_rob/package.dsv'
[11.446s] INFO:colcon.colcon_core.shell:Creating package script '/home/chrisrvt/projects/Implementation_of_Intelligent_Robotics/mobile_land_robots/install/ros2_bubble_rob/share/ros2_bubble_rob/package.sh'
[11.446s] INFO:colcon.colcon_core.shell:Creating package script '/home/chrisrvt/projects/Implementation_of_Intelligent_Robotics/mobile_land_robots/install/ros2_bubble_rob/share/ros2_bubble_rob/package.bash'
[11.446s] INFO:colcon.colcon_core.shell:Creating package script '/home/chrisrvt/projects/Implementation_of_Intelligent_Robotics/mobile_land_robots/install/ros2_bubble_rob/share/ros2_bubble_rob/package.zsh'
[11.447s] Level 1:colcon.colcon_core.environment:create_file_with_runtime_dependencies(/home/chrisrvt/projects/Implementation_of_Intelligent_Robotics/mobile_land_robots/install/ros2_bubble_rob/share/colcon-core/packages/ros2_bubble_rob)
[11.447s] Level 1:colcon.colcon_core.environment:create_environment_scripts_only(ros2_bubble_rob)
[11.447s] Level 1:colcon.colcon_core.environment:checking '/home/chrisrvt/projects/Implementation_of_Intelligent_Robotics/mobile_land_robots/install/ros2_bubble_rob' for CMake module files
[11.447s] Level 1:colcon.colcon_core.environment:checking '/home/chrisrvt/projects/Implementation_of_Intelligent_Robotics/mobile_land_robots/install/ros2_bubble_rob' for CMake config files
[11.447s] Level 1:colcon.colcon_core.shell:create_environment_hook('ros2_bubble_rob', 'cmake_prefix_path')
[11.448s] INFO:colcon.colcon_core.shell:Creating environment hook '/home/chrisrvt/projects/Implementation_of_Intelligent_Robotics/mobile_land_robots/install/ros2_bubble_rob/share/ros2_bubble_rob/hook/cmake_prefix_path.ps1'
[11.448s] INFO:colcon.colcon_core.shell:Creating environment descriptor '/home/chrisrvt/projects/Implementation_of_Intelligent_Robotics/mobile_land_robots/install/ros2_bubble_rob/share/ros2_bubble_rob/hook/cmake_prefix_path.dsv'
[11.448s] INFO:colcon.colcon_core.shell:Creating environment hook '/home/chrisrvt/projects/Implementation_of_Intelligent_Robotics/mobile_land_robots/install/ros2_bubble_rob/share/ros2_bubble_rob/hook/cmake_prefix_path.sh'
[11.448s] Level 1:colcon.colcon_core.environment:checking '/home/chrisrvt/projects/Implementation_of_Intelligent_Robotics/mobile_land_robots/install/ros2_bubble_rob/lib'
[11.448s] Level 1:colcon.colcon_core.environment:checking '/home/chrisrvt/projects/Implementation_of_Intelligent_Robotics/mobile_land_robots/install/ros2_bubble_rob/bin'
[11.448s] Level 1:colcon.colcon_core.environment:checking '/home/chrisrvt/projects/Implementation_of_Intelligent_Robotics/mobile_land_robots/install/ros2_bubble_rob/lib/pkgconfig/ros2_bubble_rob.pc'
[11.449s] Level 1:colcon.colcon_core.environment:checking '/home/chrisrvt/projects/Implementation_of_Intelligent_Robotics/mobile_land_robots/install/ros2_bubble_rob/lib/python3.10/site-packages'
[11.449s] Level 1:colcon.colcon_core.environment:checking '/home/chrisrvt/projects/Implementation_of_Intelligent_Robotics/mobile_land_robots/install/ros2_bubble_rob/bin'
[11.449s] INFO:colcon.colcon_core.shell:Creating package script '/home/chrisrvt/projects/Implementation_of_Intelligent_Robotics/mobile_land_robots/install/ros2_bubble_rob/share/ros2_bubble_rob/package.ps1'
[11.449s] INFO:colcon.colcon_core.shell:Creating package descriptor '/home/chrisrvt/projects/Implementation_of_Intelligent_Robotics/mobile_land_robots/install/ros2_bubble_rob/share/ros2_bubble_rob/package.dsv'
[11.449s] INFO:colcon.colcon_core.shell:Creating package script '/home/chrisrvt/projects/Implementation_of_Intelligent_Robotics/mobile_land_robots/install/ros2_bubble_rob/share/ros2_bubble_rob/package.sh'
[11.450s] INFO:colcon.colcon_core.shell:Creating package script '/home/chrisrvt/projects/Implementation_of_Intelligent_Robotics/mobile_land_robots/install/ros2_bubble_rob/share/ros2_bubble_rob/package.bash'
[11.450s] INFO:colcon.colcon_core.shell:Creating package script '/home/chrisrvt/projects/Implementation_of_Intelligent_Robotics/mobile_land_robots/install/ros2_bubble_rob/share/ros2_bubble_rob/package.zsh'
[11.450s] Level 1:colcon.colcon_core.environment:create_file_with_runtime_dependencies(/home/chrisrvt/projects/Implementation_of_Intelligent_Robotics/mobile_land_robots/install/ros2_bubble_rob/share/colcon-core/packages/ros2_bubble_rob)
[110.887s] DEBUG:colcon.colcon_core.event_handler.log_command:Invoked command in '/home/chrisrvt/projects/Implementation_of_Intelligent_Robotics/mobile_land_robots/build/sim_ros2_interface' returned '0': CMAKE_PREFIX_PATH=${CMAKE_PREFIX_PATH}:/home/chrisrvt/projects/Implementation_of_Intelligent_Robotics/challenge/install/puzzlebot_control:/home/chrisrvt/projects/Implementation_of_Intelligent_Robotics/challenge/install/motor_control:/home/chrisrvt/projects/Implementation_of_Intelligent_Robotics/challenge/install/differential_drive:/opt/ros/humble PS1=(intelligent_robotics__venv) \[\e]0;\u@\h: \w\a\]${debian_chroot:+($debian_chroot)}\[\033[01;32m\]\u@\h\[\033[00m\]:\[\033[01;34m\]\w\[\033[00m\]\$ VIRTUAL_ENV_PROMPT=(intelligent_robotics__venv) /opt/st/stm32cubeclt_1.18.0/CMake/bin/cmake --build /home/chrisrvt/projects/Implementation_of_Intelligent_Robotics/mobile_land_robots/build/sim_ros2_interface -- -j20 -l20
[110.889s] DEBUG:colcon.colcon_core.event_handler.log_command:Invoking command in '/home/chrisrvt/projects/Implementation_of_Intelligent_Robotics/mobile_land_robots/build/sim_ros2_interface': CMAKE_PREFIX_PATH=${CMAKE_PREFIX_PATH}:/home/chrisrvt/projects/Implementation_of_Intelligent_Robotics/challenge/install/puzzlebot_control:/home/chrisrvt/projects/Implementation_of_Intelligent_Robotics/challenge/install/motor_control:/home/chrisrvt/projects/Implementation_of_Intelligent_Robotics/challenge/install/differential_drive:/opt/ros/humble PS1=(intelligent_robotics__venv) \[\e]0;\u@\h: \w\a\]${debian_chroot:+($debian_chroot)}\[\033[01;32m\]\u@\h\[\033[00m\]:\[\033[01;34m\]\w\[\033[00m\]\$ VIRTUAL_ENV_PROMPT=(intelligent_robotics__venv) /opt/st/stm32cubeclt_1.18.0/CMake/bin/cmake --install /home/chrisrvt/projects/Implementation_of_Intelligent_Robotics/mobile_land_robots/build/sim_ros2_interface
[110.971s] Level 1:colcon.colcon_core.environment:create_environment_scripts_only(sim_ros2_interface)
[110.971s] Level 1:colcon.colcon_core.environment:checking '/home/chrisrvt/projects/Implementation_of_Intelligent_Robotics/mobile_land_robots/install/sim_ros2_interface' for CMake module files
[110.972s] Level 1:colcon.colcon_core.environment:checking '/home/chrisrvt/projects/Implementation_of_Intelligent_Robotics/mobile_land_robots/install/sim_ros2_interface' for CMake config files
[110.972s] DEBUG:colcon.colcon_core.event_handler.log_command:Invoked command in '/home/chrisrvt/projects/Implementation_of_Intelligent_Robotics/mobile_land_robots/build/sim_ros2_interface' returned '0': CMAKE_PREFIX_PATH=${CMAKE_PREFIX_PATH}:/home/chrisrvt/projects/Implementation_of_Intelligent_Robotics/challenge/install/puzzlebot_control:/home/chrisrvt/projects/Implementation_of_Intelligent_Robotics/challenge/install/motor_control:/home/chrisrvt/projects/Implementation_of_Intelligent_Robotics/challenge/install/differential_drive:/opt/ros/humble PS1=(intelligent_robotics__venv) \[\e]0;\u@\h: \w\a\]${debian_chroot:+($debian_chroot)}\[\033[01;32m\]\u@\h\[\033[00m\]:\[\033[01;34m\]\w\[\033[00m\]\$ VIRTUAL_ENV_PROMPT=(intelligent_robotics__venv) /opt/st/stm32cubeclt_1.18.0/CMake/bin/cmake --install /home/chrisrvt/projects/Implementation_of_Intelligent_Robotics/mobile_land_robots/build/sim_ros2_interface
[110.972s] Level 1:colcon.colcon_core.shell:create_environment_hook('sim_ros2_interface', 'cmake_prefix_path')
[110.972s] INFO:colcon.colcon_core.shell:Creating environment hook '/home/chrisrvt/projects/Implementation_of_Intelligent_Robotics/mobile_land_robots/install/sim_ros2_interface/share/sim_ros2_interface/hook/cmake_prefix_path.ps1'
[110.973s] INFO:colcon.colcon_core.shell:Creating environment descriptor '/home/chrisrvt/projects/Implementation_of_Intelligent_Robotics/mobile_land_robots/install/sim_ros2_interface/share/sim_ros2_interface/hook/cmake_prefix_path.dsv'
[110.973s] INFO:colcon.colcon_core.shell:Creating environment hook '/home/chrisrvt/projects/Implementation_of_Intelligent_Robotics/mobile_land_robots/install/sim_ros2_interface/share/sim_ros2_interface/hook/cmake_prefix_path.sh'
[110.973s] Level 1:colcon.colcon_core.environment:checking '/home/chrisrvt/projects/Implementation_of_Intelligent_Robotics/mobile_land_robots/install/sim_ros2_interface/bin'
[110.973s] Level 1:colcon.colcon_core.environment:checking '/home/chrisrvt/projects/Implementation_of_Intelligent_Robotics/mobile_land_robots/install/sim_ros2_interface/lib/pkgconfig/sim_ros2_interface.pc'
[110.973s] Level 1:colcon.colcon_core.environment:checking '/home/chrisrvt/projects/Implementation_of_Intelligent_Robotics/mobile_land_robots/install/sim_ros2_interface/lib/python3.10/site-packages'
[110.974s] Level 1:colcon.colcon_core.environment:checking '/home/chrisrvt/projects/Implementation_of_Intelligent_Robotics/mobile_land_robots/install/sim_ros2_interface/bin'
[110.974s] INFO:colcon.colcon_core.shell:Creating package script '/home/chrisrvt/projects/Implementation_of_Intelligent_Robotics/mobile_land_robots/install/sim_ros2_interface/share/sim_ros2_interface/package.ps1'
[110.974s] INFO:colcon.colcon_core.shell:Creating package descriptor '/home/chrisrvt/projects/Implementation_of_Intelligent_Robotics/mobile_land_robots/install/sim_ros2_interface/share/sim_ros2_interface/package.dsv'
[110.975s] INFO:colcon.colcon_core.shell:Creating package script '/home/chrisrvt/projects/Implementation_of_Intelligent_Robotics/mobile_land_robots/install/sim_ros2_interface/share/sim_ros2_interface/package.sh'
[110.975s] INFO:colcon.colcon_core.shell:Creating package script '/home/chrisrvt/projects/Implementation_of_Intelligent_Robotics/mobile_land_robots/install/sim_ros2_interface/share/sim_ros2_interface/package.bash'
[110.976s] INFO:colcon.colcon_core.shell:Creating package script '/home/chrisrvt/projects/Implementation_of_Intelligent_Robotics/mobile_land_robots/install/sim_ros2_interface/share/sim_ros2_interface/package.zsh'
[110.976s] Level 1:colcon.colcon_core.environment:create_file_with_runtime_dependencies(/home/chrisrvt/projects/Implementation_of_Intelligent_Robotics/mobile_land_robots/install/sim_ros2_interface/share/colcon-core/packages/sim_ros2_interface)
[110.977s] Level 1:colcon.colcon_core.environment:create_environment_scripts_only(sim_ros2_interface)
[110.977s] Level 1:colcon.colcon_core.environment:checking '/home/chrisrvt/projects/Implementation_of_Intelligent_Robotics/mobile_land_robots/install/sim_ros2_interface' for CMake module files
[110.977s] Level 1:colcon.colcon_core.environment:checking '/home/chrisrvt/projects/Implementation_of_Intelligent_Robotics/mobile_land_robots/install/sim_ros2_interface' for CMake config files
[110.977s] Level 1:colcon.colcon_core.shell:create_environment_hook('sim_ros2_interface', 'cmake_prefix_path')
[110.978s] INFO:colcon.colcon_core.shell:Creating environment hook '/home/chrisrvt/projects/Implementation_of_Intelligent_Robotics/mobile_land_robots/install/sim_ros2_interface/share/sim_ros2_interface/hook/cmake_prefix_path.ps1'
[110.978s] INFO:colcon.colcon_core.shell:Creating environment descriptor '/home/chrisrvt/projects/Implementation_of_Intelligent_Robotics/mobile_land_robots/install/sim_ros2_interface/share/sim_ros2_interface/hook/cmake_prefix_path.dsv'
[110.979s] INFO:colcon.colcon_core.shell:Creating environment hook '/home/chrisrvt/projects/Implementation_of_Intelligent_Robotics/mobile_land_robots/install/sim_ros2_interface/share/sim_ros2_interface/hook/cmake_prefix_path.sh'
[110.979s] Level 1:colcon.colcon_core.environment:checking '/home/chrisrvt/projects/Implementation_of_Intelligent_Robotics/mobile_land_robots/install/sim_ros2_interface/bin'
[110.979s] Level 1:colcon.colcon_core.environment:checking '/home/chrisrvt/projects/Implementation_of_Intelligent_Robotics/mobile_land_robots/install/sim_ros2_interface/lib/pkgconfig/sim_ros2_interface.pc'
[110.980s] Level 1:colcon.colcon_core.environment:checking '/home/chrisrvt/projects/Implementation_of_Intelligent_Robotics/mobile_land_robots/install/sim_ros2_interface/lib/python3.10/site-packages'
[110.980s] Level 1:colcon.colcon_core.environment:checking '/home/chrisrvt/projects/Implementation_of_Intelligent_Robotics/mobile_land_robots/install/sim_ros2_interface/bin'
[110.980s] INFO:colcon.colcon_core.shell:Creating package script '/home/chrisrvt/projects/Implementation_of_Intelligent_Robotics/mobile_land_robots/install/sim_ros2_interface/share/sim_ros2_interface/package.ps1'
[110.981s] INFO:colcon.colcon_core.shell:Creating package descriptor '/home/chrisrvt/projects/Implementation_of_Intelligent_Robotics/mobile_land_robots/install/sim_ros2_interface/share/sim_ros2_interface/package.dsv'
[110.981s] INFO:colcon.colcon_core.shell:Creating package script '/home/chrisrvt/projects/Implementation_of_Intelligent_Robotics/mobile_land_robots/install/sim_ros2_interface/share/sim_ros2_interface/package.sh'
[110.982s] INFO:colcon.colcon_core.shell:Creating package script '/home/chrisrvt/projects/Implementation_of_Intelligent_Robotics/mobile_land_robots/install/sim_ros2_interface/share/sim_ros2_interface/package.bash'
[110.982s] INFO:colcon.colcon_core.shell:Creating package script '/home/chrisrvt/projects/Implementation_of_Intelligent_Robotics/mobile_land_robots/install/sim_ros2_interface/share/sim_ros2_interface/package.zsh'
[110.983s] Level 1:colcon.colcon_core.environment:create_file_with_runtime_dependencies(/home/chrisrvt/projects/Implementation_of_Intelligent_Robotics/mobile_land_robots/install/sim_ros2_interface/share/colcon-core/packages/sim_ros2_interface)
[110.983s] DEBUG:colcon.colcon_parallel_executor.executor.parallel:closing loop
[110.983s] DEBUG:colcon.colcon_parallel_executor.executor.parallel:loop closed
[110.983s] DEBUG:colcon.colcon_parallel_executor.executor.parallel:run_until_complete finished with '0'
[110.983s] DEBUG:colcon.colcon_core.event_reactor:joining thread
[110.990s] INFO:colcon.colcon_core.plugin_system:Skipping extension 'colcon_notification.desktop_notification.terminal_notifier': Not used on non-Darwin systems
[110.990s] INFO:colcon.colcon_core.plugin_system:Skipping extension 'colcon_notification.desktop_notification.win32': Not used on non-Windows systems
[110.990s] INFO:colcon.colcon_notification.desktop_notification:Sending desktop notification using 'notify2'
[111.006s] DEBUG:colcon.colcon_core.event_reactor:joined thread
[111.006s] INFO:colcon.colcon_core.shell:Creating prefix script '/home/chrisrvt/projects/Implementation_of_Intelligent_Robotics/mobile_land_robots/install/local_setup.ps1'
[111.007s] INFO:colcon.colcon_core.shell:Creating prefix util module '/home/chrisrvt/projects/Implementation_of_Intelligent_Robotics/mobile_land_robots/install/_local_setup_util_ps1.py'
[111.008s] INFO:colcon.colcon_core.shell:Creating prefix chain script '/home/chrisrvt/projects/Implementation_of_Intelligent_Robotics/mobile_land_robots/install/setup.ps1'
[111.019s] INFO:colcon.colcon_core.shell:Creating prefix script '/home/chrisrvt/projects/Implementation_of_Intelligent_Robotics/mobile_land_robots/install/local_setup.sh'
[111.020s] INFO:colcon.colcon_core.shell:Creating prefix util module '/home/chrisrvt/projects/Implementation_of_Intelligent_Robotics/mobile_land_robots/install/_local_setup_util_sh.py'
[111.020s] INFO:colcon.colcon_core.shell:Creating prefix chain script '/home/chrisrvt/projects/Implementation_of_Intelligent_Robotics/mobile_land_robots/install/setup.sh'
[111.021s] INFO:colcon.colcon_core.shell:Creating prefix script '/home/chrisrvt/projects/Implementation_of_Intelligent_Robotics/mobile_land_robots/install/local_setup.bash'
[111.022s] INFO:colcon.colcon_core.shell:Creating prefix chain script '/home/chrisrvt/projects/Implementation_of_Intelligent_Robotics/mobile_land_robots/install/setup.bash'
[111.022s] INFO:colcon.colcon_core.shell:Creating prefix script '/home/chrisrvt/projects/Implementation_of_Intelligent_Robotics/mobile_land_robots/install/local_setup.zsh'
[111.023s] INFO:colcon.colcon_core.shell:Creating prefix chain script '/home/chrisrvt/projects/Implementation_of_Intelligent_Robotics/mobile_land_robots/install/setup.zsh'
