-- Found ament_cmake: 1.3.11 (/opt/ros/humble/share/ament_cmake/cmake)
-- Override CMake install command with custom implementation using symlinks instead of copying resources
-- Found ament_cmake_ros: 0.10.0 (/opt/ros/humble/share/ament_cmake_ros/cmake)
-- Found diagnostic_msgs: 4.8.0 (/opt/ros/humble/share/diagnostic_msgs/cmake)
-- Found rosidl_generator_c: 3.1.6 (/opt/ros/humble/share/rosidl_generator_c/cmake)
-- Found rosidl_adapter: 3.1.6 (/opt/ros/humble/share/rosidl_adapter/cmake)
-- Found rosidl_generator_cpp: 3.1.6 (/opt/ros/humble/share/rosidl_generator_cpp/cmake)
-- Using all available rosidl_typesupport_c: rosidl_typesupport_fastrtps_c;rosidl_typesupport_introspection_c
-- Using all available rosidl_typesupport_cpp: rosidl_typesupport_fastrtps_cpp;rosidl_typesupport_introspection_cpp
-- Found geometry_msgs: 4.8.0 (/opt/ros/humble/share/geometry_msgs/cmake)
-- Found lifecycle_msgs: 1.2.1 (/opt/ros/humble/share/lifecycle_msgs/cmake)
-- Found map_msgs: 2.1.0 (/opt/ros/humble/share/map_msgs/cmake)
-- Found pendulum_msgs: 0.20.5 (/opt/ros/humble/share/pendulum_msgs/cmake)
-- Found rosgraph_msgs: 1.2.1 (/opt/ros/humble/share/rosgraph_msgs/cmake)
-- Found shape_msgs: 4.8.0 (/opt/ros/humble/share/shape_msgs/cmake)
-- Found stereo_msgs: 4.8.0 (/opt/ros/humble/share/stereo_msgs/cmake)
-- Found tf2_geometry_msgs: 0.25.12 (/opt/ros/humble/share/tf2_geometry_msgs/cmake)
-- Found eigen3_cmake_module: 0.1.1 (/opt/ros/humble/share/eigen3_cmake_module/cmake)
-- Ensuring Eigen3 include directory is part of orocos-kdl CMake target
-- Found rmw_implementation_cmake: 6.1.2 (/opt/ros/humble/share/rmw_implementation_cmake/cmake)
-- Found rmw_fastrtps_cpp: 6.2.7 (/opt/ros/humble/share/rmw_fastrtps_cpp/cmake)
-- Using RMW implementation 'rmw_fastrtps_cpp' as default
-- Found trajectory_msgs: 4.8.0 (/opt/ros/humble/share/trajectory_msgs/cmake)
-- Found visualization_msgs: 4.8.0 (/opt/ros/humble/share/visualization_msgs/cmake)
-- Found std_srvs: 4.8.0 (/opt/ros/humble/share/std_srvs/cmake)
-- Found example_interfaces: 0.9.3 (/opt/ros/humble/share/example_interfaces/cmake)
-- Found image_transport: 3.1.11 (/opt/ros/humble/share/image_transport/cmake)
-- CoppeliaSim: COPPELIASIM_INCLUDE_DIR: /home/chrisrvt/CoppeliaSim_Edu_V4_9_0_rev6_Ubuntu22_04/programming/include
-- CoppeliaSim: COPPELIASIM_ROOT_DIR: /home/chrisrvt/CoppeliaSim_Edu_V4_9_0_rev6_Ubuntu22_04
-- Checking CoppeliaSim header version...
-- CoppeliaSim headers version 4.9.0 rev6
-- CoppeliaSim: COPPELIASIM_RESOURCES_DIR: /home/chrisrvt/CoppeliaSim_Edu_V4_9_0_rev6_Ubuntu22_04
-- CoppeliaSim: COPPELIASIM_PLUGINS_DIR: /home/chrisrvt/CoppeliaSim_Edu_V4_9_0_rev6_Ubuntu22_04
-- CoppeliaSim: COPPELIASIM_EXECUTABLES_DIR: /home/chrisrvt/CoppeliaSim_Edu_V4_9_0_rev6_Ubuntu22_04
-- CoppeliaSim: COPPELIASIM_LIBRARIES_DIR: /home/chrisrvt/CoppeliaSim_Edu_V4_9_0_rev6_Ubuntu22_04
-- CoppeliaSim: COPPELIASIM_ADDONS_DIR: /home/chrisrvt/CoppeliaSim_Edu_V4_9_0_rev6_Ubuntu22_04/addOns
-- CoppeliaSim: COPPELIASIM_MANUAL_DIR: /home/chrisrvt/CoppeliaSim_Edu_V4_9_0_rev6_Ubuntu22_04/manual
-- CoppeliaSim: COPPELIASIM_MODELS_DIR: /home/chrisrvt/CoppeliaSim_Edu_V4_9_0_rev6_Ubuntu22_04/models
-- CoppeliaSim: COPPELIASIM_SCENES_DIR: /home/chrisrvt/CoppeliaSim_Edu_V4_9_0_rev6_Ubuntu22_04/scenes
-- CoppeliaSim: COPPELIASIM_LUA_DIR: /home/chrisrvt/CoppeliaSim_Edu_V4_9_0_rev6_Ubuntu22_04/lua
-- CoppeliaSim: COPPELIASIM_PYTHON_DIR: /home/chrisrvt/CoppeliaSim_Edu_V4_9_0_rev6_Ubuntu22_04/python
-- CoppeliaSim: COPPELIASIM_EXECUTABLE: /home/chrisrvt/CoppeliaSim_Edu_V4_9_0_rev6_Ubuntu22_04/coppeliaSim
-- Found Boost: /usr/lib/x86_64-linux-gnu/cmake/Boost-1.74.0/BoostConfig.cmake (found version "1.74.0") found components: regex 
-- Found Boost: /usr/lib/x86_64-linux-gnu/cmake/Boost-1.74.0/BoostConfig.cmake (found version "1.74.0")  
-- Adding simStubsGen command...
-- Reading plugin metadata...
-- Plugin: simROS2
-- Configuring done (1.4s)
-- Generating done (0.0s)
-- Build files have been written to: /home/chrisrvt/projects/Implementation_of_Intelligent_Robotics/mobile_land_robots/build/sim_ros2_interface
[ 75%] Built target generate_ros_code
[100%] Built target simROS2
-- Install configuration: "release"
-- Execute custom install script
-- Up-to-date symlink: /home/chrisrvt/CoppeliaSim_Edu_V4_9_0_rev6_Ubuntu22_04/lua/simROS2-typecheck.lua
-- Up-to-date symlink: /home/chrisrvt/CoppeliaSim_Edu_V4_9_0_rev6_Ubuntu22_04/lua/simROS2.lua
-- Up-to-date symlink: /home/chrisrvt/CoppeliaSim_Edu_V4_9_0_rev6_Ubuntu22_04/manual/en/simROS2.htm
-- Up-to-date symlink: /home/chrisrvt/CoppeliaSim_Edu_V4_9_0_rev6_Ubuntu22_04/manual/index/simROS2.json
-- Up-to-date symlink: /home/chrisrvt/CoppeliaSim_Edu_V4_9_0_rev6_Ubuntu22_04/lua/simROS2-ce.lua
-- Up-to-date symlink: /home/chrisrvt/CoppeliaSim_Edu_V4_9_0_rev6_Ubuntu22_04/libsimROS2.so
-- Up-to-date symlink: /home/chrisrvt/projects/Implementation_of_Intelligent_Robotics/mobile_land_robots/install/sim_ros2_interface/share/ament_index/resource_index/package_run_dependencies/sim_ros2_interface
-- Up-to-date symlink: /home/chrisrvt/projects/Implementation_of_Intelligent_Robotics/mobile_land_robots/install/sim_ros2_interface/share/ament_index/resource_index/parent_prefix_path/sim_ros2_interface
-- Up-to-date symlink: /home/chrisrvt/projects/Implementation_of_Intelligent_Robotics/mobile_land_robots/install/sim_ros2_interface/share/sim_ros2_interface/environment/ament_prefix_path.sh
-- Up-to-date symlink: /home/chrisrvt/projects/Implementation_of_Intelligent_Robotics/mobile_land_robots/install/sim_ros2_interface/share/sim_ros2_interface/environment/ament_prefix_path.dsv
-- Up-to-date symlink: /home/chrisrvt/projects/Implementation_of_Intelligent_Robotics/mobile_land_robots/install/sim_ros2_interface/share/sim_ros2_interface/environment/path.sh
-- Up-to-date symlink: /home/chrisrvt/projects/Implementation_of_Intelligent_Robotics/mobile_land_robots/install/sim_ros2_interface/share/sim_ros2_interface/environment/path.dsv
-- Up-to-date symlink: /home/chrisrvt/projects/Implementation_of_Intelligent_Robotics/mobile_land_robots/install/sim_ros2_interface/share/sim_ros2_interface/local_setup.bash
-- Up-to-date symlink: /home/chrisrvt/projects/Implementation_of_Intelligent_Robotics/mobile_land_robots/install/sim_ros2_interface/share/sim_ros2_interface/local_setup.sh
-- Up-to-date symlink: /home/chrisrvt/projects/Implementation_of_Intelligent_Robotics/mobile_land_robots/install/sim_ros2_interface/share/sim_ros2_interface/local_setup.zsh
-- Up-to-date symlink: /home/chrisrvt/projects/Implementation_of_Intelligent_Robotics/mobile_land_robots/install/sim_ros2_interface/share/sim_ros2_interface/local_setup.dsv
-- Symlinking: /home/chrisrvt/projects/Implementation_of_Intelligent_Robotics/mobile_land_robots/install/sim_ros2_interface/share/sim_ros2_interface/package.dsv
-- Up-to-date symlink: /home/chrisrvt/projects/Implementation_of_Intelligent_Robotics/mobile_land_robots/install/sim_ros2_interface/share/ament_index/resource_index/packages/sim_ros2_interface
-- Up-to-date symlink: /home/chrisrvt/projects/Implementation_of_Intelligent_Robotics/mobile_land_robots/install/sim_ros2_interface/share/sim_ros2_interface/cmake/sim_ros2_interfaceConfig.cmake
-- Up-to-date symlink: /home/chrisrvt/projects/Implementation_of_Intelligent_Robotics/mobile_land_robots/install/sim_ros2_interface/share/sim_ros2_interface/cmake/sim_ros2_interfaceConfig-version.cmake
-- Up-to-date symlink: /home/chrisrvt/projects/Implementation_of_Intelligent_Robotics/mobile_land_robots/install/sim_ros2_interface/share/sim_ros2_interface/package.xml
