[0.150s] Invoking command in '/home/chrisrvt/projects/Implementation_of_Intelligent_Robotics/mobile_land_robots/build/sim_ros2_interface': CMAKE_PREFIX_PATH=${CMAKE_PREFIX_PATH}:/home/chrisrvt/projects/Implementation_of_Intelligent_Robotics/mobile_land_robots/install/coppelia_sim_ros2:/home/chrisrvt/projects/Implementation_of_Intelligent_Robotics/challenge/install/puzzlebot_control:/home/chrisrvt/projects/Implementation_of_Intelligent_Robotics/challenge/install/motor_control:/home/chrisrvt/projects/Implementation_of_Intelligent_Robotics/challenge/install/differential_drive:/opt/ros/humble /opt/st/stm32cubeclt_1.18.0/CMake/bin/cmake /home/chrisrvt/projects/Implementation_of_Intelligent_Robotics/mobile_land_robots/src/simROS2 -DCMAKE_INSTALL_PREFIX=/home/chrisrvt/projects/Implementation_of_Intelligent_Robotics/mobile_land_robots/install/sim_ros2_interface
[0.170s] -- Found ament_cmake: 1.3.11 (/opt/ros/humble/share/ament_cmake/cmake)
[0.344s] -- Override CMake install command with custom implementation using symlinks instead of copying resources
[0.349s] -- Found ament_cmake_ros: 0.10.0 (/opt/ros/humble/share/ament_cmake_ros/cmake)
[0.353s] -- Found diagnostic_msgs: 4.8.0 (/opt/ros/humble/share/diagnostic_msgs/cmake)
[0.374s] -- Found rosidl_generator_c: 3.1.6 (/opt/ros/humble/share/rosidl_generator_c/cmake)
[0.377s] -- Found rosidl_adapter: 3.1.6 (/opt/ros/humble/share/rosidl_adapter/cmake)
[0.381s] -- Found rosidl_generator_cpp: 3.1.6 (/opt/ros/humble/share/rosidl_generator_cpp/cmake)
[0.390s] -- Using all available rosidl_typesupport_c: rosidl_typesupport_fastrtps_c;rosidl_typesupport_introspection_c
[0.401s] -- Using all available rosidl_typesupport_cpp: rosidl_typesupport_fastrtps_cpp;rosidl_typesupport_introspection_cpp
[0.438s] -- Found geometry_msgs: 4.8.0 (/opt/ros/humble/share/geometry_msgs/cmake)
[0.453s] -- Found lifecycle_msgs: 1.2.1 (/opt/ros/humble/share/lifecycle_msgs/cmake)
[0.467s] -- Found map_msgs: 2.1.0 (/opt/ros/humble/share/map_msgs/cmake)
[0.527s] -- Found pendulum_msgs: 0.20.5 (/opt/ros/humble/share/pendulum_msgs/cmake)
[0.539s] -- Found rosgraph_msgs: 1.2.1 (/opt/ros/humble/share/rosgraph_msgs/cmake)
[0.551s] -- Found shape_msgs: 4.8.0 (/opt/ros/humble/share/shape_msgs/cmake)
[0.565s] -- Found stereo_msgs: 4.8.0 (/opt/ros/humble/share/stereo_msgs/cmake)
[0.583s] -- Found tf2_geometry_msgs: 0.25.12 (/opt/ros/humble/share/tf2_geometry_msgs/cmake)
[0.590s] -- Found eigen3_cmake_module: 0.1.1 (/opt/ros/humble/share/eigen3_cmake_module/cmake)
[0.592s] -- Ensuring Eigen3 include directory is part of orocos-kdl CMake target
[0.651s] -- Found rmw_implementation_cmake: 6.1.2 (/opt/ros/humble/share/rmw_implementation_cmake/cmake)
[0.652s] -- Found rmw_fastrtps_cpp: 6.2.7 (/opt/ros/humble/share/rmw_fastrtps_cpp/cmake)
[0.744s] -- Using RMW implementation 'rmw_fastrtps_cpp' as default
[0.842s] -- Found trajectory_msgs: 4.8.0 (/opt/ros/humble/share/trajectory_msgs/cmake)
[0.860s] -- Found visualization_msgs: 4.8.0 (/opt/ros/humble/share/visualization_msgs/cmake)
[0.880s] -- Found std_srvs: 4.8.0 (/opt/ros/humble/share/std_srvs/cmake)
[0.890s] -- Found example_interfaces: 0.9.3 (/opt/ros/humble/share/example_interfaces/cmake)
[0.904s] -- Found image_transport: 3.1.11 (/opt/ros/humble/share/image_transport/cmake)
[0.920s] -- CoppeliaSim: COPPELIASIM_INCLUDE_DIR: /home/chrisrvt/CoppeliaSim_Edu_V4_9_0_rev6_Ubuntu22_04/programming/include
[0.920s] -- CoppeliaSim: COPPELIASIM_ROOT_DIR: /home/chrisrvt/CoppeliaSim_Edu_V4_9_0_rev6_Ubuntu22_04
[0.920s] -- Checking CoppeliaSim header version...
[1.174s] -- CoppeliaSim headers version 4.9.0 rev6
[1.174s] -- CoppeliaSim: COPPELIASIM_RESOURCES_DIR: /home/chrisrvt/CoppeliaSim_Edu_V4_9_0_rev6_Ubuntu22_04
[1.174s] -- CoppeliaSim: COPPELIASIM_PLUGINS_DIR: /home/chrisrvt/CoppeliaSim_Edu_V4_9_0_rev6_Ubuntu22_04
[1.174s] -- CoppeliaSim: COPPELIASIM_EXECUTABLES_DIR: /home/chrisrvt/CoppeliaSim_Edu_V4_9_0_rev6_Ubuntu22_04
[1.174s] -- CoppeliaSim: COPPELIASIM_LIBRARIES_DIR: /home/chrisrvt/CoppeliaSim_Edu_V4_9_0_rev6_Ubuntu22_04
[1.174s] -- CoppeliaSim: COPPELIASIM_ADDONS_DIR: /home/chrisrvt/CoppeliaSim_Edu_V4_9_0_rev6_Ubuntu22_04/addOns
[1.174s] -- CoppeliaSim: COPPELIASIM_MANUAL_DIR: /home/chrisrvt/CoppeliaSim_Edu_V4_9_0_rev6_Ubuntu22_04/manual
[1.174s] -- CoppeliaSim: COPPELIASIM_MODELS_DIR: /home/chrisrvt/CoppeliaSim_Edu_V4_9_0_rev6_Ubuntu22_04/models
[1.174s] -- CoppeliaSim: COPPELIASIM_SCENES_DIR: /home/chrisrvt/CoppeliaSim_Edu_V4_9_0_rev6_Ubuntu22_04/scenes
[1.174s] -- CoppeliaSim: COPPELIASIM_LUA_DIR: /home/chrisrvt/CoppeliaSim_Edu_V4_9_0_rev6_Ubuntu22_04/lua
[1.174s] -- CoppeliaSim: COPPELIASIM_PYTHON_DIR: /home/chrisrvt/CoppeliaSim_Edu_V4_9_0_rev6_Ubuntu22_04/python
[1.174s] -- CoppeliaSim: COPPELIASIM_EXECUTABLE: /home/chrisrvt/CoppeliaSim_Edu_V4_9_0_rev6_Ubuntu22_04/coppeliaSim
[1.179s] -- Found Boost: /usr/lib/x86_64-linux-gnu/cmake/Boost-1.74.0/BoostConfig.cmake (found version "1.74.0") found components: regex 
[1.296s] -- Found Boost: /usr/lib/x86_64-linux-gnu/cmake/Boost-1.74.0/BoostConfig.cmake (found version "1.74.0")  
[1.298s] -- Adding simStubsGen command...
[1.420s] -- Reading plugin metadata...
[1.453s] warning: missing python package "xmlschema"; input file callbacks.xml will not be validated.
[1.478s] warning: missing python package "xmlschema"; input file callbacks.xml will not be validated.
[1.487s] -- Plugin: simROS2
[1.548s] -- Configuring done (1.4s)
[1.567s] -- Generating done (0.0s)
[1.571s] -- Build files have been written to: /home/chrisrvt/projects/Implementation_of_Intelligent_Robotics/mobile_land_robots/build/sim_ros2_interface
[1.578s] Invoked command in '/home/chrisrvt/projects/Implementation_of_Intelligent_Robotics/mobile_land_robots/build/sim_ros2_interface' returned '0': CMAKE_PREFIX_PATH=${CMAKE_PREFIX_PATH}:/home/chrisrvt/projects/Implementation_of_Intelligent_Robotics/mobile_land_robots/install/coppelia_sim_ros2:/home/chrisrvt/projects/Implementation_of_Intelligent_Robotics/challenge/install/puzzlebot_control:/home/chrisrvt/projects/Implementation_of_Intelligent_Robotics/challenge/install/motor_control:/home/chrisrvt/projects/Implementation_of_Intelligent_Robotics/challenge/install/differential_drive:/opt/ros/humble /opt/st/stm32cubeclt_1.18.0/CMake/bin/cmake /home/chrisrvt/projects/Implementation_of_Intelligent_Robotics/mobile_land_robots/src/simROS2 -DCMAKE_INSTALL_PREFIX=/home/chrisrvt/projects/Implementation_of_Intelligent_Robotics/mobile_land_robots/install/sim_ros2_interface
[1.579s] Invoking command in '/home/chrisrvt/projects/Implementation_of_Intelligent_Robotics/mobile_land_robots/build/sim_ros2_interface': CMAKE_PREFIX_PATH=${CMAKE_PREFIX_PATH}:/home/chrisrvt/projects/Implementation_of_Intelligent_Robotics/mobile_land_robots/install/coppelia_sim_ros2:/home/chrisrvt/projects/Implementation_of_Intelligent_Robotics/challenge/install/puzzlebot_control:/home/chrisrvt/projects/Implementation_of_Intelligent_Robotics/challenge/install/motor_control:/home/chrisrvt/projects/Implementation_of_Intelligent_Robotics/challenge/install/differential_drive:/opt/ros/humble /opt/st/stm32cubeclt_1.18.0/CMake/bin/cmake --build /home/chrisrvt/projects/Implementation_of_Intelligent_Robotics/mobile_land_robots/build/sim_ros2_interface -- -j20 -l20
[1.604s] [ 75%] Built target generate_ros_code
[1.676s] [100%] Built target simROS2
[1.683s] Invoked command in '/home/chrisrvt/projects/Implementation_of_Intelligent_Robotics/mobile_land_robots/build/sim_ros2_interface' returned '0': CMAKE_PREFIX_PATH=${CMAKE_PREFIX_PATH}:/home/chrisrvt/projects/Implementation_of_Intelligent_Robotics/mobile_land_robots/install/coppelia_sim_ros2:/home/chrisrvt/projects/Implementation_of_Intelligent_Robotics/challenge/install/puzzlebot_control:/home/chrisrvt/projects/Implementation_of_Intelligent_Robotics/challenge/install/motor_control:/home/chrisrvt/projects/Implementation_of_Intelligent_Robotics/challenge/install/differential_drive:/opt/ros/humble /opt/st/stm32cubeclt_1.18.0/CMake/bin/cmake --build /home/chrisrvt/projects/Implementation_of_Intelligent_Robotics/mobile_land_robots/build/sim_ros2_interface -- -j20 -l20
[1.685s] Invoking command in '/home/chrisrvt/projects/Implementation_of_Intelligent_Robotics/mobile_land_robots/build/sim_ros2_interface': CMAKE_PREFIX_PATH=${CMAKE_PREFIX_PATH}:/home/chrisrvt/projects/Implementation_of_Intelligent_Robotics/mobile_land_robots/install/coppelia_sim_ros2:/home/chrisrvt/projects/Implementation_of_Intelligent_Robotics/challenge/install/puzzlebot_control:/home/chrisrvt/projects/Implementation_of_Intelligent_Robotics/challenge/install/motor_control:/home/chrisrvt/projects/Implementation_of_Intelligent_Robotics/challenge/install/differential_drive:/opt/ros/humble /opt/st/stm32cubeclt_1.18.0/CMake/bin/cmake --install /home/chrisrvt/projects/Implementation_of_Intelligent_Robotics/mobile_land_robots/build/sim_ros2_interface
[1.686s] -- Install configuration: "release"
[1.687s] -- Execute custom install script
[1.687s] -- Up-to-date symlink: /home/chrisrvt/CoppeliaSim_Edu_V4_9_0_rev6_Ubuntu22_04/lua/simROS2-typecheck.lua
[1.688s] -- Up-to-date symlink: /home/chrisrvt/CoppeliaSim_Edu_V4_9_0_rev6_Ubuntu22_04/lua/simROS2.lua
[1.688s] -- Up-to-date symlink: /home/chrisrvt/CoppeliaSim_Edu_V4_9_0_rev6_Ubuntu22_04/manual/en/simROS2.htm
[1.688s] -- Up-to-date symlink: /home/chrisrvt/CoppeliaSim_Edu_V4_9_0_rev6_Ubuntu22_04/manual/index/simROS2.json
[1.689s] -- Up-to-date symlink: /home/chrisrvt/CoppeliaSim_Edu_V4_9_0_rev6_Ubuntu22_04/lua/simROS2-ce.lua
[1.689s] -- Up-to-date symlink: /home/chrisrvt/CoppeliaSim_Edu_V4_9_0_rev6_Ubuntu22_04/libsimROS2.so
[1.689s] -- Up-to-date symlink: /home/chrisrvt/projects/Implementation_of_Intelligent_Robotics/mobile_land_robots/install/sim_ros2_interface/share/ament_index/resource_index/package_run_dependencies/sim_ros2_interface
[1.689s] -- Up-to-date symlink: /home/chrisrvt/projects/Implementation_of_Intelligent_Robotics/mobile_land_robots/install/sim_ros2_interface/share/ament_index/resource_index/parent_prefix_path/sim_ros2_interface
[1.690s] -- Up-to-date symlink: /home/chrisrvt/projects/Implementation_of_Intelligent_Robotics/mobile_land_robots/install/sim_ros2_interface/share/sim_ros2_interface/environment/ament_prefix_path.sh
[1.690s] -- Up-to-date symlink: /home/chrisrvt/projects/Implementation_of_Intelligent_Robotics/mobile_land_robots/install/sim_ros2_interface/share/sim_ros2_interface/environment/ament_prefix_path.dsv
[1.690s] -- Up-to-date symlink: /home/chrisrvt/projects/Implementation_of_Intelligent_Robotics/mobile_land_robots/install/sim_ros2_interface/share/sim_ros2_interface/environment/path.sh
[1.690s] -- Up-to-date symlink: /home/chrisrvt/projects/Implementation_of_Intelligent_Robotics/mobile_land_robots/install/sim_ros2_interface/share/sim_ros2_interface/environment/path.dsv
[1.690s] -- Up-to-date symlink: /home/chrisrvt/projects/Implementation_of_Intelligent_Robotics/mobile_land_robots/install/sim_ros2_interface/share/sim_ros2_interface/local_setup.bash
[1.691s] -- Up-to-date symlink: /home/chrisrvt/projects/Implementation_of_Intelligent_Robotics/mobile_land_robots/install/sim_ros2_interface/share/sim_ros2_interface/local_setup.sh
[1.691s] -- Up-to-date symlink: /home/chrisrvt/projects/Implementation_of_Intelligent_Robotics/mobile_land_robots/install/sim_ros2_interface/share/sim_ros2_interface/local_setup.zsh
[1.691s] -- Up-to-date symlink: /home/chrisrvt/projects/Implementation_of_Intelligent_Robotics/mobile_land_robots/install/sim_ros2_interface/share/sim_ros2_interface/local_setup.dsv
[1.691s] -- Symlinking: /home/chrisrvt/projects/Implementation_of_Intelligent_Robotics/mobile_land_robots/install/sim_ros2_interface/share/sim_ros2_interface/package.dsv
[1.695s] -- Up-to-date symlink: /home/chrisrvt/projects/Implementation_of_Intelligent_Robotics/mobile_land_robots/install/sim_ros2_interface/share/ament_index/resource_index/packages/sim_ros2_interface
[1.695s] -- Up-to-date symlink: /home/chrisrvt/projects/Implementation_of_Intelligent_Robotics/mobile_land_robots/install/sim_ros2_interface/share/sim_ros2_interface/cmake/sim_ros2_interfaceConfig.cmake
[1.695s] -- Up-to-date symlink: /home/chrisrvt/projects/Implementation_of_Intelligent_Robotics/mobile_land_robots/install/sim_ros2_interface/share/sim_ros2_interface/cmake/sim_ros2_interfaceConfig-version.cmake
[1.695s] -- Up-to-date symlink: /home/chrisrvt/projects/Implementation_of_Intelligent_Robotics/mobile_land_robots/install/sim_ros2_interface/share/sim_ros2_interface/package.xml
[1.698s] Invoked command in '/home/chrisrvt/projects/Implementation_of_Intelligent_Robotics/mobile_land_robots/build/sim_ros2_interface' returned '0': CMAKE_PREFIX_PATH=${CMAKE_PREFIX_PATH}:/home/chrisrvt/projects/Implementation_of_Intelligent_Robotics/mobile_land_robots/install/coppelia_sim_ros2:/home/chrisrvt/projects/Implementation_of_Intelligent_Robotics/challenge/install/puzzlebot_control:/home/chrisrvt/projects/Implementation_of_Intelligent_Robotics/challenge/install/motor_control:/home/chrisrvt/projects/Implementation_of_Intelligent_Robotics/challenge/install/differential_drive:/opt/ros/humble /opt/st/stm32cubeclt_1.18.0/CMake/bin/cmake --install /home/chrisrvt/projects/Implementation_of_Intelligent_Robotics/mobile_land_robots/build/sim_ros2_interface
