[0.161s] Invoking command in '/home/chrisrvt/projects/Implementation_of_Intelligent_Robotics/mobile_land_robots/build/sim_ros2_interface': CMAKE_PREFIX_PATH=${CMAKE_PREFIX_PATH}:/home/chrisrvt/projects/Implementation_of_Intelligent_Robotics/challenge/install/puzzlebot_control:/home/chrisrvt/projects/Implementation_of_Intelligent_Robotics/challenge/install/motor_control:/home/chrisrvt/projects/Implementation_of_Intelligent_Robotics/challenge/install/differential_drive:/opt/ros/humble PS1=(intelligent_robotics__venv) \[\e]0;\u@\h: \w\a\]${debian_chroot:+($debian_chroot)}\[\033[01;32m\]\u@\h\[\033[00m\]:\[\033[01;34m\]\w\[\033[00m\]\$ VIRTUAL_ENV_PROMPT=(intelligent_robotics__venv) /opt/st/stm32cubeclt_1.18.0/CMake/bin/cmake /home/chrisrvt/projects/Implementation_of_Intelligent_Robotics/mobile_land_robots/src/simROS2 -DCMAKE_BUILD_TYPE=release -DAMENT_CMAKE_SYMLINK_INSTALL=1 -DCMAKE_INSTALL_PREFIX=/home/chrisrvt/projects/Implementation_of_Intelligent_Robotics/mobile_land_robots/install/sim_ros2_interface
[0.171s] -- Found ament_cmake: 1.3.11 (/opt/ros/humble/share/ament_cmake/cmake)
[0.336s] -- Override CMake install command with custom implementation using symlinks instead of copying resources
[0.346s] -- Found ament_cmake_ros: 0.10.0 (/opt/ros/humble/share/ament_cmake_ros/cmake)
[0.349s] -- Found diagnostic_msgs: 4.8.0 (/opt/ros/humble/share/diagnostic_msgs/cmake)
[0.377s] -- Found rosidl_generator_c: 3.1.6 (/opt/ros/humble/share/rosidl_generator_c/cmake)
[0.381s] -- Found rosidl_adapter: 3.1.6 (/opt/ros/humble/share/rosidl_adapter/cmake)
[0.387s] -- Found rosidl_generator_cpp: 3.1.6 (/opt/ros/humble/share/rosidl_generator_cpp/cmake)
[0.398s] -- Using all available rosidl_typesupport_c: rosidl_typesupport_fastrtps_c;rosidl_typesupport_introspection_c
[0.412s] -- Using all available rosidl_typesupport_cpp: rosidl_typesupport_fastrtps_cpp;rosidl_typesupport_introspection_cpp
[0.451s] -- Found geometry_msgs: 4.8.0 (/opt/ros/humble/share/geometry_msgs/cmake)
[0.464s] -- Found lifecycle_msgs: 1.2.1 (/opt/ros/humble/share/lifecycle_msgs/cmake)
[0.474s] -- Found map_msgs: 2.1.0 (/opt/ros/humble/share/map_msgs/cmake)
[0.533s] -- Found pendulum_msgs: 0.20.5 (/opt/ros/humble/share/pendulum_msgs/cmake)
[0.544s] -- Found rosgraph_msgs: 1.2.1 (/opt/ros/humble/share/rosgraph_msgs/cmake)
[0.556s] -- Found shape_msgs: 4.8.0 (/opt/ros/humble/share/shape_msgs/cmake)
[0.570s] -- Found stereo_msgs: 4.8.0 (/opt/ros/humble/share/stereo_msgs/cmake)
[0.587s] -- Found tf2_geometry_msgs: 0.25.12 (/opt/ros/humble/share/tf2_geometry_msgs/cmake)
[0.591s] -- Found eigen3_cmake_module: 0.1.1 (/opt/ros/humble/share/eigen3_cmake_module/cmake)
[0.592s] -- Ensuring Eigen3 include directory is part of orocos-kdl CMake target
[0.646s] -- Found rmw_implementation_cmake: 6.1.2 (/opt/ros/humble/share/rmw_implementation_cmake/cmake)
[0.648s] -- Found rmw_fastrtps_cpp: 6.2.7 (/opt/ros/humble/share/rmw_fastrtps_cpp/cmake)
[0.743s] -- Using RMW implementation 'rmw_fastrtps_cpp' as default
[0.835s] -- Found trajectory_msgs: 4.8.0 (/opt/ros/humble/share/trajectory_msgs/cmake)
[0.853s] -- Found visualization_msgs: 4.8.0 (/opt/ros/humble/share/visualization_msgs/cmake)
[0.874s] -- Found std_srvs: 4.8.0 (/opt/ros/humble/share/std_srvs/cmake)
[0.883s] -- Found example_interfaces: 0.9.3 (/opt/ros/humble/share/example_interfaces/cmake)
[0.897s] -- Found image_transport: 3.1.11 (/opt/ros/humble/share/image_transport/cmake)
[0.912s] -- CoppeliaSim: COPPELIASIM_INCLUDE_DIR: /home/chrisrvt/CoppeliaSim_Edu_V4_9_0_rev6_Ubuntu22_04/programming/include
[0.912s] -- CoppeliaSim: COPPELIASIM_ROOT_DIR: /home/chrisrvt/CoppeliaSim_Edu_V4_9_0_rev6_Ubuntu22_04
[0.912s] -- Checking CoppeliaSim header version...
[1.117s] -- CoppeliaSim headers version 4.9.0 rev6
[1.118s] -- CoppeliaSim: COPPELIASIM_RESOURCES_DIR: /home/chrisrvt/CoppeliaSim_Edu_V4_9_0_rev6_Ubuntu22_04
[1.118s] -- CoppeliaSim: COPPELIASIM_PLUGINS_DIR: /home/chrisrvt/CoppeliaSim_Edu_V4_9_0_rev6_Ubuntu22_04
[1.118s] -- CoppeliaSim: COPPELIASIM_EXECUTABLES_DIR: /home/chrisrvt/CoppeliaSim_Edu_V4_9_0_rev6_Ubuntu22_04
[1.118s] -- CoppeliaSim: COPPELIASIM_LIBRARIES_DIR: /home/chrisrvt/CoppeliaSim_Edu_V4_9_0_rev6_Ubuntu22_04
[1.118s] -- CoppeliaSim: COPPELIASIM_ADDONS_DIR: /home/chrisrvt/CoppeliaSim_Edu_V4_9_0_rev6_Ubuntu22_04/addOns
[1.118s] -- CoppeliaSim: COPPELIASIM_MANUAL_DIR: /home/chrisrvt/CoppeliaSim_Edu_V4_9_0_rev6_Ubuntu22_04/manual
[1.118s] -- CoppeliaSim: COPPELIASIM_MODELS_DIR: /home/chrisrvt/CoppeliaSim_Edu_V4_9_0_rev6_Ubuntu22_04/models
[1.118s] -- CoppeliaSim: COPPELIASIM_SCENES_DIR: /home/chrisrvt/CoppeliaSim_Edu_V4_9_0_rev6_Ubuntu22_04/scenes
[1.118s] -- CoppeliaSim: COPPELIASIM_LUA_DIR: /home/chrisrvt/CoppeliaSim_Edu_V4_9_0_rev6_Ubuntu22_04/lua
[1.118s] -- CoppeliaSim: COPPELIASIM_PYTHON_DIR: /home/chrisrvt/CoppeliaSim_Edu_V4_9_0_rev6_Ubuntu22_04/python
[1.118s] -- CoppeliaSim: COPPELIASIM_EXECUTABLE: /home/chrisrvt/CoppeliaSim_Edu_V4_9_0_rev6_Ubuntu22_04/coppeliaSim
[1.122s] -- Found Boost: /usr/lib/x86_64-linux-gnu/cmake/Boost-1.74.0/BoostConfig.cmake (found version "1.74.0") found components: regex 
[1.247s] -- Found Boost: /usr/lib/x86_64-linux-gnu/cmake/Boost-1.74.0/BoostConfig.cmake (found version "1.74.0")  
[1.257s] -- Adding simStubsGen command...
[1.367s] -- Reading plugin metadata...
[1.395s] warning: missing python package "xmlschema"; input file callbacks.xml will not be validated.
[1.417s] warning: missing python package "xmlschema"; input file callbacks.xml will not be validated.
[1.426s] -- Plugin: simROS2
[1.485s] -- Configuring done (1.3s)
[1.503s] -- Generating done (0.0s)
[1.507s] -- Build files have been written to: /home/chrisrvt/projects/Implementation_of_Intelligent_Robotics/mobile_land_robots/build/sim_ros2_interface
[1.514s] Invoked command in '/home/chrisrvt/projects/Implementation_of_Intelligent_Robotics/mobile_land_robots/build/sim_ros2_interface' returned '0': CMAKE_PREFIX_PATH=${CMAKE_PREFIX_PATH}:/home/chrisrvt/projects/Implementation_of_Intelligent_Robotics/challenge/install/puzzlebot_control:/home/chrisrvt/projects/Implementation_of_Intelligent_Robotics/challenge/install/motor_control:/home/chrisrvt/projects/Implementation_of_Intelligent_Robotics/challenge/install/differential_drive:/opt/ros/humble PS1=(intelligent_robotics__venv) \[\e]0;\u@\h: \w\a\]${debian_chroot:+($debian_chroot)}\[\033[01;32m\]\u@\h\[\033[00m\]:\[\033[01;34m\]\w\[\033[00m\]\$ VIRTUAL_ENV_PROMPT=(intelligent_robotics__venv) /opt/st/stm32cubeclt_1.18.0/CMake/bin/cmake /home/chrisrvt/projects/Implementation_of_Intelligent_Robotics/mobile_land_robots/src/simROS2 -DCMAKE_BUILD_TYPE=release -DAMENT_CMAKE_SYMLINK_INSTALL=1 -DCMAKE_INSTALL_PREFIX=/home/chrisrvt/projects/Implementation_of_Intelligent_Robotics/mobile_land_robots/install/sim_ros2_interface
[1.516s] Invoking command in '/home/chrisrvt/projects/Implementation_of_Intelligent_Robotics/mobile_land_robots/build/sim_ros2_interface': CMAKE_PREFIX_PATH=${CMAKE_PREFIX_PATH}:/home/chrisrvt/projects/Implementation_of_Intelligent_Robotics/challenge/install/puzzlebot_control:/home/chrisrvt/projects/Implementation_of_Intelligent_Robotics/challenge/install/motor_control:/home/chrisrvt/projects/Implementation_of_Intelligent_Robotics/challenge/install/differential_drive:/opt/ros/humble PS1=(intelligent_robotics__venv) \[\e]0;\u@\h: \w\a\]${debian_chroot:+($debian_chroot)}\[\033[01;32m\]\u@\h\[\033[00m\]:\[\033[01;34m\]\w\[\033[00m\]\$ VIRTUAL_ENV_PROMPT=(intelligent_robotics__venv) /opt/st/stm32cubeclt_1.18.0/CMake/bin/cmake --build /home/chrisrvt/projects/Implementation_of_Intelligent_Robotics/mobile_land_robots/build/sim_ros2_interface -- -j20 -l20
[1.537s] [ 75%] Built target generate_ros_code
[1.571s] [ 77%] [32mBuilding CXX object CMakeFiles/simROS2.dir/home/chrisrvt/CoppeliaSim_Edu_V4_9_0_rev6_Ubuntu22_04/programming/include/simLib/simLib.cpp.o[0m
[1.573s] [ 80%] [32mBuilding CXX object CMakeFiles/simROS2.dir/generated/stubs.cpp.o[0m
[1.573s] [ 85%] [32mBuilding CXX object CMakeFiles/simROS2.dir/home/chrisrvt/CoppeliaSim_Edu_V4_9_0_rev6_Ubuntu22_04/programming/include/simPlusPlus/Lib.cpp.o[0m
[1.573s] [ 85%] [32mBuilding CXX object CMakeFiles/simROS2.dir/home/chrisrvt/CoppeliaSim_Edu_V4_9_0_rev6_Ubuntu22_04/programming/include/simPlusPlus/Plugin.cpp.o[0m
[1.577s] [ 87%] [32mBuilding CXX object CMakeFiles/simROS2.dir/src/sim_ros2_interface.cpp.o[0m
[1.577s] [ 90%] [32mBuilding CXX object CMakeFiles/simROS2.dir/src/ros_msg_builtin_io.cpp.o[0m
[1.579s] [ 92%] [32mBuilding CXX object CMakeFiles/simROS2.dir/generated/callbacks.cpp.o[0m
[109.757s] [ 95%] [32m[1mLinking CXX shared library libsimROS2.so[0m
[110.651s] [100%] Built target simROS2
[110.661s] Invoked command in '/home/chrisrvt/projects/Implementation_of_Intelligent_Robotics/mobile_land_robots/build/sim_ros2_interface' returned '0': CMAKE_PREFIX_PATH=${CMAKE_PREFIX_PATH}:/home/chrisrvt/projects/Implementation_of_Intelligent_Robotics/challenge/install/puzzlebot_control:/home/chrisrvt/projects/Implementation_of_Intelligent_Robotics/challenge/install/motor_control:/home/chrisrvt/projects/Implementation_of_Intelligent_Robotics/challenge/install/differential_drive:/opt/ros/humble PS1=(intelligent_robotics__venv) \[\e]0;\u@\h: \w\a\]${debian_chroot:+($debian_chroot)}\[\033[01;32m\]\u@\h\[\033[00m\]:\[\033[01;34m\]\w\[\033[00m\]\$ VIRTUAL_ENV_PROMPT=(intelligent_robotics__venv) /opt/st/stm32cubeclt_1.18.0/CMake/bin/cmake --build /home/chrisrvt/projects/Implementation_of_Intelligent_Robotics/mobile_land_robots/build/sim_ros2_interface -- -j20 -l20
[110.663s] Invoking command in '/home/chrisrvt/projects/Implementation_of_Intelligent_Robotics/mobile_land_robots/build/sim_ros2_interface': CMAKE_PREFIX_PATH=${CMAKE_PREFIX_PATH}:/home/chrisrvt/projects/Implementation_of_Intelligent_Robotics/challenge/install/puzzlebot_control:/home/chrisrvt/projects/Implementation_of_Intelligent_Robotics/challenge/install/motor_control:/home/chrisrvt/projects/Implementation_of_Intelligent_Robotics/challenge/install/differential_drive:/opt/ros/humble PS1=(intelligent_robotics__venv) \[\e]0;\u@\h: \w\a\]${debian_chroot:+($debian_chroot)}\[\033[01;32m\]\u@\h\[\033[00m\]:\[\033[01;34m\]\w\[\033[00m\]\$ VIRTUAL_ENV_PROMPT=(intelligent_robotics__venv) /opt/st/stm32cubeclt_1.18.0/CMake/bin/cmake --install /home/chrisrvt/projects/Implementation_of_Intelligent_Robotics/mobile_land_robots/build/sim_ros2_interface
[110.664s] -- Install configuration: "release"
[110.665s] -- Execute custom install script
[110.665s] -- Symlinking: /home/chrisrvt/CoppeliaSim_Edu_V4_9_0_rev6_Ubuntu22_04/lua/simROS2-typecheck.lua
[110.668s] -- Symlinking: /home/chrisrvt/CoppeliaSim_Edu_V4_9_0_rev6_Ubuntu22_04/lua/simROS2.lua
[110.670s] -- Symlinking: /home/chrisrvt/CoppeliaSim_Edu_V4_9_0_rev6_Ubuntu22_04/manual/en/simROS2.htm
[110.672s] -- Symlinking: /home/chrisrvt/CoppeliaSim_Edu_V4_9_0_rev6_Ubuntu22_04/manual/index/simROS2.json
[110.674s] -- Symlinking: /home/chrisrvt/CoppeliaSim_Edu_V4_9_0_rev6_Ubuntu22_04/lua/simROS2-ce.lua
[110.677s] -- Symlinking: /home/chrisrvt/CoppeliaSim_Edu_V4_9_0_rev6_Ubuntu22_04/libsimROS2.so
[110.692s] -- Symlinking: /home/chrisrvt/projects/Implementation_of_Intelligent_Robotics/mobile_land_robots/install/sim_ros2_interface/share/ament_index/resource_index/package_run_dependencies/sim_ros2_interface
[110.696s] -- Symlinking: /home/chrisrvt/projects/Implementation_of_Intelligent_Robotics/mobile_land_robots/install/sim_ros2_interface/share/ament_index/resource_index/parent_prefix_path/sim_ros2_interface
[110.700s] -- Symlinking: /home/chrisrvt/projects/Implementation_of_Intelligent_Robotics/mobile_land_robots/install/sim_ros2_interface/share/sim_ros2_interface/environment/ament_prefix_path.sh
[110.703s] -- Symlinking: /home/chrisrvt/projects/Implementation_of_Intelligent_Robotics/mobile_land_robots/install/sim_ros2_interface/share/sim_ros2_interface/environment/ament_prefix_path.dsv
[110.707s] -- Symlinking: /home/chrisrvt/projects/Implementation_of_Intelligent_Robotics/mobile_land_robots/install/sim_ros2_interface/share/sim_ros2_interface/environment/path.sh
[110.711s] -- Symlinking: /home/chrisrvt/projects/Implementation_of_Intelligent_Robotics/mobile_land_robots/install/sim_ros2_interface/share/sim_ros2_interface/environment/path.dsv
[110.715s] -- Symlinking: /home/chrisrvt/projects/Implementation_of_Intelligent_Robotics/mobile_land_robots/install/sim_ros2_interface/share/sim_ros2_interface/local_setup.bash
[110.719s] -- Symlinking: /home/chrisrvt/projects/Implementation_of_Intelligent_Robotics/mobile_land_robots/install/sim_ros2_interface/share/sim_ros2_interface/local_setup.sh
[110.722s] -- Symlinking: /home/chrisrvt/projects/Implementation_of_Intelligent_Robotics/mobile_land_robots/install/sim_ros2_interface/share/sim_ros2_interface/local_setup.zsh
[110.725s] -- Symlinking: /home/chrisrvt/projects/Implementation_of_Intelligent_Robotics/mobile_land_robots/install/sim_ros2_interface/share/sim_ros2_interface/local_setup.dsv
[110.729s] -- Symlinking: /home/chrisrvt/projects/Implementation_of_Intelligent_Robotics/mobile_land_robots/install/sim_ros2_interface/share/sim_ros2_interface/package.dsv
[110.732s] -- Symlinking: /home/chrisrvt/projects/Implementation_of_Intelligent_Robotics/mobile_land_robots/install/sim_ros2_interface/share/ament_index/resource_index/packages/sim_ros2_interface
[110.736s] -- Symlinking: /home/chrisrvt/projects/Implementation_of_Intelligent_Robotics/mobile_land_robots/install/sim_ros2_interface/share/sim_ros2_interface/cmake/sim_ros2_interfaceConfig.cmake
[110.739s] -- Symlinking: /home/chrisrvt/projects/Implementation_of_Intelligent_Robotics/mobile_land_robots/install/sim_ros2_interface/share/sim_ros2_interface/cmake/sim_ros2_interfaceConfig-version.cmake
[110.742s] -- Symlinking: /home/chrisrvt/projects/Implementation_of_Intelligent_Robotics/mobile_land_robots/install/sim_ros2_interface/share/sim_ros2_interface/package.xml
[110.746s] Invoked command in '/home/chrisrvt/projects/Implementation_of_Intelligent_Robotics/mobile_land_robots/build/sim_ros2_interface' returned '0': CMAKE_PREFIX_PATH=${CMAKE_PREFIX_PATH}:/home/chrisrvt/projects/Implementation_of_Intelligent_Robotics/challenge/install/puzzlebot_control:/home/chrisrvt/projects/Implementation_of_Intelligent_Robotics/challenge/install/motor_control:/home/chrisrvt/projects/Implementation_of_Intelligent_Robotics/challenge/install/differential_drive:/opt/ros/humble PS1=(intelligent_robotics__venv) \[\e]0;\u@\h: \w\a\]${debian_chroot:+($debian_chroot)}\[\033[01;32m\]\u@\h\[\033[00m\]:\[\033[01;34m\]\w\[\033[00m\]\$ VIRTUAL_ENV_PROMPT=(intelligent_robotics__venv) /opt/st/stm32cubeclt_1.18.0/CMake/bin/cmake --install /home/chrisrvt/projects/Implementation_of_Intelligent_Robotics/mobile_land_robots/build/sim_ros2_interface
