[0.149s] Invoking command in '/home/chrisrvt/projects/Implementation_of_Intelligent_Robotics/mobile_land_robots/build/ros2_bubble_rob': CMAKE_PREFIX_PATH=${CMAKE_PREFIX_PATH}:/home/chrisrvt/projects/Implementation_of_Intelligent_Robotics/mobile_land_robots/install/coppelia_sim_ros2:/home/chrisrvt/projects/Implementation_of_Intelligent_Robotics/challenge/install/puzzlebot_control:/home/chrisrvt/projects/Implementation_of_Intelligent_Robotics/challenge/install/motor_control:/home/chrisrvt/projects/Implementation_of_Intelligent_Robotics/challenge/install/differential_drive:/opt/ros/humble /opt/st/stm32cubeclt_1.18.0/CMake/bin/cmake /home/chrisrvt/projects/Implementation_of_Intelligent_Robotics/mobile_land_robots/src/ros2_bubble_rob -DCMAKE_INSTALL_PREFIX=/home/chrisrvt/projects/Implementation_of_Intelligent_Robotics/mobile_land_robots/install/ros2_bubble_rob
[0.172s] -- Found ament_cmake: 1.3.11 (/opt/ros/humble/share/ament_cmake/cmake)
[0.314s] -- Override CMake install command with custom implementation using symlinks instead of copying resources
[0.328s] -- Found rclcpp: 16.0.12 (/opt/ros/humble/share/rclcpp/cmake)
[0.361s] -- Found rosidl_generator_c: 3.1.6 (/opt/ros/humble/share/rosidl_generator_c/cmake)
[0.364s] -- Found rosidl_adapter: 3.1.6 (/opt/ros/humble/share/rosidl_adapter/cmake)
[0.370s] -- Found rosidl_generator_cpp: 3.1.6 (/opt/ros/humble/share/rosidl_generator_cpp/cmake)
[0.381s] -- Using all available rosidl_typesupport_c: rosidl_typesupport_fastrtps_c;rosidl_typesupport_introspection_c
[0.393s] -- Using all available rosidl_typesupport_cpp: rosidl_typesupport_fastrtps_cpp;rosidl_typesupport_introspection_cpp
[0.430s] -- Found rmw_implementation_cmake: 6.1.2 (/opt/ros/humble/share/rmw_implementation_cmake/cmake)
[0.432s] -- Found rmw_fastrtps_cpp: 6.2.7 (/opt/ros/humble/share/rmw_fastrtps_cpp/cmake)
[0.532s] -- Using RMW implementation 'rmw_fastrtps_cpp' as default
[0.590s] -- Found ament_lint_auto: 0.12.12 (/opt/ros/humble/share/ament_lint_auto/cmake)
[0.668s] -- Added test 'copyright' to check source files copyright and LICENSE
[0.670s] -- Added test 'cppcheck' to perform static code analysis on C / C++ code
[0.670s] -- Configured cppcheck include dirs: $<BUILD_INTERFACE:/home/chrisrvt/projects/Implementation_of_Intelligent_Robotics/mobile_land_robots/src/ros2_bubble_rob/include>
[0.670s] -- Configured cppcheck exclude dirs and/or files: 
[0.671s] -- Added test 'cpplint' to check C / C++ code against the Google style
[0.672s] -- Configured cpplint exclude dirs and/or files: 
[0.672s] -- Added test 'lint_cmake' to check CMake code style
[0.674s] -- Added test 'uncrustify' to check C / C++ code style
[0.674s] -- Configured uncrustify additional arguments: 
[0.674s] -- Added test 'xmllint' to check XML markup files
[0.675s] -- Configuring done (0.5s)
[0.687s] -- Generating done (0.0s)
[0.690s] -- Build files have been written to: /home/chrisrvt/projects/Implementation_of_Intelligent_Robotics/mobile_land_robots/build/ros2_bubble_rob
[0.696s] Invoked command in '/home/chrisrvt/projects/Implementation_of_Intelligent_Robotics/mobile_land_robots/build/ros2_bubble_rob' returned '0': CMAKE_PREFIX_PATH=${CMAKE_PREFIX_PATH}:/home/chrisrvt/projects/Implementation_of_Intelligent_Robotics/mobile_land_robots/install/coppelia_sim_ros2:/home/chrisrvt/projects/Implementation_of_Intelligent_Robotics/challenge/install/puzzlebot_control:/home/chrisrvt/projects/Implementation_of_Intelligent_Robotics/challenge/install/motor_control:/home/chrisrvt/projects/Implementation_of_Intelligent_Robotics/challenge/install/differential_drive:/opt/ros/humble /opt/st/stm32cubeclt_1.18.0/CMake/bin/cmake /home/chrisrvt/projects/Implementation_of_Intelligent_Robotics/mobile_land_robots/src/ros2_bubble_rob -DCMAKE_INSTALL_PREFIX=/home/chrisrvt/projects/Implementation_of_Intelligent_Robotics/mobile_land_robots/install/ros2_bubble_rob
[0.698s] Invoking command in '/home/chrisrvt/projects/Implementation_of_Intelligent_Robotics/mobile_land_robots/build/ros2_bubble_rob': CMAKE_PREFIX_PATH=${CMAKE_PREFIX_PATH}:/home/chrisrvt/projects/Implementation_of_Intelligent_Robotics/mobile_land_robots/install/coppelia_sim_ros2:/home/chrisrvt/projects/Implementation_of_Intelligent_Robotics/challenge/install/puzzlebot_control:/home/chrisrvt/projects/Implementation_of_Intelligent_Robotics/challenge/install/motor_control:/home/chrisrvt/projects/Implementation_of_Intelligent_Robotics/challenge/install/differential_drive:/opt/ros/humble /opt/st/stm32cubeclt_1.18.0/CMake/bin/cmake --build /home/chrisrvt/projects/Implementation_of_Intelligent_Robotics/mobile_land_robots/build/ros2_bubble_rob -- -j20 -l20
[0.745s] [100%] Built target ros2BubbleRob
[0.748s] Invoked command in '/home/chrisrvt/projects/Implementation_of_Intelligent_Robotics/mobile_land_robots/build/ros2_bubble_rob' returned '0': CMAKE_PREFIX_PATH=${CMAKE_PREFIX_PATH}:/home/chrisrvt/projects/Implementation_of_Intelligent_Robotics/mobile_land_robots/install/coppelia_sim_ros2:/home/chrisrvt/projects/Implementation_of_Intelligent_Robotics/challenge/install/puzzlebot_control:/home/chrisrvt/projects/Implementation_of_Intelligent_Robotics/challenge/install/motor_control:/home/chrisrvt/projects/Implementation_of_Intelligent_Robotics/challenge/install/differential_drive:/opt/ros/humble /opt/st/stm32cubeclt_1.18.0/CMake/bin/cmake --build /home/chrisrvt/projects/Implementation_of_Intelligent_Robotics/mobile_land_robots/build/ros2_bubble_rob -- -j20 -l20
[0.752s] Invoking command in '/home/chrisrvt/projects/Implementation_of_Intelligent_Robotics/mobile_land_robots/build/ros2_bubble_rob': CMAKE_PREFIX_PATH=${CMAKE_PREFIX_PATH}:/home/chrisrvt/projects/Implementation_of_Intelligent_Robotics/mobile_land_robots/install/coppelia_sim_ros2:/home/chrisrvt/projects/Implementation_of_Intelligent_Robotics/challenge/install/puzzlebot_control:/home/chrisrvt/projects/Implementation_of_Intelligent_Robotics/challenge/install/motor_control:/home/chrisrvt/projects/Implementation_of_Intelligent_Robotics/challenge/install/differential_drive:/opt/ros/humble /opt/st/stm32cubeclt_1.18.0/CMake/bin/cmake --install /home/chrisrvt/projects/Implementation_of_Intelligent_Robotics/mobile_land_robots/build/ros2_bubble_rob
[0.754s] -- Install configuration: "release"
[0.755s] -- Execute custom install script
[0.755s] -- Up-to-date symlink: /home/chrisrvt/projects/Implementation_of_Intelligent_Robotics/mobile_land_robots/install/ros2_bubble_rob/share/ament_index/resource_index/package_run_dependencies/ros2_bubble_rob
[0.755s] -- Up-to-date symlink: /home/chrisrvt/projects/Implementation_of_Intelligent_Robotics/mobile_land_robots/install/ros2_bubble_rob/share/ament_index/resource_index/parent_prefix_path/ros2_bubble_rob
[0.755s] -- Up-to-date symlink: /home/chrisrvt/projects/Implementation_of_Intelligent_Robotics/mobile_land_robots/install/ros2_bubble_rob/share/ros2_bubble_rob/environment/ament_prefix_path.sh
[0.756s] -- Up-to-date symlink: /home/chrisrvt/projects/Implementation_of_Intelligent_Robotics/mobile_land_robots/install/ros2_bubble_rob/share/ros2_bubble_rob/environment/ament_prefix_path.dsv
[0.756s] -- Up-to-date symlink: /home/chrisrvt/projects/Implementation_of_Intelligent_Robotics/mobile_land_robots/install/ros2_bubble_rob/share/ros2_bubble_rob/environment/path.sh
[0.756s] -- Up-to-date symlink: /home/chrisrvt/projects/Implementation_of_Intelligent_Robotics/mobile_land_robots/install/ros2_bubble_rob/share/ros2_bubble_rob/environment/path.dsv
[0.756s] -- Up-to-date symlink: /home/chrisrvt/projects/Implementation_of_Intelligent_Robotics/mobile_land_robots/install/ros2_bubble_rob/share/ros2_bubble_rob/local_setup.bash
[0.756s] -- Up-to-date symlink: /home/chrisrvt/projects/Implementation_of_Intelligent_Robotics/mobile_land_robots/install/ros2_bubble_rob/share/ros2_bubble_rob/local_setup.sh
[0.756s] -- Up-to-date symlink: /home/chrisrvt/projects/Implementation_of_Intelligent_Robotics/mobile_land_robots/install/ros2_bubble_rob/share/ros2_bubble_rob/local_setup.zsh
[0.756s] -- Up-to-date symlink: /home/chrisrvt/projects/Implementation_of_Intelligent_Robotics/mobile_land_robots/install/ros2_bubble_rob/share/ros2_bubble_rob/local_setup.dsv
[0.756s] -- Symlinking: /home/chrisrvt/projects/Implementation_of_Intelligent_Robotics/mobile_land_robots/install/ros2_bubble_rob/share/ros2_bubble_rob/package.dsv
[0.759s] -- Up-to-date symlink: /home/chrisrvt/projects/Implementation_of_Intelligent_Robotics/mobile_land_robots/install/ros2_bubble_rob/share/ament_index/resource_index/packages/ros2_bubble_rob
[0.759s] -- Up-to-date symlink: /home/chrisrvt/projects/Implementation_of_Intelligent_Robotics/mobile_land_robots/install/ros2_bubble_rob/share/ros2_bubble_rob/cmake/ros2_bubble_robConfig.cmake
[0.759s] -- Up-to-date symlink: /home/chrisrvt/projects/Implementation_of_Intelligent_Robotics/mobile_land_robots/install/ros2_bubble_rob/share/ros2_bubble_rob/cmake/ros2_bubble_robConfig-version.cmake
[0.759s] -- Up-to-date symlink: /home/chrisrvt/projects/Implementation_of_Intelligent_Robotics/mobile_land_robots/install/ros2_bubble_rob/share/ros2_bubble_rob/package.xml
[0.760s] -- Up-to-date: /home/chrisrvt/projects/Implementation_of_Intelligent_Robotics/mobile_land_robots/install/ros2_bubble_rob/lib/ros2_bubble_rob/ros2BubbleRob
[0.761s] Invoked command in '/home/chrisrvt/projects/Implementation_of_Intelligent_Robotics/mobile_land_robots/build/ros2_bubble_rob' returned '0': CMAKE_PREFIX_PATH=${CMAKE_PREFIX_PATH}:/home/chrisrvt/projects/Implementation_of_Intelligent_Robotics/mobile_land_robots/install/coppelia_sim_ros2:/home/chrisrvt/projects/Implementation_of_Intelligent_Robotics/challenge/install/puzzlebot_control:/home/chrisrvt/projects/Implementation_of_Intelligent_Robotics/challenge/install/motor_control:/home/chrisrvt/projects/Implementation_of_Intelligent_Robotics/challenge/install/differential_drive:/opt/ros/humble /opt/st/stm32cubeclt_1.18.0/CMake/bin/cmake --install /home/chrisrvt/projects/Implementation_of_Intelligent_Robotics/mobile_land_robots/build/ros2_bubble_rob
