[0.071s] DEBUG:colcon:Command line arguments: ['/usr/bin/colcon', 'build']
[0.071s] DEBUG:colcon:Parsed command line arguments: Namespace(log_base=None, log_level=None, verb_name='build', build_base='build', install_base='install', merge_install=False, symlink_install=False, test_result_base=None, continue_on_error=False, executor='parallel', parallel_workers=20, event_handlers=None, ignore_user_meta=False, metas=['./colcon.meta'], base_paths=['.'], packages_ignore=None, packages_ignore_regex=None, paths=None, packages_up_to=None, packages_up_to_regex=None, packages_above=None, packages_above_and_dependencies=None, packages_above_depth=None, packages_select_by_dep=None, packages_skip_by_dep=None, packages_skip_up_to=None, packages_select_build_failed=False, packages_skip_build_finished=False, packages_select_test_failures=False, packages_skip_test_passed=False, packages_select=None, packages_skip=None, packages_select_regex=None, packages_skip_regex=None, packages_start=None, packages_end=None, allow_overriding=[], cmake_args=None, cmake_target=None, cmake_target_skip_unavailable=False, cmake_clean_cache=False, cmake_clean_first=False, cmake_force_configure=False, ament_cmake_args=None, catkin_cmake_args=None, catkin_skip_building_tests=False, mixin_files=None, mixin=None, verb_parser=<colcon_mixin.mixin.mixin_argument.MixinArgumentDecorator object at 0x766af0b85d80>, verb_extension=<colcon_core.verb.build.BuildVerb object at 0x766af0b0f760>, main=<bound method BuildVerb.main of <colcon_core.verb.build.BuildVerb object at 0x766af0b0f760>>, mixin_verb=('build',))
[0.098s] Level 1:colcon.colcon_core.package_discovery:discover_packages(colcon_meta) check parameters
[0.098s] Level 1:colcon.colcon_core.package_discovery:discover_packages(recursive) check parameters
[0.098s] Level 1:colcon.colcon_core.package_discovery:discover_packages(ignore) check parameters
[0.098s] Level 1:colcon.colcon_core.package_discovery:discover_packages(path) check parameters
[0.098s] Level 1:colcon.colcon_core.package_discovery:discover_packages(colcon_meta) discover
[0.098s] Level 1:colcon.colcon_core.package_discovery:discover_packages(recursive) discover
[0.098s] INFO:colcon.colcon_core.package_discovery:Crawling recursively for packages in '/home/chrisrvt/projects/Implementation_of_Intelligent_Robotics/mobile_land_robots'
[0.098s] Level 1:colcon.colcon_core.package_identification:_identify(.) by extensions ['ignore', 'ignore_ament_install']
[0.098s] Level 1:colcon.colcon_core.package_identification:_identify(.) by extension 'ignore'
[0.098s] Level 1:colcon.colcon_core.package_identification:_identify(.) by extension 'ignore_ament_install'
[0.098s] Level 1:colcon.colcon_core.package_identification:_identify(.) by extensions ['colcon_pkg']
[0.098s] Level 1:colcon.colcon_core.package_identification:_identify(.) by extension 'colcon_pkg'
[0.098s] Level 1:colcon.colcon_core.package_identification:_identify(.) by extensions ['colcon_meta']
[0.098s] Level 1:colcon.colcon_core.package_identification:_identify(.) by extension 'colcon_meta'
[0.098s] Level 1:colcon.colcon_core.package_identification:_identify(.) by extensions ['ros']
[0.098s] Level 1:colcon.colcon_core.package_identification:_identify(.) by extension 'ros'
[0.108s] Level 1:colcon.colcon_core.package_identification:_identify(.) by extensions ['cmake', 'python']
[0.108s] Level 1:colcon.colcon_core.package_identification:_identify(.) by extension 'cmake'
[0.108s] Level 1:colcon.colcon_core.package_identification:_identify(.) by extension 'python'
[0.108s] Level 1:colcon.colcon_core.package_identification:_identify(.) by extensions ['python_setup_py']
[0.108s] Level 1:colcon.colcon_core.package_identification:_identify(.) by extension 'python_setup_py'
[0.108s] Level 1:colcon.colcon_core.package_identification:_identify(build) by extensions ['ignore', 'ignore_ament_install']
[0.108s] Level 1:colcon.colcon_core.package_identification:_identify(build) by extension 'ignore'
[0.109s] Level 1:colcon.colcon_core.package_identification:_identify(build) ignored
[0.109s] Level 1:colcon.colcon_core.package_identification:_identify(install) by extensions ['ignore', 'ignore_ament_install']
[0.109s] Level 1:colcon.colcon_core.package_identification:_identify(install) by extension 'ignore'
[0.109s] Level 1:colcon.colcon_core.package_identification:_identify(install) ignored
[0.109s] Level 1:colcon.colcon_core.package_identification:_identify(log) by extensions ['ignore', 'ignore_ament_install']
[0.109s] Level 1:colcon.colcon_core.package_identification:_identify(log) by extension 'ignore'
[0.109s] Level 1:colcon.colcon_core.package_identification:_identify(log) ignored
[0.109s] Level 1:colcon.colcon_core.package_identification:_identify(src) by extensions ['ignore', 'ignore_ament_install']
[0.109s] Level 1:colcon.colcon_core.package_identification:_identify(src) by extension 'ignore'
[0.109s] Level 1:colcon.colcon_core.package_identification:_identify(src) by extension 'ignore_ament_install'
[0.109s] Level 1:colcon.colcon_core.package_identification:_identify(src) by extensions ['colcon_pkg']
[0.109s] Level 1:colcon.colcon_core.package_identification:_identify(src) by extension 'colcon_pkg'
[0.109s] Level 1:colcon.colcon_core.package_identification:_identify(src) by extensions ['colcon_meta']
[0.109s] Level 1:colcon.colcon_core.package_identification:_identify(src) by extension 'colcon_meta'
[0.109s] Level 1:colcon.colcon_core.package_identification:_identify(src) by extensions ['ros']
[0.109s] Level 1:colcon.colcon_core.package_identification:_identify(src) by extension 'ros'
[0.109s] Level 1:colcon.colcon_core.package_identification:_identify(src) by extensions ['cmake', 'python']
[0.109s] Level 1:colcon.colcon_core.package_identification:_identify(src) by extension 'cmake'
[0.109s] Level 1:colcon.colcon_core.package_identification:_identify(src) by extension 'python'
[0.109s] Level 1:colcon.colcon_core.package_identification:_identify(src) by extensions ['python_setup_py']
[0.109s] Level 1:colcon.colcon_core.package_identification:_identify(src) by extension 'python_setup_py'
[0.109s] Level 1:colcon.colcon_core.package_identification:_identify(src/build) by extensions ['ignore', 'ignore_ament_install']
[0.109s] Level 1:colcon.colcon_core.package_identification:_identify(src/build) by extension 'ignore'
[0.109s] Level 1:colcon.colcon_core.package_identification:_identify(src/build) ignored
[0.109s] Level 1:colcon.colcon_core.package_identification:_identify(src/coppelia_sim_ros2) by extensions ['ignore', 'ignore_ament_install']
[0.109s] Level 1:colcon.colcon_core.package_identification:_identify(src/coppelia_sim_ros2) by extension 'ignore'
[0.109s] Level 1:colcon.colcon_core.package_identification:_identify(src/coppelia_sim_ros2) by extension 'ignore_ament_install'
[0.109s] Level 1:colcon.colcon_core.package_identification:_identify(src/coppelia_sim_ros2) by extensions ['colcon_pkg']
[0.109s] Level 1:colcon.colcon_core.package_identification:_identify(src/coppelia_sim_ros2) by extension 'colcon_pkg'
[0.109s] Level 1:colcon.colcon_core.package_identification:_identify(src/coppelia_sim_ros2) by extensions ['colcon_meta']
[0.109s] Level 1:colcon.colcon_core.package_identification:_identify(src/coppelia_sim_ros2) by extension 'colcon_meta'
[0.109s] Level 1:colcon.colcon_core.package_identification:_identify(src/coppelia_sim_ros2) by extensions ['ros']
[0.110s] Level 1:colcon.colcon_core.package_identification:_identify(src/coppelia_sim_ros2) by extension 'ros'
[0.111s] DEBUG:colcon.colcon_core.package_identification:Package 'src/coppelia_sim_ros2' with type 'ros.ament_python' and name 'coppelia_sim_ros2'
[0.111s] Level 1:colcon.colcon_core.package_identification:_identify(src/install) by extensions ['ignore', 'ignore_ament_install']
[0.111s] Level 1:colcon.colcon_core.package_identification:_identify(src/install) by extension 'ignore'
[0.111s] Level 1:colcon.colcon_core.package_identification:_identify(src/install) ignored
[0.112s] Level 1:colcon.colcon_core.package_identification:_identify(src/log) by extensions ['ignore', 'ignore_ament_install']
[0.112s] Level 1:colcon.colcon_core.package_identification:_identify(src/log) by extension 'ignore'
[0.112s] Level 1:colcon.colcon_core.package_identification:_identify(src/log) ignored
[0.112s] Level 1:colcon.colcon_core.package_identification:_identify(src/ros2_bubble_rob) by extensions ['ignore', 'ignore_ament_install']
[0.112s] Level 1:colcon.colcon_core.package_identification:_identify(src/ros2_bubble_rob) by extension 'ignore'
[0.112s] Level 1:colcon.colcon_core.package_identification:_identify(src/ros2_bubble_rob) by extension 'ignore_ament_install'
[0.112s] Level 1:colcon.colcon_core.package_identification:_identify(src/ros2_bubble_rob) by extensions ['colcon_pkg']
[0.112s] Level 1:colcon.colcon_core.package_identification:_identify(src/ros2_bubble_rob) by extension 'colcon_pkg'
[0.112s] Level 1:colcon.colcon_core.package_identification:_identify(src/ros2_bubble_rob) by extensions ['colcon_meta']
[0.112s] Level 1:colcon.colcon_core.package_identification:_identify(src/ros2_bubble_rob) by extension 'colcon_meta'
[0.112s] Level 1:colcon.colcon_core.package_identification:_identify(src/ros2_bubble_rob) by extensions ['ros']
[0.112s] Level 1:colcon.colcon_core.package_identification:_identify(src/ros2_bubble_rob) by extension 'ros'
[0.112s] DEBUG:colcon.colcon_core.package_identification:Package 'src/ros2_bubble_rob' with type 'ros.ament_cmake' and name 'ros2_bubble_rob'
[0.112s] Level 1:colcon.colcon_core.package_identification:_identify(src/simROS2) by extensions ['ignore', 'ignore_ament_install']
[0.112s] Level 1:colcon.colcon_core.package_identification:_identify(src/simROS2) by extension 'ignore'
[0.112s] Level 1:colcon.colcon_core.package_identification:_identify(src/simROS2) by extension 'ignore_ament_install'
[0.112s] Level 1:colcon.colcon_core.package_identification:_identify(src/simROS2) by extensions ['colcon_pkg']
[0.112s] Level 1:colcon.colcon_core.package_identification:_identify(src/simROS2) by extension 'colcon_pkg'
[0.112s] Level 1:colcon.colcon_core.package_identification:_identify(src/simROS2) by extensions ['colcon_meta']
[0.112s] Level 1:colcon.colcon_core.package_identification:_identify(src/simROS2) by extension 'colcon_meta'
[0.112s] Level 1:colcon.colcon_core.package_identification:_identify(src/simROS2) by extensions ['ros']
[0.112s] Level 1:colcon.colcon_core.package_identification:_identify(src/simROS2) by extension 'ros'
[0.114s] DEBUG:colcon.colcon_core.package_identification:Package 'src/simROS2' with type 'ros.ament_cmake' and name 'sim_ros2_interface'
[0.114s] Level 1:colcon.colcon_core.package_discovery:discover_packages(recursive) using defaults
[0.114s] Level 1:colcon.colcon_core.package_discovery:discover_packages(ignore) discover
[0.114s] Level 1:colcon.colcon_core.package_discovery:discover_packages(ignore) using defaults
[0.114s] Level 1:colcon.colcon_core.package_discovery:discover_packages(path) discover
[0.114s] Level 1:colcon.colcon_core.package_discovery:discover_packages(path) using defaults
[0.128s] Level 1:colcon.colcon_core.package_discovery:discover_packages(prefix_path) check parameters
[0.128s] Level 1:colcon.colcon_core.package_discovery:discover_packages(prefix_path) discover
[0.129s] DEBUG:colcon.colcon_installed_package_information.package_discovery:Found 3 installed packages in /home/chrisrvt/projects/Implementation_of_Intelligent_Robotics/mobile_land_robots/install
[0.129s] DEBUG:colcon.colcon_installed_package_information.package_discovery:Found 4 installed packages in /home/chrisrvt/projects/Implementation_of_Intelligent_Robotics/challenge/install
[0.130s] DEBUG:colcon.colcon_installed_package_information.package_discovery:Found 376 installed packages in /opt/ros/humble
[0.131s] Level 1:colcon.colcon_core.package_discovery:discover_packages(prefix_path) using defaults
[0.168s] Level 5:colcon.colcon_core.verb:set package 'coppelia_sim_ros2' build argument 'cmake_args' from command line to 'None'
[0.168s] Level 5:colcon.colcon_core.verb:set package 'coppelia_sim_ros2' build argument 'cmake_target' from command line to 'None'
[0.169s] Level 5:colcon.colcon_core.verb:set package 'coppelia_sim_ros2' build argument 'cmake_target_skip_unavailable' from command line to 'False'
[0.169s] Level 5:colcon.colcon_core.verb:set package 'coppelia_sim_ros2' build argument 'cmake_clean_cache' from command line to 'False'
[0.169s] Level 5:colcon.colcon_core.verb:set package 'coppelia_sim_ros2' build argument 'cmake_clean_first' from command line to 'False'
[0.169s] Level 5:colcon.colcon_core.verb:set package 'coppelia_sim_ros2' build argument 'cmake_force_configure' from command line to 'False'
[0.169s] Level 5:colcon.colcon_core.verb:set package 'coppelia_sim_ros2' build argument 'ament_cmake_args' from command line to 'None'
[0.169s] Level 5:colcon.colcon_core.verb:set package 'coppelia_sim_ros2' build argument 'catkin_cmake_args' from command line to 'None'
[0.169s] Level 5:colcon.colcon_core.verb:set package 'coppelia_sim_ros2' build argument 'catkin_skip_building_tests' from command line to 'False'
[0.169s] DEBUG:colcon.colcon_core.verb:Building package 'coppelia_sim_ros2' with the following arguments: {'ament_cmake_args': None, 'build_base': '/home/chrisrvt/projects/Implementation_of_Intelligent_Robotics/mobile_land_robots/build/coppelia_sim_ros2', 'catkin_cmake_args': None, 'catkin_skip_building_tests': False, 'cmake_args': None, 'cmake_clean_cache': False, 'cmake_clean_first': False, 'cmake_force_configure': False, 'cmake_target': None, 'cmake_target_skip_unavailable': False, 'install_base': '/home/chrisrvt/projects/Implementation_of_Intelligent_Robotics/mobile_land_robots/install/coppelia_sim_ros2', 'merge_install': False, 'path': '/home/chrisrvt/projects/Implementation_of_Intelligent_Robotics/mobile_land_robots/src/coppelia_sim_ros2', 'symlink_install': False, 'test_result_base': None}
[0.169s] Level 5:colcon.colcon_core.verb:set package 'ros2_bubble_rob' build argument 'cmake_args' from command line to 'None'
[0.169s] Level 5:colcon.colcon_core.verb:set package 'ros2_bubble_rob' build argument 'cmake_target' from command line to 'None'
[0.169s] Level 5:colcon.colcon_core.verb:set package 'ros2_bubble_rob' build argument 'cmake_target_skip_unavailable' from command line to 'False'
[0.169s] Level 5:colcon.colcon_core.verb:set package 'ros2_bubble_rob' build argument 'cmake_clean_cache' from command line to 'False'
[0.169s] Level 5:colcon.colcon_core.verb:set package 'ros2_bubble_rob' build argument 'cmake_clean_first' from command line to 'False'
[0.169s] Level 5:colcon.colcon_core.verb:set package 'ros2_bubble_rob' build argument 'cmake_force_configure' from command line to 'False'
[0.169s] Level 5:colcon.colcon_core.verb:set package 'ros2_bubble_rob' build argument 'ament_cmake_args' from command line to 'None'
[0.169s] Level 5:colcon.colcon_core.verb:set package 'ros2_bubble_rob' build argument 'catkin_cmake_args' from command line to 'None'
[0.169s] Level 5:colcon.colcon_core.verb:set package 'ros2_bubble_rob' build argument 'catkin_skip_building_tests' from command line to 'False'
[0.169s] DEBUG:colcon.colcon_core.verb:Building package 'ros2_bubble_rob' with the following arguments: {'ament_cmake_args': None, 'build_base': '/home/chrisrvt/projects/Implementation_of_Intelligent_Robotics/mobile_land_robots/build/ros2_bubble_rob', 'catkin_cmake_args': None, 'catkin_skip_building_tests': False, 'cmake_args': None, 'cmake_clean_cache': False, 'cmake_clean_first': False, 'cmake_force_configure': False, 'cmake_target': None, 'cmake_target_skip_unavailable': False, 'install_base': '/home/chrisrvt/projects/Implementation_of_Intelligent_Robotics/mobile_land_robots/install/ros2_bubble_rob', 'merge_install': False, 'path': '/home/chrisrvt/projects/Implementation_of_Intelligent_Robotics/mobile_land_robots/src/ros2_bubble_rob', 'symlink_install': False, 'test_result_base': None}
[0.169s] Level 5:colcon.colcon_core.verb:set package 'sim_ros2_interface' build argument 'cmake_args' from command line to 'None'
[0.169s] Level 5:colcon.colcon_core.verb:set package 'sim_ros2_interface' build argument 'cmake_target' from command line to 'None'
[0.169s] Level 5:colcon.colcon_core.verb:set package 'sim_ros2_interface' build argument 'cmake_target_skip_unavailable' from command line to 'False'
[0.169s] Level 5:colcon.colcon_core.verb:set package 'sim_ros2_interface' build argument 'cmake_clean_cache' from command line to 'False'
[0.169s] Level 5:colcon.colcon_core.verb:set package 'sim_ros2_interface' build argument 'cmake_clean_first' from command line to 'False'
[0.169s] Level 5:colcon.colcon_core.verb:set package 'sim_ros2_interface' build argument 'cmake_force_configure' from command line to 'False'
[0.169s] Level 5:colcon.colcon_core.verb:set package 'sim_ros2_interface' build argument 'ament_cmake_args' from command line to 'None'
[0.169s] Level 5:colcon.colcon_core.verb:set package 'sim_ros2_interface' build argument 'catkin_cmake_args' from command line to 'None'
[0.169s] Level 5:colcon.colcon_core.verb:set package 'sim_ros2_interface' build argument 'catkin_skip_building_tests' from command line to 'False'
[0.169s] DEBUG:colcon.colcon_core.verb:Building package 'sim_ros2_interface' with the following arguments: {'ament_cmake_args': None, 'build_base': '/home/chrisrvt/projects/Implementation_of_Intelligent_Robotics/mobile_land_robots/build/sim_ros2_interface', 'catkin_cmake_args': None, 'catkin_skip_building_tests': False, 'cmake_args': None, 'cmake_clean_cache': False, 'cmake_clean_first': False, 'cmake_force_configure': False, 'cmake_target': None, 'cmake_target_skip_unavailable': False, 'install_base': '/home/chrisrvt/projects/Implementation_of_Intelligent_Robotics/mobile_land_robots/install/sim_ros2_interface', 'merge_install': False, 'path': '/home/chrisrvt/projects/Implementation_of_Intelligent_Robotics/mobile_land_robots/src/simROS2', 'symlink_install': False, 'test_result_base': None}
[0.169s] INFO:colcon.colcon_core.executor:Executing jobs using 'parallel' executor
[0.170s] DEBUG:colcon.colcon_parallel_executor.executor.parallel:run_until_complete
[0.171s] INFO:colcon.colcon_ros.task.ament_python.build:Building ROS package in '/home/chrisrvt/projects/Implementation_of_Intelligent_Robotics/mobile_land_robots/src/coppelia_sim_ros2' with build type 'ament_python'
[0.171s] Level 1:colcon.colcon_core.shell:create_environment_hook('coppelia_sim_ros2', 'ament_prefix_path')
[0.172s] INFO:colcon.colcon_core.plugin_system:Skipping extension 'colcon_core.shell.bat': Not used on non-Windows systems
[0.172s] INFO:colcon.colcon_core.shell:Creating environment hook '/home/chrisrvt/projects/Implementation_of_Intelligent_Robotics/mobile_land_robots/install/coppelia_sim_ros2/share/coppelia_sim_ros2/hook/ament_prefix_path.ps1'
[0.173s] INFO:colcon.colcon_core.shell:Creating environment descriptor '/home/chrisrvt/projects/Implementation_of_Intelligent_Robotics/mobile_land_robots/install/coppelia_sim_ros2/share/coppelia_sim_ros2/hook/ament_prefix_path.dsv'
[0.173s] INFO:colcon.colcon_core.shell:Creating environment hook '/home/chrisrvt/projects/Implementation_of_Intelligent_Robotics/mobile_land_robots/install/coppelia_sim_ros2/share/coppelia_sim_ros2/hook/ament_prefix_path.sh'
[0.174s] INFO:colcon.colcon_core.shell:Skip shell extension 'powershell' for command environment: Not usable outside of PowerShell
[0.174s] DEBUG:colcon.colcon_core.shell:Skip shell extension 'dsv' for command environment
[0.177s] INFO:colcon.colcon_ros.task.ament_cmake.build:Building ROS package in '/home/chrisrvt/projects/Implementation_of_Intelligent_Robotics/mobile_land_robots/src/ros2_bubble_rob' with build type 'ament_cmake'
[0.177s] INFO:colcon.colcon_cmake.task.cmake.build:Building CMake package in '/home/chrisrvt/projects/Implementation_of_Intelligent_Robotics/mobile_land_robots/src/ros2_bubble_rob'
[0.177s] INFO:colcon.colcon_core.shell:Skip shell extension 'powershell' for command environment: Not usable outside of PowerShell
[0.177s] DEBUG:colcon.colcon_core.shell:Skip shell extension 'dsv' for command environment
[0.180s] INFO:colcon.colcon_ros.task.ament_cmake.build:Building ROS package in '/home/chrisrvt/projects/Implementation_of_Intelligent_Robotics/mobile_land_robots/src/simROS2' with build type 'ament_cmake'
[0.180s] INFO:colcon.colcon_cmake.task.cmake.build:Building CMake package in '/home/chrisrvt/projects/Implementation_of_Intelligent_Robotics/mobile_land_robots/src/simROS2'
[0.180s] INFO:colcon.colcon_core.shell:Skip shell extension 'powershell' for command environment: Not usable outside of PowerShell
[0.180s] DEBUG:colcon.colcon_core.shell:Skip shell extension 'dsv' for command environment
[0.329s] INFO:colcon.colcon_core.task.python.build:Building Python package in '/home/chrisrvt/projects/Implementation_of_Intelligent_Robotics/mobile_land_robots/src/coppelia_sim_ros2'
[0.329s] INFO:colcon.colcon_core.shell:Skip shell extension 'powershell' for command environment: Not usable outside of PowerShell
[0.329s] DEBUG:colcon.colcon_core.shell:Skip shell extension 'dsv' for command environment
[0.336s] DEBUG:colcon.colcon_core.event_handler.log_command:Invoking command in '/home/chrisrvt/projects/Implementation_of_Intelligent_Robotics/mobile_land_robots/build/ros2_bubble_rob': CMAKE_PREFIX_PATH=${CMAKE_PREFIX_PATH}:/home/chrisrvt/projects/Implementation_of_Intelligent_Robotics/mobile_land_robots/install/coppelia_sim_ros2:/home/chrisrvt/projects/Implementation_of_Intelligent_Robotics/challenge/install/puzzlebot_control:/home/chrisrvt/projects/Implementation_of_Intelligent_Robotics/challenge/install/motor_control:/home/chrisrvt/projects/Implementation_of_Intelligent_Robotics/challenge/install/differential_drive:/opt/ros/humble PS1=(intelligent_robotics__venv) \[\e]0;\u@\h: \w\a\]${debian_chroot:+($debian_chroot)}\[\033[01;32m\]\u@\h\[\033[00m\]:\[\033[01;34m\]\w\[\033[00m\]\$ VIRTUAL_ENV_PROMPT=(intelligent_robotics__venv) /opt/st/stm32cubeclt_1.18.0/CMake/bin/cmake --build /home/chrisrvt/projects/Implementation_of_Intelligent_Robotics/mobile_land_robots/build/ros2_bubble_rob -- -j20 -l20
[0.338s] DEBUG:colcon.colcon_core.event_handler.log_command:Invoking command in '/home/chrisrvt/projects/Implementation_of_Intelligent_Robotics/mobile_land_robots/build/sim_ros2_interface': CMAKE_PREFIX_PATH=${CMAKE_PREFIX_PATH}:/home/chrisrvt/projects/Implementation_of_Intelligent_Robotics/mobile_land_robots/install/coppelia_sim_ros2:/home/chrisrvt/projects/Implementation_of_Intelligent_Robotics/challenge/install/puzzlebot_control:/home/chrisrvt/projects/Implementation_of_Intelligent_Robotics/challenge/install/motor_control:/home/chrisrvt/projects/Implementation_of_Intelligent_Robotics/challenge/install/differential_drive:/opt/ros/humble PS1=(intelligent_robotics__venv) \[\e]0;\u@\h: \w\a\]${debian_chroot:+($debian_chroot)}\[\033[01;32m\]\u@\h\[\033[00m\]:\[\033[01;34m\]\w\[\033[00m\]\$ VIRTUAL_ENV_PROMPT=(intelligent_robotics__venv) /opt/st/stm32cubeclt_1.18.0/CMake/bin/cmake --build /home/chrisrvt/projects/Implementation_of_Intelligent_Robotics/mobile_land_robots/build/sim_ros2_interface -- -j20 -l20
[0.368s] DEBUG:colcon.colcon_core.event_handler.log_command:Invoked command in '/home/chrisrvt/projects/Implementation_of_Intelligent_Robotics/mobile_land_robots/build/ros2_bubble_rob' returned '0': CMAKE_PREFIX_PATH=${CMAKE_PREFIX_PATH}:/home/chrisrvt/projects/Implementation_of_Intelligent_Robotics/mobile_land_robots/install/coppelia_sim_ros2:/home/chrisrvt/projects/Implementation_of_Intelligent_Robotics/challenge/install/puzzlebot_control:/home/chrisrvt/projects/Implementation_of_Intelligent_Robotics/challenge/install/motor_control:/home/chrisrvt/projects/Implementation_of_Intelligent_Robotics/challenge/install/differential_drive:/opt/ros/humble PS1=(intelligent_robotics__venv) \[\e]0;\u@\h: \w\a\]${debian_chroot:+($debian_chroot)}\[\033[01;32m\]\u@\h\[\033[00m\]:\[\033[01;34m\]\w\[\033[00m\]\$ VIRTUAL_ENV_PROMPT=(intelligent_robotics__venv) /opt/st/stm32cubeclt_1.18.0/CMake/bin/cmake --build /home/chrisrvt/projects/Implementation_of_Intelligent_Robotics/mobile_land_robots/build/ros2_bubble_rob -- -j20 -l20
[0.373s] DEBUG:colcon.colcon_core.event_handler.log_command:Invoking command in '/home/chrisrvt/projects/Implementation_of_Intelligent_Robotics/mobile_land_robots/build/ros2_bubble_rob': CMAKE_PREFIX_PATH=${CMAKE_PREFIX_PATH}:/home/chrisrvt/projects/Implementation_of_Intelligent_Robotics/mobile_land_robots/install/coppelia_sim_ros2:/home/chrisrvt/projects/Implementation_of_Intelligent_Robotics/challenge/install/puzzlebot_control:/home/chrisrvt/projects/Implementation_of_Intelligent_Robotics/challenge/install/motor_control:/home/chrisrvt/projects/Implementation_of_Intelligent_Robotics/challenge/install/differential_drive:/opt/ros/humble PS1=(intelligent_robotics__venv) \[\e]0;\u@\h: \w\a\]${debian_chroot:+($debian_chroot)}\[\033[01;32m\]\u@\h\[\033[00m\]:\[\033[01;34m\]\w\[\033[00m\]\$ VIRTUAL_ENV_PROMPT=(intelligent_robotics__venv) /opt/st/stm32cubeclt_1.18.0/CMake/bin/cmake --install /home/chrisrvt/projects/Implementation_of_Intelligent_Robotics/mobile_land_robots/build/ros2_bubble_rob
[0.378s] Level 1:colcon.colcon_core.environment:create_environment_scripts_only(ros2_bubble_rob)
[0.379s] DEBUG:colcon.colcon_core.event_handler.log_command:Invoked command in '/home/chrisrvt/projects/Implementation_of_Intelligent_Robotics/mobile_land_robots/build/ros2_bubble_rob' returned '0': CMAKE_PREFIX_PATH=${CMAKE_PREFIX_PATH}:/home/chrisrvt/projects/Implementation_of_Intelligent_Robotics/mobile_land_robots/install/coppelia_sim_ros2:/home/chrisrvt/projects/Implementation_of_Intelligent_Robotics/challenge/install/puzzlebot_control:/home/chrisrvt/projects/Implementation_of_Intelligent_Robotics/challenge/install/motor_control:/home/chrisrvt/projects/Implementation_of_Intelligent_Robotics/challenge/install/differential_drive:/opt/ros/humble PS1=(intelligent_robotics__venv) \[\e]0;\u@\h: \w\a\]${debian_chroot:+($debian_chroot)}\[\033[01;32m\]\u@\h\[\033[00m\]:\[\033[01;34m\]\w\[\033[00m\]\$ VIRTUAL_ENV_PROMPT=(intelligent_robotics__venv) /opt/st/stm32cubeclt_1.18.0/CMake/bin/cmake --install /home/chrisrvt/projects/Implementation_of_Intelligent_Robotics/mobile_land_robots/build/ros2_bubble_rob
[0.382s] Level 1:colcon.colcon_core.environment:checking '/home/chrisrvt/projects/Implementation_of_Intelligent_Robotics/mobile_land_robots/install/ros2_bubble_rob' for CMake module files
[0.382s] Level 1:colcon.colcon_core.environment:checking '/home/chrisrvt/projects/Implementation_of_Intelligent_Robotics/mobile_land_robots/install/ros2_bubble_rob' for CMake config files
[0.382s] Level 1:colcon.colcon_core.shell:create_environment_hook('ros2_bubble_rob', 'cmake_prefix_path')
[0.383s] INFO:colcon.colcon_core.shell:Creating environment hook '/home/chrisrvt/projects/Implementation_of_Intelligent_Robotics/mobile_land_robots/install/ros2_bubble_rob/share/ros2_bubble_rob/hook/cmake_prefix_path.ps1'
[0.383s] INFO:colcon.colcon_core.shell:Creating environment descriptor '/home/chrisrvt/projects/Implementation_of_Intelligent_Robotics/mobile_land_robots/install/ros2_bubble_rob/share/ros2_bubble_rob/hook/cmake_prefix_path.dsv'
[0.384s] INFO:colcon.colcon_core.shell:Creating environment hook '/home/chrisrvt/projects/Implementation_of_Intelligent_Robotics/mobile_land_robots/install/ros2_bubble_rob/share/ros2_bubble_rob/hook/cmake_prefix_path.sh'
[0.384s] Level 1:colcon.colcon_core.environment:checking '/home/chrisrvt/projects/Implementation_of_Intelligent_Robotics/mobile_land_robots/install/ros2_bubble_rob/lib'
[0.385s] Level 1:colcon.colcon_core.environment:checking '/home/chrisrvt/projects/Implementation_of_Intelligent_Robotics/mobile_land_robots/install/ros2_bubble_rob/bin'
[0.385s] Level 1:colcon.colcon_core.environment:checking '/home/chrisrvt/projects/Implementation_of_Intelligent_Robotics/mobile_land_robots/install/ros2_bubble_rob/lib/pkgconfig/ros2_bubble_rob.pc'
[0.385s] Level 1:colcon.colcon_core.environment:checking '/home/chrisrvt/projects/Implementation_of_Intelligent_Robotics/mobile_land_robots/install/ros2_bubble_rob/lib/python3.10/site-packages'
[0.385s] Level 1:colcon.colcon_core.environment:checking '/home/chrisrvt/projects/Implementation_of_Intelligent_Robotics/mobile_land_robots/install/ros2_bubble_rob/bin'
[0.386s] INFO:colcon.colcon_core.shell:Creating package script '/home/chrisrvt/projects/Implementation_of_Intelligent_Robotics/mobile_land_robots/install/ros2_bubble_rob/share/ros2_bubble_rob/package.ps1'
[0.386s] INFO:colcon.colcon_core.shell:Creating package descriptor '/home/chrisrvt/projects/Implementation_of_Intelligent_Robotics/mobile_land_robots/install/ros2_bubble_rob/share/ros2_bubble_rob/package.dsv'
[0.386s] INFO:colcon.colcon_core.shell:Creating package script '/home/chrisrvt/projects/Implementation_of_Intelligent_Robotics/mobile_land_robots/install/ros2_bubble_rob/share/ros2_bubble_rob/package.sh'
[0.387s] INFO:colcon.colcon_core.shell:Creating package script '/home/chrisrvt/projects/Implementation_of_Intelligent_Robotics/mobile_land_robots/install/ros2_bubble_rob/share/ros2_bubble_rob/package.bash'
[0.387s] INFO:colcon.colcon_core.shell:Creating package script '/home/chrisrvt/projects/Implementation_of_Intelligent_Robotics/mobile_land_robots/install/ros2_bubble_rob/share/ros2_bubble_rob/package.zsh'
[0.388s] Level 1:colcon.colcon_core.environment:create_file_with_runtime_dependencies(/home/chrisrvt/projects/Implementation_of_Intelligent_Robotics/mobile_land_robots/install/ros2_bubble_rob/share/colcon-core/packages/ros2_bubble_rob)
[0.388s] Level 1:colcon.colcon_core.environment:create_environment_scripts_only(ros2_bubble_rob)
[0.388s] Level 1:colcon.colcon_core.environment:checking '/home/chrisrvt/projects/Implementation_of_Intelligent_Robotics/mobile_land_robots/install/ros2_bubble_rob' for CMake module files
[0.388s] Level 1:colcon.colcon_core.environment:checking '/home/chrisrvt/projects/Implementation_of_Intelligent_Robotics/mobile_land_robots/install/ros2_bubble_rob' for CMake config files
[0.389s] Level 1:colcon.colcon_core.shell:create_environment_hook('ros2_bubble_rob', 'cmake_prefix_path')
[0.389s] INFO:colcon.colcon_core.shell:Creating environment hook '/home/chrisrvt/projects/Implementation_of_Intelligent_Robotics/mobile_land_robots/install/ros2_bubble_rob/share/ros2_bubble_rob/hook/cmake_prefix_path.ps1'
[0.389s] INFO:colcon.colcon_core.shell:Creating environment descriptor '/home/chrisrvt/projects/Implementation_of_Intelligent_Robotics/mobile_land_robots/install/ros2_bubble_rob/share/ros2_bubble_rob/hook/cmake_prefix_path.dsv'
[0.389s] INFO:colcon.colcon_core.shell:Creating environment hook '/home/chrisrvt/projects/Implementation_of_Intelligent_Robotics/mobile_land_robots/install/ros2_bubble_rob/share/ros2_bubble_rob/hook/cmake_prefix_path.sh'
[0.389s] Level 1:colcon.colcon_core.environment:checking '/home/chrisrvt/projects/Implementation_of_Intelligent_Robotics/mobile_land_robots/install/ros2_bubble_rob/lib'
[0.389s] Level 1:colcon.colcon_core.environment:checking '/home/chrisrvt/projects/Implementation_of_Intelligent_Robotics/mobile_land_robots/install/ros2_bubble_rob/bin'
[0.390s] Level 1:colcon.colcon_core.environment:checking '/home/chrisrvt/projects/Implementation_of_Intelligent_Robotics/mobile_land_robots/install/ros2_bubble_rob/lib/pkgconfig/ros2_bubble_rob.pc'
[0.390s] Level 1:colcon.colcon_core.environment:checking '/home/chrisrvt/projects/Implementation_of_Intelligent_Robotics/mobile_land_robots/install/ros2_bubble_rob/lib/python3.10/site-packages'
[0.390s] Level 1:colcon.colcon_core.environment:checking '/home/chrisrvt/projects/Implementation_of_Intelligent_Robotics/mobile_land_robots/install/ros2_bubble_rob/bin'
[0.390s] INFO:colcon.colcon_core.shell:Creating package script '/home/chrisrvt/projects/Implementation_of_Intelligent_Robotics/mobile_land_robots/install/ros2_bubble_rob/share/ros2_bubble_rob/package.ps1'
[0.390s] INFO:colcon.colcon_core.shell:Creating package descriptor '/home/chrisrvt/projects/Implementation_of_Intelligent_Robotics/mobile_land_robots/install/ros2_bubble_rob/share/ros2_bubble_rob/package.dsv'
[0.391s] INFO:colcon.colcon_core.shell:Creating package script '/home/chrisrvt/projects/Implementation_of_Intelligent_Robotics/mobile_land_robots/install/ros2_bubble_rob/share/ros2_bubble_rob/package.sh'
[0.391s] INFO:colcon.colcon_core.shell:Creating package script '/home/chrisrvt/projects/Implementation_of_Intelligent_Robotics/mobile_land_robots/install/ros2_bubble_rob/share/ros2_bubble_rob/package.bash'
[0.391s] INFO:colcon.colcon_core.shell:Creating package script '/home/chrisrvt/projects/Implementation_of_Intelligent_Robotics/mobile_land_robots/install/ros2_bubble_rob/share/ros2_bubble_rob/package.zsh'
[0.391s] Level 1:colcon.colcon_core.environment:create_file_with_runtime_dependencies(/home/chrisrvt/projects/Implementation_of_Intelligent_Robotics/mobile_land_robots/install/ros2_bubble_rob/share/colcon-core/packages/ros2_bubble_rob)
[0.396s] DEBUG:colcon.colcon_core.event_handler.log_command:Invoked command in '/home/chrisrvt/projects/Implementation_of_Intelligent_Robotics/mobile_land_robots/build/sim_ros2_interface' returned '0': CMAKE_PREFIX_PATH=${CMAKE_PREFIX_PATH}:/home/chrisrvt/projects/Implementation_of_Intelligent_Robotics/mobile_land_robots/install/coppelia_sim_ros2:/home/chrisrvt/projects/Implementation_of_Intelligent_Robotics/challenge/install/puzzlebot_control:/home/chrisrvt/projects/Implementation_of_Intelligent_Robotics/challenge/install/motor_control:/home/chrisrvt/projects/Implementation_of_Intelligent_Robotics/challenge/install/differential_drive:/opt/ros/humble PS1=(intelligent_robotics__venv) \[\e]0;\u@\h: \w\a\]${debian_chroot:+($debian_chroot)}\[\033[01;32m\]\u@\h\[\033[00m\]:\[\033[01;34m\]\w\[\033[00m\]\$ VIRTUAL_ENV_PROMPT=(intelligent_robotics__venv) /opt/st/stm32cubeclt_1.18.0/CMake/bin/cmake --build /home/chrisrvt/projects/Implementation_of_Intelligent_Robotics/mobile_land_robots/build/sim_ros2_interface -- -j20 -l20
[0.397s] DEBUG:colcon.colcon_core.event_handler.log_command:Invoking command in '/home/chrisrvt/projects/Implementation_of_Intelligent_Robotics/mobile_land_robots/build/sim_ros2_interface': CMAKE_PREFIX_PATH=${CMAKE_PREFIX_PATH}:/home/chrisrvt/projects/Implementation_of_Intelligent_Robotics/mobile_land_robots/install/coppelia_sim_ros2:/home/chrisrvt/projects/Implementation_of_Intelligent_Robotics/challenge/install/puzzlebot_control:/home/chrisrvt/projects/Implementation_of_Intelligent_Robotics/challenge/install/motor_control:/home/chrisrvt/projects/Implementation_of_Intelligent_Robotics/challenge/install/differential_drive:/opt/ros/humble PS1=(intelligent_robotics__venv) \[\e]0;\u@\h: \w\a\]${debian_chroot:+($debian_chroot)}\[\033[01;32m\]\u@\h\[\033[00m\]:\[\033[01;34m\]\w\[\033[00m\]\$ VIRTUAL_ENV_PROMPT=(intelligent_robotics__venv) /opt/st/stm32cubeclt_1.18.0/CMake/bin/cmake --install /home/chrisrvt/projects/Implementation_of_Intelligent_Robotics/mobile_land_robots/build/sim_ros2_interface
[0.405s] Level 1:colcon.colcon_core.environment:create_environment_scripts_only(sim_ros2_interface)
[0.405s] Level 1:colcon.colcon_core.environment:checking '/home/chrisrvt/projects/Implementation_of_Intelligent_Robotics/mobile_land_robots/install/sim_ros2_interface' for CMake module files
[0.406s] DEBUG:colcon.colcon_core.event_handler.log_command:Invoked command in '/home/chrisrvt/projects/Implementation_of_Intelligent_Robotics/mobile_land_robots/build/sim_ros2_interface' returned '0': CMAKE_PREFIX_PATH=${CMAKE_PREFIX_PATH}:/home/chrisrvt/projects/Implementation_of_Intelligent_Robotics/mobile_land_robots/install/coppelia_sim_ros2:/home/chrisrvt/projects/Implementation_of_Intelligent_Robotics/challenge/install/puzzlebot_control:/home/chrisrvt/projects/Implementation_of_Intelligent_Robotics/challenge/install/motor_control:/home/chrisrvt/projects/Implementation_of_Intelligent_Robotics/challenge/install/differential_drive:/opt/ros/humble PS1=(intelligent_robotics__venv) \[\e]0;\u@\h: \w\a\]${debian_chroot:+($debian_chroot)}\[\033[01;32m\]\u@\h\[\033[00m\]:\[\033[01;34m\]\w\[\033[00m\]\$ VIRTUAL_ENV_PROMPT=(intelligent_robotics__venv) /opt/st/stm32cubeclt_1.18.0/CMake/bin/cmake --install /home/chrisrvt/projects/Implementation_of_Intelligent_Robotics/mobile_land_robots/build/sim_ros2_interface
[0.406s] Level 1:colcon.colcon_core.environment:checking '/home/chrisrvt/projects/Implementation_of_Intelligent_Robotics/mobile_land_robots/install/sim_ros2_interface' for CMake config files
[0.406s] Level 1:colcon.colcon_core.shell:create_environment_hook('sim_ros2_interface', 'cmake_prefix_path')
[0.406s] INFO:colcon.colcon_core.shell:Creating environment hook '/home/chrisrvt/projects/Implementation_of_Intelligent_Robotics/mobile_land_robots/install/sim_ros2_interface/share/sim_ros2_interface/hook/cmake_prefix_path.ps1'
[0.407s] INFO:colcon.colcon_core.shell:Creating environment descriptor '/home/chrisrvt/projects/Implementation_of_Intelligent_Robotics/mobile_land_robots/install/sim_ros2_interface/share/sim_ros2_interface/hook/cmake_prefix_path.dsv'
[0.407s] INFO:colcon.colcon_core.shell:Creating environment hook '/home/chrisrvt/projects/Implementation_of_Intelligent_Robotics/mobile_land_robots/install/sim_ros2_interface/share/sim_ros2_interface/hook/cmake_prefix_path.sh'
[0.407s] Level 1:colcon.colcon_core.environment:checking '/home/chrisrvt/projects/Implementation_of_Intelligent_Robotics/mobile_land_robots/install/sim_ros2_interface/bin'
[0.407s] Level 1:colcon.colcon_core.environment:checking '/home/chrisrvt/projects/Implementation_of_Intelligent_Robotics/mobile_land_robots/install/sim_ros2_interface/lib/pkgconfig/sim_ros2_interface.pc'
[0.407s] Level 1:colcon.colcon_core.environment:checking '/home/chrisrvt/projects/Implementation_of_Intelligent_Robotics/mobile_land_robots/install/sim_ros2_interface/lib/python3.10/site-packages'
[0.408s] Level 1:colcon.colcon_core.environment:checking '/home/chrisrvt/projects/Implementation_of_Intelligent_Robotics/mobile_land_robots/install/sim_ros2_interface/bin'
[0.408s] INFO:colcon.colcon_core.shell:Creating package script '/home/chrisrvt/projects/Implementation_of_Intelligent_Robotics/mobile_land_robots/install/sim_ros2_interface/share/sim_ros2_interface/package.ps1'
[0.408s] INFO:colcon.colcon_core.shell:Creating package descriptor '/home/chrisrvt/projects/Implementation_of_Intelligent_Robotics/mobile_land_robots/install/sim_ros2_interface/share/sim_ros2_interface/package.dsv'
[0.408s] INFO:colcon.colcon_core.shell:Creating package script '/home/chrisrvt/projects/Implementation_of_Intelligent_Robotics/mobile_land_robots/install/sim_ros2_interface/share/sim_ros2_interface/package.sh'
[0.409s] INFO:colcon.colcon_core.shell:Creating package script '/home/chrisrvt/projects/Implementation_of_Intelligent_Robotics/mobile_land_robots/install/sim_ros2_interface/share/sim_ros2_interface/package.bash'
[0.409s] INFO:colcon.colcon_core.shell:Creating package script '/home/chrisrvt/projects/Implementation_of_Intelligent_Robotics/mobile_land_robots/install/sim_ros2_interface/share/sim_ros2_interface/package.zsh'
[0.409s] Level 1:colcon.colcon_core.environment:create_file_with_runtime_dependencies(/home/chrisrvt/projects/Implementation_of_Intelligent_Robotics/mobile_land_robots/install/sim_ros2_interface/share/colcon-core/packages/sim_ros2_interface)
[0.409s] Level 1:colcon.colcon_core.environment:create_environment_scripts_only(sim_ros2_interface)
[0.409s] Level 1:colcon.colcon_core.environment:checking '/home/chrisrvt/projects/Implementation_of_Intelligent_Robotics/mobile_land_robots/install/sim_ros2_interface' for CMake module files
[0.410s] Level 1:colcon.colcon_core.environment:checking '/home/chrisrvt/projects/Implementation_of_Intelligent_Robotics/mobile_land_robots/install/sim_ros2_interface' for CMake config files
[0.410s] Level 1:colcon.colcon_core.shell:create_environment_hook('sim_ros2_interface', 'cmake_prefix_path')
[0.410s] INFO:colcon.colcon_core.shell:Creating environment hook '/home/chrisrvt/projects/Implementation_of_Intelligent_Robotics/mobile_land_robots/install/sim_ros2_interface/share/sim_ros2_interface/hook/cmake_prefix_path.ps1'
[0.410s] INFO:colcon.colcon_core.shell:Creating environment descriptor '/home/chrisrvt/projects/Implementation_of_Intelligent_Robotics/mobile_land_robots/install/sim_ros2_interface/share/sim_ros2_interface/hook/cmake_prefix_path.dsv'
[0.410s] INFO:colcon.colcon_core.shell:Creating environment hook '/home/chrisrvt/projects/Implementation_of_Intelligent_Robotics/mobile_land_robots/install/sim_ros2_interface/share/sim_ros2_interface/hook/cmake_prefix_path.sh'
[0.411s] Level 1:colcon.colcon_core.environment:checking '/home/chrisrvt/projects/Implementation_of_Intelligent_Robotics/mobile_land_robots/install/sim_ros2_interface/bin'
[0.411s] Level 1:colcon.colcon_core.environment:checking '/home/chrisrvt/projects/Implementation_of_Intelligent_Robotics/mobile_land_robots/install/sim_ros2_interface/lib/pkgconfig/sim_ros2_interface.pc'
[0.411s] Level 1:colcon.colcon_core.environment:checking '/home/chrisrvt/projects/Implementation_of_Intelligent_Robotics/mobile_land_robots/install/sim_ros2_interface/lib/python3.10/site-packages'
[0.411s] Level 1:colcon.colcon_core.environment:checking '/home/chrisrvt/projects/Implementation_of_Intelligent_Robotics/mobile_land_robots/install/sim_ros2_interface/bin'
[0.411s] INFO:colcon.colcon_core.shell:Creating package script '/home/chrisrvt/projects/Implementation_of_Intelligent_Robotics/mobile_land_robots/install/sim_ros2_interface/share/sim_ros2_interface/package.ps1'
[0.412s] INFO:colcon.colcon_core.shell:Creating package descriptor '/home/chrisrvt/projects/Implementation_of_Intelligent_Robotics/mobile_land_robots/install/sim_ros2_interface/share/sim_ros2_interface/package.dsv'
[0.412s] INFO:colcon.colcon_core.shell:Creating package script '/home/chrisrvt/projects/Implementation_of_Intelligent_Robotics/mobile_land_robots/install/sim_ros2_interface/share/sim_ros2_interface/package.sh'
[0.412s] INFO:colcon.colcon_core.shell:Creating package script '/home/chrisrvt/projects/Implementation_of_Intelligent_Robotics/mobile_land_robots/install/sim_ros2_interface/share/sim_ros2_interface/package.bash'
[0.413s] INFO:colcon.colcon_core.shell:Creating package script '/home/chrisrvt/projects/Implementation_of_Intelligent_Robotics/mobile_land_robots/install/sim_ros2_interface/share/sim_ros2_interface/package.zsh'
[0.413s] Level 1:colcon.colcon_core.environment:create_file_with_runtime_dependencies(/home/chrisrvt/projects/Implementation_of_Intelligent_Robotics/mobile_land_robots/install/sim_ros2_interface/share/colcon-core/packages/sim_ros2_interface)
[0.771s] DEBUG:colcon.colcon_core.event_handler.log_command:Invoking command in '/home/chrisrvt/projects/Implementation_of_Intelligent_Robotics/mobile_land_robots/src/coppelia_sim_ros2': PS1=(intelligent_robotics__venv) \[\e]0;\u@\h: \w\a\]${debian_chroot:+($debian_chroot)}\[\033[01;32m\]\u@\h\[\033[00m\]:\[\033[01;34m\]\w\[\033[00m\]\$ PYTHONPATH=/home/chrisrvt/projects/Implementation_of_Intelligent_Robotics/mobile_land_robots/build/coppelia_sim_ros2/prefix_override:/usr/lib/python3/dist-packages/colcon_core/task/python/colcon_distutils_commands:/home/chrisrvt/projects/Implementation_of_Intelligent_Robotics/mobile_land_robots/install/coppelia_sim_ros2/lib/python3.10/site-packages:${PYTHONPATH} VIRTUAL_ENV_PROMPT=(intelligent_robotics__venv) /usr/bin/python3 -W ignore:setup.py install is deprecated -W ignore:easy_install command is deprecated setup.py egg_info --egg-base ../../build/coppelia_sim_ros2 build --build-base /home/chrisrvt/projects/Implementation_of_Intelligent_Robotics/mobile_land_robots/build/coppelia_sim_ros2/build install --record /home/chrisrvt/projects/Implementation_of_Intelligent_Robotics/mobile_land_robots/build/coppelia_sim_ros2/install.log --single-version-externally-managed install_data
[1.107s] Level 1:colcon.colcon_core.environment:checking '/home/chrisrvt/projects/Implementation_of_Intelligent_Robotics/mobile_land_robots/install/coppelia_sim_ros2' for CMake module files
[1.108s] DEBUG:colcon.colcon_core.event_handler.log_command:Invoked command in '/home/chrisrvt/projects/Implementation_of_Intelligent_Robotics/mobile_land_robots/src/coppelia_sim_ros2' returned '0': PS1=(intelligent_robotics__venv) \[\e]0;\u@\h: \w\a\]${debian_chroot:+($debian_chroot)}\[\033[01;32m\]\u@\h\[\033[00m\]:\[\033[01;34m\]\w\[\033[00m\]\$ PYTHONPATH=/home/chrisrvt/projects/Implementation_of_Intelligent_Robotics/mobile_land_robots/build/coppelia_sim_ros2/prefix_override:/usr/lib/python3/dist-packages/colcon_core/task/python/colcon_distutils_commands:/home/chrisrvt/projects/Implementation_of_Intelligent_Robotics/mobile_land_robots/install/coppelia_sim_ros2/lib/python3.10/site-packages:${PYTHONPATH} VIRTUAL_ENV_PROMPT=(intelligent_robotics__venv) /usr/bin/python3 -W ignore:setup.py install is deprecated -W ignore:easy_install command is deprecated setup.py egg_info --egg-base ../../build/coppelia_sim_ros2 build --build-base /home/chrisrvt/projects/Implementation_of_Intelligent_Robotics/mobile_land_robots/build/coppelia_sim_ros2/build install --record /home/chrisrvt/projects/Implementation_of_Intelligent_Robotics/mobile_land_robots/build/coppelia_sim_ros2/install.log --single-version-externally-managed install_data
[1.108s] Level 1:colcon.colcon_core.environment:checking '/home/chrisrvt/projects/Implementation_of_Intelligent_Robotics/mobile_land_robots/install/coppelia_sim_ros2' for CMake config files
[1.108s] Level 1:colcon.colcon_core.environment:checking '/home/chrisrvt/projects/Implementation_of_Intelligent_Robotics/mobile_land_robots/install/coppelia_sim_ros2/lib'
[1.108s] Level 1:colcon.colcon_core.environment:checking '/home/chrisrvt/projects/Implementation_of_Intelligent_Robotics/mobile_land_robots/install/coppelia_sim_ros2/bin'
[1.108s] Level 1:colcon.colcon_core.environment:checking '/home/chrisrvt/projects/Implementation_of_Intelligent_Robotics/mobile_land_robots/install/coppelia_sim_ros2/lib/pkgconfig/coppelia_sim_ros2.pc'
[1.109s] Level 1:colcon.colcon_core.environment:checking '/home/chrisrvt/projects/Implementation_of_Intelligent_Robotics/mobile_land_robots/install/coppelia_sim_ros2/lib/python3.10/site-packages'
[1.109s] Level 1:colcon.colcon_core.shell:create_environment_hook('coppelia_sim_ros2', 'pythonpath')
[1.109s] INFO:colcon.colcon_core.shell:Creating environment hook '/home/chrisrvt/projects/Implementation_of_Intelligent_Robotics/mobile_land_robots/install/coppelia_sim_ros2/share/coppelia_sim_ros2/hook/pythonpath.ps1'
[1.109s] INFO:colcon.colcon_core.shell:Creating environment descriptor '/home/chrisrvt/projects/Implementation_of_Intelligent_Robotics/mobile_land_robots/install/coppelia_sim_ros2/share/coppelia_sim_ros2/hook/pythonpath.dsv'
[1.109s] INFO:colcon.colcon_core.shell:Creating environment hook '/home/chrisrvt/projects/Implementation_of_Intelligent_Robotics/mobile_land_robots/install/coppelia_sim_ros2/share/coppelia_sim_ros2/hook/pythonpath.sh'
[1.110s] Level 1:colcon.colcon_core.environment:checking '/home/chrisrvt/projects/Implementation_of_Intelligent_Robotics/mobile_land_robots/install/coppelia_sim_ros2/bin'
[1.110s] Level 1:colcon.colcon_core.environment:create_environment_scripts_only(coppelia_sim_ros2)
[1.110s] INFO:colcon.colcon_core.shell:Creating package script '/home/chrisrvt/projects/Implementation_of_Intelligent_Robotics/mobile_land_robots/install/coppelia_sim_ros2/share/coppelia_sim_ros2/package.ps1'
[1.110s] INFO:colcon.colcon_core.shell:Creating package descriptor '/home/chrisrvt/projects/Implementation_of_Intelligent_Robotics/mobile_land_robots/install/coppelia_sim_ros2/share/coppelia_sim_ros2/package.dsv'
[1.111s] INFO:colcon.colcon_core.shell:Creating package script '/home/chrisrvt/projects/Implementation_of_Intelligent_Robotics/mobile_land_robots/install/coppelia_sim_ros2/share/coppelia_sim_ros2/package.sh'
[1.111s] INFO:colcon.colcon_core.shell:Creating package script '/home/chrisrvt/projects/Implementation_of_Intelligent_Robotics/mobile_land_robots/install/coppelia_sim_ros2/share/coppelia_sim_ros2/package.bash'
[1.111s] INFO:colcon.colcon_core.shell:Creating package script '/home/chrisrvt/projects/Implementation_of_Intelligent_Robotics/mobile_land_robots/install/coppelia_sim_ros2/share/coppelia_sim_ros2/package.zsh'
[1.111s] Level 1:colcon.colcon_core.environment:create_file_with_runtime_dependencies(/home/chrisrvt/projects/Implementation_of_Intelligent_Robotics/mobile_land_robots/install/coppelia_sim_ros2/share/colcon-core/packages/coppelia_sim_ros2)
[1.112s] DEBUG:colcon.colcon_parallel_executor.executor.parallel:closing loop
[1.112s] DEBUG:colcon.colcon_parallel_executor.executor.parallel:loop closed
[1.112s] DEBUG:colcon.colcon_parallel_executor.executor.parallel:run_until_complete finished with '0'
[1.112s] DEBUG:colcon.colcon_core.event_reactor:joining thread
[1.115s] INFO:colcon.colcon_core.plugin_system:Skipping extension 'colcon_notification.desktop_notification.terminal_notifier': Not used on non-Darwin systems
[1.115s] INFO:colcon.colcon_core.plugin_system:Skipping extension 'colcon_notification.desktop_notification.win32': Not used on non-Windows systems
[1.115s] INFO:colcon.colcon_notification.desktop_notification:Sending desktop notification using 'notify2'
[1.124s] DEBUG:colcon.colcon_core.event_reactor:joined thread
[1.124s] INFO:colcon.colcon_core.shell:Creating prefix script '/home/chrisrvt/projects/Implementation_of_Intelligent_Robotics/mobile_land_robots/install/local_setup.ps1'
[1.125s] INFO:colcon.colcon_core.shell:Creating prefix util module '/home/chrisrvt/projects/Implementation_of_Intelligent_Robotics/mobile_land_robots/install/_local_setup_util_ps1.py'
[1.134s] INFO:colcon.colcon_core.shell:Creating prefix chain script '/home/chrisrvt/projects/Implementation_of_Intelligent_Robotics/mobile_land_robots/install/setup.ps1'
[1.135s] INFO:colcon.colcon_core.shell:Creating prefix script '/home/chrisrvt/projects/Implementation_of_Intelligent_Robotics/mobile_land_robots/install/local_setup.sh'
[1.136s] INFO:colcon.colcon_core.shell:Creating prefix util module '/home/chrisrvt/projects/Implementation_of_Intelligent_Robotics/mobile_land_robots/install/_local_setup_util_sh.py'
[1.136s] INFO:colcon.colcon_core.shell:Creating prefix chain script '/home/chrisrvt/projects/Implementation_of_Intelligent_Robotics/mobile_land_robots/install/setup.sh'
[1.137s] INFO:colcon.colcon_core.shell:Creating prefix script '/home/chrisrvt/projects/Implementation_of_Intelligent_Robotics/mobile_land_robots/install/local_setup.bash'
[1.137s] INFO:colcon.colcon_core.shell:Creating prefix chain script '/home/chrisrvt/projects/Implementation_of_Intelligent_Robotics/mobile_land_robots/install/setup.bash'
[1.138s] INFO:colcon.colcon_core.shell:Creating prefix script '/home/chrisrvt/projects/Implementation_of_Intelligent_Robotics/mobile_land_robots/install/local_setup.zsh'
[1.138s] INFO:colcon.colcon_core.shell:Creating prefix chain script '/home/chrisrvt/projects/Implementation_of_Intelligent_Robotics/mobile_land_robots/install/setup.zsh'
