[0.146s] Invoking command in '/home/chrisrvt/projects/Implementation_of_Intelligent_Robotics/mobile_land_robots/build/sim_ros2_interface': CMAKE_PREFIX_PATH=${CMAKE_PREFIX_PATH}:/home/chrisrvt/projects/Implementation_of_Intelligent_Robotics/challenge/install/puzzlebot_control:/home/chrisrvt/projects/Implementation_of_Intelligent_Robotics/challenge/install/motor_control:/home/chrisrvt/projects/Implementation_of_Intelligent_Robotics/challenge/install/differential_drive:/opt/ros/humble /opt/st/stm32cubeclt_1.18.0/CMake/bin/cmake /home/chrisrvt/projects/Implementation_of_Intelligent_Robotics/mobile_land_robots/src/simROS2 -DCMAKE_INSTALL_PREFIX=/home/chrisrvt/projects/Implementation_of_Intelligent_Robotics/mobile_land_robots/install/sim_ros2_interface
[0.153s] -- Found ament_cmake: 1.3.11 (/opt/ros/humble/share/ament_cmake/cmake)
[0.307s] -- Found ament_cmake_ros: 0.10.0 (/opt/ros/humble/share/ament_cmake_ros/cmake)
[0.309s] -- Found diagnostic_msgs: 4.8.0 (/opt/ros/humble/share/diagnostic_msgs/cmake)
[0.330s] -- Found rosidl_generator_c: 3.1.6 (/opt/ros/humble/share/rosidl_generator_c/cmake)
[0.332s] -- Found rosidl_adapter: 3.1.6 (/opt/ros/humble/share/rosidl_adapter/cmake)
[0.337s] -- Found rosidl_generator_cpp: 3.1.6 (/opt/ros/humble/share/rosidl_generator_cpp/cmake)
[0.346s] -- Using all available rosidl_typesupport_c: rosidl_typesupport_fastrtps_c;rosidl_typesupport_introspection_c
[0.356s] -- Using all available rosidl_typesupport_cpp: rosidl_typesupport_fastrtps_cpp;rosidl_typesupport_introspection_cpp
[0.390s] -- Found geometry_msgs: 4.8.0 (/opt/ros/humble/share/geometry_msgs/cmake)
[0.402s] -- Found lifecycle_msgs: 1.2.1 (/opt/ros/humble/share/lifecycle_msgs/cmake)
[0.410s] -- Found map_msgs: 2.1.0 (/opt/ros/humble/share/map_msgs/cmake)
[0.464s] -- Found pendulum_msgs: 0.20.5 (/opt/ros/humble/share/pendulum_msgs/cmake)
[0.474s] -- Found rosgraph_msgs: 1.2.1 (/opt/ros/humble/share/rosgraph_msgs/cmake)
[0.484s] -- Found shape_msgs: 4.8.0 (/opt/ros/humble/share/shape_msgs/cmake)
[0.497s] -- Found stereo_msgs: 4.8.0 (/opt/ros/humble/share/stereo_msgs/cmake)
[0.513s] -- Found tf2_geometry_msgs: 0.25.12 (/opt/ros/humble/share/tf2_geometry_msgs/cmake)
[0.515s] -- Found eigen3_cmake_module: 0.1.1 (/opt/ros/humble/share/eigen3_cmake_module/cmake)
[0.516s] -- Ensuring Eigen3 include directory is part of orocos-kdl CMake target
[0.562s] -- Found rmw_implementation_cmake: 6.1.2 (/opt/ros/humble/share/rmw_implementation_cmake/cmake)
[0.564s] -- Found rmw_fastrtps_cpp: 6.2.7 (/opt/ros/humble/share/rmw_fastrtps_cpp/cmake)
[0.652s] -- Using RMW implementation 'rmw_fastrtps_cpp' as default
[0.736s] -- Found trajectory_msgs: 4.8.0 (/opt/ros/humble/share/trajectory_msgs/cmake)
[0.752s] -- Found visualization_msgs: 4.8.0 (/opt/ros/humble/share/visualization_msgs/cmake)
[0.772s] -- Found std_srvs: 4.8.0 (/opt/ros/humble/share/std_srvs/cmake)
[0.779s] -- Found example_interfaces: 0.9.3 (/opt/ros/humble/share/example_interfaces/cmake)
[0.793s] -- Found image_transport: 3.1.11 (/opt/ros/humble/share/image_transport/cmake)
[0.806s] -- Configuring incomplete, errors occurred!
[0.806s] [31mCMake Error at CMakeLists.txt:55 (message):
[0.806s]   Environment variable COPPELIASIM_ROOT_DIR is not set
[0.806s] 
[0.806s] [0m
[0.812s] Invoked command in '/home/chrisrvt/projects/Implementation_of_Intelligent_Robotics/mobile_land_robots/build/sim_ros2_interface' returned '1': CMAKE_PREFIX_PATH=${CMAKE_PREFIX_PATH}:/home/chrisrvt/projects/Implementation_of_Intelligent_Robotics/challenge/install/puzzlebot_control:/home/chrisrvt/projects/Implementation_of_Intelligent_Robotics/challenge/install/motor_control:/home/chrisrvt/projects/Implementation_of_Intelligent_Robotics/challenge/install/differential_drive:/opt/ros/humble /opt/st/stm32cubeclt_1.18.0/CMake/bin/cmake /home/chrisrvt/projects/Implementation_of_Intelligent_Robotics/mobile_land_robots/src/simROS2 -DCMAKE_INSTALL_PREFIX=/home/chrisrvt/projects/Implementation_of_Intelligent_Robotics/mobile_land_robots/install/sim_ros2_interface
